Script started on 2020-11-18 21:44:27-05:00 [TERM="xterm-256color" TTY="/dev/pts/2" COLUMNS="237" LINES="55"]
estern7@remote03:~/i220a/submit/lab12$ [Kestern7@remote03:~/i220a/submit/lab12$ cd exercises/sts[Kdin-char-count/
estern7@remote03:~/i220a/submit/lab12/exercises/stdin-char-count$ clear
[H[2J[3Jestern7@remote03:~/i220a/submit/lab12/exercises/stdin-char-count$ emacs stdin-char-count.c [K
[?1049h[22;0;0t[?12;25h[?1h=[H[2J[55d[K[?1l>[?12l[?25h[?1049l[23;0;0t[39;49m[?1049h[22;0;0t[?12;25h[?1h=[H[2J[54d[?25l[30m[47m-UUU:----F1  [39;49m[1m[30m[47m*scratch*   [0m[39;49m[30m[47m   All L1     (Fundamental) ----------------------------------------------------------------[39;49m
[A[2d[?12l[?25h[?12;25h[55d[?25lLoading /etc/emacs/site-start.d/00debian.el (source)...done[K[H
[?12l[?25h[?12;25h[55;33H[?25l50a2ps.el (source)...[K[H
[?12l[?25h[?12;25h[55;54H[?25ldone[H
[?12l[?25h[?12;25h[55;36H[?25lsymptote.el (source)...[H
[?12l[?25h[?12;25h[55;59H[?25ldone[H
[?12l[?25h[?12;25h[55;36H[?25lutoconf.el (source)...[K[H
[?12l[?25h[?12;25h[55;58H[?25ldone[H
[?12l[?25h[?12;25h[55;35H[?25lcmake-data.el (source)...[K[H
[?12l[?25h[?12;25h[55;60H[?25ldone[H
[?12l[?25h[?12;25h[55;35H[?25ldevhelp.el (source)...[K[H
[?12l[?25h[?12;25h[55;57H[?25ldone[H
[?12l[?25h[?12;25h[55;36H[?25lictionaries-common.el (source)...[H
[?12l[?25h[?12;25h[55;9H[?25ldebian-ispell...[K[H
[?12l[?25h[?12;25h[55;9H[?25l/var/cache/dictionaries-common/emacsen-ispell-default.el (source)...[H
[?12l[?25h[?12;25h[55;77H[?25ldone[H
[?12l[?25h[?12;25h[55;9H[?25ldebian-ispell...done[K[H
[?12l[?25h[?12;25h[55;9H[?25l/var/cache/dictionaries-common/emacsen-ispell-dicts.el (source)...[H
[?12l[?25h[?12;25h[55;75H[?25ldone[H
[?12l[?25h[?12;25h[55;10H[?25letc/emacs/site-start.d/50dictionaries-common[6P[H
[?12l[?25h[?12;25h[55;35H[?25lerlang-mode.el (source)...[K[H
[?12l[?25h[?12;25h[55;61H[?25ldone[H
[?12l[?25h[?12;25h[55;35H[?25lhaskell-mode.el (source)...[K[H
[?12l[?25h[?12;25h[55;10H[?25lusr/share/emacs/site-lisp/elpa/haskel[34@l-mode-16.1/haskell-mode-autoloads[H
[?12l[?25h[?12;25h[55;96H[?25ldone[H
[?12l[?25h[?12;25h[55;10H[?25letc/emacs/site-start.d/50haskell-mode[34P[H
[?12l[?25h[?12;25h[55;35H[?25llatex-cjk-common.el (source)...[H
[?12l[?25h[?12;25h[55;10H[?25lusr/share/emacs/site-lisp/latex-cjk-commo[9@n/cjk-enc[H
[?12l[?25h[?12;25h[55;75H[?25ldone[H
[?12l[?25h[?12;25h[55;10H[?25letc/emacs/site-start.d/50latex-cjk-common[9P[H
[?12l[?25h[?12;25h[55;45H[?25lthai.el (source)...[K[H
[?12l[?25h[?12;25h[55;64H[?25ldone[H
[?12l[?25h[?12;25h[55;35H[?25lpsvn.el (source)...[K[H
[?12l[?25h[?12;25h[55;54H[?25ldone[H
[?12l[?25h[?12;25h[55;36H[?25lython-docutils.el (source)...[H
[?12l[?25h[?12;25h[55;65H[?25ldone[H
[?12l[?25h[?12;25h[55;35H[?25ltcsh.el (source)...[K[H
[?12l[?25h[?12;25h[55;54H[?25ldone[H
[?12l[?25h[?12;25h[55;36H[?25lexlive-lang-english.el (source)...[H
[?12l[?25h[?12;25h[55;70H[?25ldone[H
[?12l[?25h[?12;25h[>0c[55d[?25lLoading /etc/emacs/site-start.d/50texlive-lang-english.el (source)...done[K[H[7mFile Edit Options Buffers Tools Lisp-Interaction Help                                                                [0m[39;49m[27m
[A
[K
[K
[K
[K
[K
[K
[K
[K
[K
[K
[K
[K
[K
[K
[K
[K
[K
[K
[K
[K
[K
[K
[K
[K
[K
[K
[K
[K
[K
[K
[K
[K
[K
[K
[K
[K
[K
[K
[K
[K
[K
[K
[K
[K
[K
[K
[K
[K
[K
[K
[K
[K
[30m[48;5;250m-UUU:----F1  [39;49m[1m[30m[48;5;250m*scratch*   [0m[39;49m[30m[48;5;250m   All L1     (Lisp Interaction ElDoc) -----------------------------------------------------[39;49m
[A[2d[?12l[?25h[?12;25h[?2004h[55d[?25lFor information about GNU Emacs and the GNU system, type C-h C-a.[K[H
[?12l[?25h[?12;25h[55d[?25lFor information about GNU Emacs and the GNU system, type C-h C-a.[K[H[7mFile Edit Options Buffers Tools C Help                                                                               [0m[39;49m[27m
[A
[38;5;60m#include[39;49m [38;5;89m<stdio.h>[39;49m[K
[K
[38;5;28mint[39;49m[K
[38;5;21mmain[39;49m([38;5;28mint[39;49m [38;5;130margc[39;49m, [38;5;129mconst[39;49m [38;5;28mchar[39;49m *[38;5;130margv[39;49m[])[K
{[K
  printf([38;5;89m"EOF = %d\n"[39;49m, EOF);[K
  [38;5;28mchar[39;49m [38;5;130mc[39;49m;[K
  [38;5;28mint[39;49m [38;5;130mcount[39;49m = 0;[K
  [38;5;129mwhile[39;49m ((c = getchar()) != EOF) count++;[K
  printf([38;5;89m"%d\n"[39;49m, count);[K
  [38;5;129mreturn[39;49m 0;[K
}[K
[K
[K
[K
[K
[K
[K
[K
[K
[K
[K
[K
[K
[K
[K
[K
[K
[K
[K
[K
[K
[K
[K
[K
[K
[K
[K
[K
[K
[K
[K
[K
[K
[K
[K
[K
[K
[K
[K
[K
[K
[30m[48;5;250m-UU-:----F1  [39;49m[1m[30m[48;5;250mstdin-char-count.c[0m[39;49m[30m[48;5;250m   All L1    Git-lab12  (C/*l Abbrev) ------------------------------------------------[39;49m
[A[2d[?12l[?25h[?12;25h[55d[K[2d[55d[?25l(No changes need to be saved)[H
[?12l[?25h[?12;25h[55d[K[2d[55d[K[?2004l[?1l>[?12l[?25h[?1049l[23;0;0t[39;49mestern7@remote03:~/i220a/submit/lab12/exercises/stdin-char-count$ emacs Makefile 
[?1049h[22;0;0t[?12;25h[?1h=[H[2J[55d[K[?1l>[?12l[?25h[?1049l[23;0;0t[39;49m[?1049h[22;0;0t[?12;25h[?1h=[H[2J[54d[?25l[30m[47m-UUU:----F1  [39;49m[1m[30m[47m*scratch*   [0m[39;49m[30m[47m   All L1     (Fundamental) ----------------------------------------------------------------[39;49m
[A[2d[?12l[?25h[?12;25h[55d[?25lLoading /etc/emacs/site-start.d/00debian.el (source)...done[K[H
[?12l[?25h[?12;25h[55;33H[?25l50a2ps.el (source)...[K[H
[?12l[?25h[?12;25h[55;54H[?25ldone[H
[?12l[?25h[?12;25h[55;36H[?25lsymptote.el (source)...[H
[?12l[?25h[?12;25h[55;59H[?25ldone[H
[?12l[?25h[?12;25h[55;36H[?25lutoconf.el (source)...[K[H
[?12l[?25h[?12;25h[55;58H[?25ldone[H
[?12l[?25h[?12;25h[55;35H[?25lcmake-data.el (source)...[K[H
[?12l[?25h[?12;25h[55;60H[?25ldone[H
[?12l[?25h[?12;25h[55;35H[?25ldevhelp.el (source)...[K[H
[?12l[?25h[?12;25h[55;57H[?25ldone[H
[?12l[?25h[?12;25h[55;36H[?25lictionaries-common.el (source)...[H
[?12l[?25h[?12;25h[55;9H[?25ldebian-ispell...[K[H
[?12l[?25h[?12;25h[55;9H[?25l/var/cache/dictionaries-common/emacsen-ispell-default.el (source)...[H
[?12l[?25h[?12;25h[55;77H[?25ldone[H
[?12l[?25h[?12;25h[55;9H[?25ldebian-ispell...done[K[H
[?12l[?25h[?12;25h[55;9H[?25l/var/cache/dictionaries-common/emacsen-ispell-dicts.el (source)...[H
[?12l[?25h[?12;25h[55;75H[?25ldone[H
[?12l[?25h[?12;25h[55;10H[?25letc/emacs/site-start.d/50dictionaries-common[6P[H
[?12l[?25h[?12;25h[55;35H[?25lerlang-mode.el (source)...[K[H
[?12l[?25h[?12;25h[55;61H[?25ldone[H
[?12l[?25h[?12;25h[55;35H[?25lhaskell-mode.el (source)...[K[H
[?12l[?25h[?12;25h[55;10H[?25lusr/share/emacs/site-lisp/elpa/haskel[34@l-mode-16.1/haskell-mode-autoloads[H
[?12l[?25h[?12;25h[55;96H[?25ldone[H
[?12l[?25h[?12;25h[55;10H[?25letc/emacs/site-start.d/50haskell-mode[34P[H
[?12l[?25h[?12;25h[55;35H[?25llatex-cjk-common.el (source)...[H
[?12l[?25h[?12;25h[55;10H[?25lusr/share/emacs/site-lisp/latex-cjk-commo[9@n/cjk-enc[H
[?12l[?25h[?12;25h[55;75H[?25ldone[H
[?12l[?25h[?12;25h[55;10H[?25letc/emacs/site-start.d/50latex-cjk-common[9P[H
[?12l[?25h[?12;25h[55;45H[?25lthai.el (source)...[K[H
[?12l[?25h[?12;25h[55;64H[?25ldone[H
[?12l[?25h[?12;25h[55;35H[?25lpsvn.el (source)...[K[H
[?12l[?25h[?12;25h[55;54H[?25ldone[H
[?12l[?25h[?12;25h[55;36H[?25lython-docutils.el (source)...[H
[?12l[?25h[?12;25h[55;65H[?25ldone[H
[?12l[?25h[?12;25h[55;35H[?25ltcsh.el (source)...[K[H
[?12l[?25h[?12;25h[55;54H[?25ldone[H
[?12l[?25h[?12;25h[55;36H[?25lexlive-lang-english.el (source)...[H
[?12l[?25h[?12;25h[55;70H[?25ldone[H
[?12l[?25h[?12;25h[>0c[55d[?25lLoading /etc/emacs/site-start.d/50texlive-lang-english.el (source)...done[K[H[7mFile Edit Options Buffers Tools Lisp-Interaction Help                                                                [0m[39;49m[27m
[A
[K
[K
[K
[K
[K
[K
[K
[K
[K
[K
[K
[K
[K
[K
[K
[K
[K
[K
[K
[K
[K
[K
[K
[K
[K
[K
[K
[K
[K
[K
[K
[K
[K
[K
[K
[K
[K
[K
[K
[K
[K
[K
[K
[K
[K
[K
[K
[K
[K
[K
[K
[K
[30m[48;5;250m-UUU:----F1  [39;49m[1m[30m[48;5;250m*scratch*   [0m[39;49m[30m[48;5;250m   All L1     (Lisp Interaction ElDoc) -----------------------------------------------------[39;49m
[A[2d[?12l[?25h[?12;25h[?2004h[55d[?25lFor information about GNU Emacs and the GNU system, type C-h C-a.[K[H
[?12l[?25h[?12;25h[55d[?25lFor information about GNU Emacs and the GNU system, type C-h C-a.[K[H[7mFile Edit Options Buffers Tools Makefile Help                                                                        [0m[39;49m[27m
[A
[38;5;130mCC[39;49m = gcc[K
[38;5;130mCFLAGS[39;49m = -g -Wall -std=c11 -funsigned-char[K
[K
[38;5;130mTARGETS[39;49m = stdin-char-count[K
[K
[38;5;21m$(TARGETS)[39;49m:[K
[K
[K
[38;5;21mclean[39;49m:[K
                rm -f $([38;5;130mTARGETS[39;49m) *.o *~[K
[K
[K
[K
[K
[K
[K
[K
[K
[K
[K
[K
[K
[K
[K
[K
[K
[K
[K
[K
[K
[K
[K
[K
[K
[K
[K
[K
[K
[K
[K
[K
[K
[K
[K
[K
[K
[K
[K
[K
[K
[K
[K
[30m[48;5;250m-UU-:----F1  [39;49m[1m[30m[48;5;250mMakefile    [0m[39;49m[30m[48;5;250m   All L1    Git-lab12  (GNUmakefile) ------------------------------------------------------[39;49m
[A[2d[?12l[?25h[?12;25h[55d[K[2d[55d[K[?2004l[?1l>[?12l[?25h[?1049l[23;0;0t[39;49mestern7@remote03:~/i220a/submit/lab12/exercises/stdin-char-count$ ./stdin[K[K[K[K[K[K[Kmake
gcc -g -Wall -std=c11 -funsigned-char    stdin-char-count.c   -o stdin-char-count
estern7@remote03:~/i220a/submit/lab12/exercises/stdin-char-count$ ./stdin-char-count < stdin-char-count.c
EOF = -1
^C
estern7@remote03:~/i220a/submit/lab12/exercises/stdin-char-count$ emacs stdin-char-count.c
[?1049h[22;0;0t[?12;25h[?1h=[H[2J[55d[K[?1l>[?12l[?25h[?1049l[23;0;0t[39;49m[?1049h[22;0;0t[?12;25h[?1h=[H[2J[54d[?25l[30m[47m-UUU:----F1  [39;49m[1m[30m[47m*scratch*   [0m[39;49m[30m[47m   All L1     (Fundamental) ----------------------------------------------------------------[39;49m
[A[2d[?12l[?25h[?12;25h[55d[?25lLoading /etc/emacs/site-start.d/00debian.el (source)...done[K[H
[?12l[?25h[?12;25h[55;33H[?25l50a2ps.el (source)...[K[H
[?12l[?25h[?12;25h[55;54H[?25ldone[H
[?12l[?25h[?12;25h[55;36H[?25lsymptote.el (source)...[H
[?12l[?25h[?12;25h[55;59H[?25ldone[H
[?12l[?25h[?12;25h[55;36H[?25lutoconf.el (source)...[K[H
[?12l[?25h[?12;25h[55;58H[?25ldone[H
[?12l[?25h[?12;25h[55;35H[?25lcmake-data.el (source)...[K[H
[?12l[?25h[?12;25h[55;60H[?25ldone[H
[?12l[?25h[?12;25h[55;35H[?25ldevhelp.el (source)...[K[H
[?12l[?25h[?12;25h[55;57H[?25ldone[H
[?12l[?25h[?12;25h[55;36H[?25lictionaries-common.el (source)...[H
[?12l[?25h[?12;25h[55;9H[?25ldebian-ispell...[K[H
[?12l[?25h[?12;25h[55;9H[?25l/var/cache/dictionaries-common/emacsen-ispell-default.el (source)...[H
[?12l[?25h[?12;25h[55;77H[?25ldone[H
[?12l[?25h[?12;25h[55;9H[?25ldebian-ispell...done[K[H
[?12l[?25h[?12;25h[55;9H[?25l/var/cache/dictionaries-common/emacsen-ispell-dicts.el (source)...[H
[?12l[?25h[?12;25h[55;75H[?25ldone[H
[?12l[?25h[?12;25h[55;10H[?25letc/emacs/site-start.d/50dictionaries-common[6P[H
[?12l[?25h[?12;25h[55;35H[?25lerlang-mode.el (source)...[K[H
[?12l[?25h[?12;25h[55;61H[?25ldone[H
[?12l[?25h[?12;25h[55;35H[?25lhaskell-mode.el (source)...[K[H
[?12l[?25h[?12;25h[55;10H[?25lusr/share/emacs/site-lisp/elpa/haskel[34@l-mode-16.1/haskell-mode-autoloads[H
[?12l[?25h[?12;25h[55;96H[?25ldone[H
[?12l[?25h[?12;25h[55;10H[?25letc/emacs/site-start.d/50haskell-mode[34P[H
[?12l[?25h[?12;25h[55;35H[?25llatex-cjk-common.el (source)...[H
[?12l[?25h[?12;25h[55;10H[?25lusr/share/emacs/site-lisp/latex-cjk-commo[9@n/cjk-enc[H
[?12l[?25h[?12;25h[55;75H[?25ldone[H
[?12l[?25h[?12;25h[55;10H[?25letc/emacs/site-start.d/50latex-cjk-common[9P[H
[?12l[?25h[?12;25h[55;45H[?25lthai.el (source)...[K[H
[?12l[?25h[?12;25h[55;64H[?25ldone[H
[?12l[?25h[?12;25h[55;35H[?25lpsvn.el (source)...[K[H
[?12l[?25h[?12;25h[55;54H[?25ldone[H
[?12l[?25h[?12;25h[55;36H[?25lython-docutils.el (source)...[H
[?12l[?25h[?12;25h[55;65H[?25ldone[H
[?12l[?25h[?12;25h[55;35H[?25ltcsh.el (source)...[K[H
[?12l[?25h[?12;25h[55;54H[?25ldone[H
[?12l[?25h[?12;25h[55;36H[?25lexlive-lang-english.el (source)...[H
[?12l[?25h[?12;25h[55;70H[?25ldone[H
[?12l[?25h[?12;25h[>0c[55d[?25lLoading /etc/emacs/site-start.d/50texlive-lang-english.el (source)...done[K[H[7mFile Edit Options Buffers Tools Lisp-Interaction Help                                                                [0m[39;49m[27m
[A
[K
[K
[K
[K
[K
[K
[K
[K
[K
[K
[K
[K
[K
[K
[K
[K
[K
[K
[K
[K
[K
[K
[K
[K
[K
[K
[K
[K
[K
[K
[K
[K
[K
[K
[K
[K
[K
[K
[K
[K
[K
[K
[K
[K
[K
[K
[K
[K
[K
[K
[K
[K
[30m[48;5;250m-UUU:----F1  [39;49m[1m[30m[48;5;250m*scratch*   [0m[39;49m[30m[48;5;250m   All L1     (Lisp Interaction ElDoc) -----------------------------------------------------[39;49m
[A[2d[?12l[?25h[?12;25h[?2004h[55d[?25lFor information about GNU Emacs and the GNU system, type C-h C-a.[K[H
[?12l[?25h[?12;25h[55d[?25lFor information about GNU Emacs and the GNU system, type C-h C-a.[K[H[7mFile Edit Options Buffers Tools C Help                                                                               [0m[39;49m[27m
[A
[38;5;60m#include[39;49m [38;5;89m<stdio.h>[39;49m[K
[K
[38;5;28mint[39;49m[K
[38;5;21mmain[39;49m([38;5;28mint[39;49m [38;5;130margc[39;49m, [38;5;129mconst[39;49m [38;5;28mchar[39;49m *[38;5;130margv[39;49m[])[K
{[K
  printf([38;5;89m"EOF = %d\n"[39;49m, EOF);[K
  [38;5;28mchar[39;49m [38;5;130mc[39;49m;[K
  [38;5;28mint[39;49m [38;5;130mcount[39;49m = 0;[K
  [38;5;129mwhile[39;49m ((c = getchar()) != EOF) count++;[K
  printf([38;5;89m"%d\n"[39;49m, count);[K
  [38;5;129mreturn[39;49m 0;[K
}[K
[K
[K
[K
[K
[K
[K
[K
[K
[K
[K
[K
[K
[K
[K
[K
[K
[K
[K
[K
[K
[K
[K
[K
[K
[K
[K
[K
[K
[K
[K
[K
[K
[K
[K
[K
[K
[K
[K
[K
[K
[30m[48;5;250m-UU-:----F1  [39;49m[1m[30m[48;5;250mstdin-char-count.c[0m[39;49m[30m[48;5;250m   All L1    Git:lab12  (C/*l Abbrev) ------------------------------------------------[39;49m
[A[2d[?12l[?25h[?12;25h[55d[K[54;40H[?25l[30m[48;5;250m2[39;49m[H

[?12l[?25h[?12;25h[54;40H[?25l[30m[48;5;250m3[39;49m[4;1H[?12l[?25h[?12;25h[54;40H[?25l[30m[48;5;250m4[39;49m[5;1H[?12l[?25h[?12;25h[54;40H[?25l[30m[48;5;250m5[39;49m[6;1H[?12l[?25h[?12;25h[54;40H[?25l[30m[48;5;250m6[39;49m[7;1H[?12l[?25h[?12;25h[54;40H[?25l[30m[48;5;250m7[39;49m[8;1H[?12l[?25h[?12;25h[C[C[54;40H[?25l[30m[48;5;250m8[39;49m[9;3H[?12l[?25h[?12;25h[54;40H[?25l[30m[48;5;250m9[39;49m[10;3H[?12l[?25h[?12;25h[C[C[C[C		[C[C[54;40H[?25l[30m[48;5;250m8[39;49m[9;11H[?12l[?25h[?12;25h[54;40H[?25l[30m[48;5;250m7[39;49m[8;10H[?12l[?25h[?12;25h[54;40H[?25l[30m[48;5;250m8[39;49m[9;3H[?12l[?25h[?12;25h[54;40H[?25l[30m[48;5;250m7[39;49m[8;3H[?12l[?25h[?12;25h[?25l[38;5;28mschar[39;49m [38;5;130mc[39;49m;[54;6H[30m[48;5;250m**[39;49m[8;4H[?12l[?25h[?12;25h[?25l[38;5;28michar[39;49m [38;5;130mc[39;49m;[8;5H[?12l[?25h[?12;25h[?25l[38;5;28mgchar[39;49m [38;5;130mc[39;49m;[8;6H[?12l[?25h[?12;25h[?25l[38;5;28mnchar[39;49m [38;5;130mc[39;49m;[8;7H[?12l[?25h[?12;25h[?25l[38;5;28mechar[39;49m [38;5;130mc[39;49m;	[?12l[?25h[?12;25h[?25l[38;5;28mdchar[39;49m [38;5;130mc[39;49m;	[?12l[?25h[?12;25h[?25l [38;5;28mchar[39;49m [38;5;130mc[39;49m;[8;10H[?12l[?25h[?12;25h[55;1H[?25lSaving file /home/estern7/i220a/submit/lab12/exercises/stdin-char-count/stdin-char-count.c...[8;10H[?12l[?25h[?12;25h[55;1H[?25lWrote /home/estern7/i220a/submit/lab12/exercises/stdin-char-count/stdin-char-count.c[K[8;10H[?12l[?25h[?12;25h[54;6H[?25l[30m[48;5;250m--[39;49m[8;10H[?12l[?25h[?12;25h[55;1H[K[8;10H[55;1H[K[?2004l[?1l>[?12l[?25h[?1049l[23;0;0t[39;49mestern7@remote03:~/i220a/submit/lab12/exercises/stdin-char-count$ ^C
estern7@remote03:~/i220a/submit/lab12/exercises/stdin-char-count$ clear
[H[2J[3Jestern7@remote03:~/i220a/submit/lab12/exercises/stdin-char-count$ make
gcc -g -Wall -std=c11 -funsigned-char    stdin-char-count.c   -o stdin-char-count
estern7@remote03:~/i220a/submit/lab12/exercises/stdin-char-count$ ./ [Kstdin-char-count < stdin-char-count.c
EOF = -1
205
estern7@remote03:~/i220a/submit/lab12/exercises/stdin-char-count$ cd ..
estern7@remote03:~/i220a/submit/lab12/exercises$ cd ./file-char-count/
estern7@remote03:~/i220a/submit/lab12/exercises/file-char-count$ emacs file-char-count.c 
[?1049h[22;0;0t[?12;25h[?1h=[H[2J[55d[K[?1l>[?12l[?25h[?1049l[23;0;0t[39;49m[?1049h[22;0;0t[?12;25h[?1h=[H[2J[54d[?25l[30m[47m-UUU:----F1  [39;49m[1m[30m[47m*scratch*   [0m[39;49m[30m[47m   All L1     (Fundamental) ----------------------------------------------------------------[39;49m
[A[2d[?12l[?25h[?12;25h[55d[?25lLoading /etc/emacs/site-start.d/00debian.el (source)...done[K[H
[?12l[?25h[?12;25h[55;33H[?25l50a2ps.el (source)...[K[H
[?12l[?25h[?12;25h[55;54H[?25ldone[H
[?12l[?25h[?12;25h[55;36H[?25lsymptote.el (source)...[H
[?12l[?25h[?12;25h[55;59H[?25ldone[H
[?12l[?25h[?12;25h[55;36H[?25lutoconf.el (source)...[K[H
[?12l[?25h[?12;25h[55;58H[?25ldone[H
[?12l[?25h[?12;25h[55;35H[?25lcmake-data.el (source)...[K[H
[?12l[?25h[?12;25h[55;60H[?25ldone[H
[?12l[?25h[?12;25h[55;35H[?25ldevhelp.el (source)...[K[H
[?12l[?25h[?12;25h[55;57H[?25ldone[H
[?12l[?25h[?12;25h[55;36H[?25lictionaries-common.el (source)...[H
[?12l[?25h[?12;25h[55;9H[?25ldebian-ispell...[K[H
[?12l[?25h[?12;25h[55;9H[?25l/var/cache/dictionaries-common/emacsen-ispell-default.el (source)...[H
[?12l[?25h[?12;25h[55;77H[?25ldone[H
[?12l[?25h[?12;25h[55;9H[?25ldebian-ispell...done[K[H
[?12l[?25h[?12;25h[55;9H[?25l/var/cache/dictionaries-common/emacsen-ispell-dicts.el (source)...[H
[?12l[?25h[?12;25h[55;75H[?25ldone[H
[?12l[?25h[?12;25h[55;10H[?25letc/emacs/site-start.d/50dictionaries-common[6P[H
[?12l[?25h[?12;25h[55;35H[?25lerlang-mode.el (source)...[K[H
[?12l[?25h[?12;25h[55;61H[?25ldone[H
[?12l[?25h[?12;25h[55;35H[?25lhaskell-mode.el (source)...[K[H
[?12l[?25h[?12;25h[55;10H[?25lusr/share/emacs/site-lisp/elpa/haskel[34@l-mode-16.1/haskell-mode-autoloads[H
[?12l[?25h[?12;25h[55;96H[?25ldone[H
[?12l[?25h[?12;25h[55;10H[?25letc/emacs/site-start.d/50haskell-mode[34P[H
[?12l[?25h[?12;25h[55;35H[?25llatex-cjk-common.el (source)...[H
[?12l[?25h[?12;25h[55;10H[?25lusr/share/emacs/site-lisp/latex-cjk-commo[9@n/cjk-enc[H
[?12l[?25h[?12;25h[55;75H[?25ldone[H
[?12l[?25h[?12;25h[55;10H[?25letc/emacs/site-start.d/50latex-cjk-common[9P[H
[?12l[?25h[?12;25h[55;45H[?25lthai.el (source)...[K[H
[?12l[?25h[?12;25h[55;64H[?25ldone[H
[?12l[?25h[?12;25h[55;35H[?25lpsvn.el (source)...[K[H
[?12l[?25h[?12;25h[55;54H[?25ldone[H
[?12l[?25h[?12;25h[55;36H[?25lython-docutils.el (source)...[H
[?12l[?25h[?12;25h[55;65H[?25ldone[H
[?12l[?25h[?12;25h[55;35H[?25ltcsh.el (source)...[K[H
[?12l[?25h[?12;25h[55;54H[?25ldone[H
[?12l[?25h[?12;25h[55;36H[?25lexlive-lang-english.el (source)...[H
[?12l[?25h[?12;25h[55;70H[?25ldone[H
[?12l[?25h[?12;25h[>0c[55d[?25lLoading /etc/emacs/site-start.d/50texlive-lang-english.el (source)...done[K[H[7mFile Edit Options Buffers Tools Lisp-Interaction Help                                                                [0m[39;49m[27m
[A
[K
[K
[K
[K
[K
[K
[K
[K
[K
[K
[K
[K
[K
[K
[K
[K
[K
[K
[K
[K
[K
[K
[K
[K
[K
[K
[K
[K
[K
[K
[K
[K
[K
[K
[K
[K
[K
[K
[K
[K
[K
[K
[K
[K
[K
[K
[K
[K
[K
[K
[K
[K
[30m[48;5;250m-UUU:----F1  [39;49m[1m[30m[48;5;250m*scratch*   [0m[39;49m[30m[48;5;250m   All L1     (Lisp Interaction ElDoc) -----------------------------------------------------[39;49m
[A[2d[?12l[?25h[?12;25h[?2004h[55d[?25lFor information about GNU Emacs and the GNU system, type C-h C-a.[K[H
[?12l[?25h[?12;25h[55d[?25lFor information about GNU Emacs and the GNU system, type C-h C-a.[K[H[7mFile Edit Options Buffers Tools C Help                                                                               [0m[39;49m[27m
[A
[38;5;60m#include[39;49m [38;5;89m<errno.h>[39;49m[K
[38;5;60m#include[39;49m [38;5;89m<stdio.h>[39;49m[K
[38;5;60m#include[39;49m [38;5;89m<stdlib.h>[39;49m[K
[38;5;60m#include[39;49m [38;5;89m<string.h>[39;49m[K
[K
[38;5;124m/** Output number of chars in file specified by single command-line                                                  [39;49m
[A
[38;5;124m *  argument.                                                                                                        [39;49m
[A
[38;5;124m */[39;49m[K
[38;5;28mint[39;49m[K
[38;5;21mmain[39;49m([38;5;28mint[39;49m [38;5;130margc[39;49m, [38;5;129mconst[39;49m [38;5;28mchar[39;49m *[38;5;130margv[39;49m[])[K
{[K
  [38;5;129mif[39;49m (argc != 2) {[K
    fprintf(stderr, [38;5;89m"usage: %s FILE_NAME\n"[39;49m, argv[0]);[K
    exit(1);[K
  }[K
  [38;5;129mconst[39;49m [38;5;28mchar[39;49m *[38;5;130mfName[39;49m = argv[1];[K
  [38;5;28mFILE[39;49m *[38;5;130min[39;49m = fopen(fName, [38;5;89m"r"[39;49m);[K
  [38;5;129mif[39;49m (!in) {[K
    fprintf(stderr, [38;5;89m"cannot read %s: %s\n"[39;49m, fName, strerror(errno));[K
    exit(1);[K
  }[K
  [38;5;28mint[39;49m [38;5;130mc[39;49m;[K
  [38;5;28mint[39;49m [38;5;130mcount[39;49m = 0;[K
  [38;5;129mwhile[39;49m ((c = fgetc(in)) != EOF) count++;[K
  printf([38;5;89m"%d\n"[39;49m, count);[K
  [38;5;129mreturn[39;49m 0;[K
}[K
[K
[K
[K
[K
[K
[K
[K
[K
[K
[K
[K
[K
[K
[K
[K
[K
[K
[K
[K
[K
[K
[K
[K
[K
[K
[30m[48;5;250m-UU-:----F1  [39;49m[1m[30m[48;5;250mfile-char-count.c[0m[39;49m[30m[48;5;250m   All L1    Git-lab12  (C/*l Abbrev) -------------------------------------------------[39;49m
[A[2d[?12l[?25h[?12;25h[55d[K[54;39H[?25l[30m[48;5;250m2[39;49m[H

[?12l[?25h[?12;25h[54;39H[?25l[30m[48;5;250m3[39;49m[4;1H[?12l[?25h[?12;25h[54;39H[?25l[30m[48;5;250m4[39;49m[5;1H[?12l[?25h[?12;25h[54;39H[?25l[30m[48;5;250m5[39;49m[6;1H[?12l[?25h[?12;25h[54;39H[?25l[30m[48;5;250m6[39;49m[7;1H[?12l[?25h[?12;25h[54;39H[?25l[30m[48;5;250m7[39;49m[8;1H[?12l[?25h[?12;25h[54;39H[?25l[30m[48;5;250m8[39;49m[9;1H[?12l[?25h[?12;25h[54;39H[?25l[30m[48;5;250m9[39;49m[10;1H[?12l[?25h[?12;25h[54;39H[?25l[30m[48;5;250m10[39;49m[11;1H[?12l[?25h[?12;25h[54;40H[?25l[30m[48;5;250m1[39;49m[12;1H[?12l[?25h[?12;25h[54;40H[?25l[30m[48;5;250m2[39;49m[13;1H[?12l[?25h[?12;25h[54;40H[?25l[30m[48;5;250m3[39;49m[14;1H[?12l[?25h[?12;25h[C[C[54;40H[?25l[30m[48;5;250m4[39;49m[15;3H[?12l[?25h[?12;25h[54;40H[?25l[30m[48;5;250m5[39;49m[16;3H[?12l[?25h[?12;25h[55;1H[?25l(No changes need to be saved)[16;3H[?12l[?25h[?12;25h[55;1H[K[16;3H[55;1H[K[?2004l[?1l>[?12l[?25h[?1049l[23;0;0t[39;49mestern7@remote03:~/i220a/submit/lab12/exercises/file-char-count$ emacs file-char-count.c 
[?1049h[22;0;0t[?12;25h[?1h=[H[2J[55d[K[?1l>[?12l[?25h[?1049l[23;0;0t[39;49m[?1049h[22;0;0t[?12;25h[?1h=[H[2J[54d[?25l[30m[47m-UUU:----F1  [39;49m[1m[30m[47m*scratch*   [0m[39;49m[30m[47m   All L1     (Fundamental) ----------------------------------------------------------------[39;49m
[A[2d[?12l[?25h[?12;25h[55d[?25lLoading /etc/emacs/site-start.d/00debian.el (source)...done[K[H
[?12l[?25h[?12;25h[55;33H[?25l50a2ps.el (source)...[K[H
[?12l[?25h[?12;25h[55;54H[?25ldone[H
[?12l[?25h[?12;25h[55;36H[?25lsymptote.el (source)...[H
[?12l[?25h[?12;25h[55;59H[?25ldone[H
[?12l[?25h[?12;25h[55;36H[?25lutoconf.el (source)...[K[H
[?12l[?25h[?12;25h[55;58H[?25ldone[H
[?12l[?25h[?12;25h[55;35H[?25lcmake-data.el (source)...[K[H
[?12l[?25h[?12;25h[55;60H[?25ldone[H
[?12l[?25h[?12;25h[55;35H[?25ldevhelp.el (source)...[K[H
[?12l[?25h[?12;25h[55;57H[?25ldone[H
[?12l[?25h[?12;25h[55;36H[?25lictionaries-common.el (source)...[H
[?12l[?25h[?12;25h[55;9H[?25ldebian-ispell...[K[H
[?12l[?25h[?12;25h[55;9H[?25l/var/cache/dictionaries-common/emacsen-ispell-default.el (source)...[H
[?12l[?25h[?12;25h[55;77H[?25ldone[H
[?12l[?25h[?12;25h[55;9H[?25ldebian-ispell...done[K[H
[?12l[?25h[?12;25h[55;9H[?25l/var/cache/dictionaries-common/emacsen-ispell-dicts.el (source)...[H
[?12l[?25h[?12;25h[55;75H[?25ldone[H
[?12l[?25h[?12;25h[55;10H[?25letc/emacs/site-start.d/50dictionaries-common[6P[H
[?12l[?25h[?12;25h[55;35H[?25lerlang-mode.el (source)...[K[H
[?12l[?25h[?12;25h[55;61H[?25ldone[H
[?12l[?25h[?12;25h[55;35H[?25lhaskell-mode.el (source)...[K[H
[?12l[?25h[?12;25h[55;10H[?25lusr/share/emacs/site-lisp/elpa/haskel[34@l-mode-16.1/haskell-mode-autoloads[H
[?12l[?25h[?12;25h[55;96H[?25ldone[H
[?12l[?25h[?12;25h[55;10H[?25letc/emacs/site-start.d/50haskell-mode[34P[H
[?12l[?25h[?12;25h[55;35H[?25llatex-cjk-common.el (source)...[H
[?12l[?25h[?12;25h[55;10H[?25lusr/share/emacs/site-lisp/latex-cjk-commo[9@n/cjk-enc[H
[?12l[?25h[?12;25h[55;75H[?25ldone[H
[?12l[?25h[?12;25h[55;10H[?25letc/emacs/site-start.d/50latex-cjk-common[9P[H
[?12l[?25h[?12;25h[55;45H[?25lthai.el (source)...[K[H
[?12l[?25h[?12;25h[55;64H[?25ldone[H
[?12l[?25h[?12;25h[55;35H[?25lpsvn.el (source)...[K[H
[?12l[?25h[?12;25h[55;54H[?25ldone[H
[?12l[?25h[?12;25h[55;36H[?25lython-docutils.el (source)...[H
[?12l[?25h[?12;25h[55;65H[?25ldone[H
[?12l[?25h[?12;25h[55;35H[?25ltcsh.el (source)...[K[H
[?12l[?25h[?12;25h[55;54H[?25ldone[H
[?12l[?25h[?12;25h[55;36H[?25lexlive-lang-english.el (source)...[H
[?12l[?25h[?12;25h[55;70H[?25ldone[H
[?12l[?25h[?12;25h[>0c[55d[?25lLoading /etc/emacs/site-start.d/50texlive-lang-english.el (source)...done[K[H[7mFile Edit Options Buffers Tools Lisp-Interaction Help                                                                [0m[39;49m[27m
[A
[K
[K
[K
[K
[K
[K
[K
[K
[K
[K
[K
[K
[K
[K
[K
[K
[K
[K
[K
[K
[K
[K
[K
[K
[K
[K
[K
[K
[K
[K
[K
[K
[K
[K
[K
[K
[K
[K
[K
[K
[K
[K
[K
[K
[K
[K
[K
[K
[K
[K
[K
[K
[30m[48;5;250m-UUU:----F1  [39;49m[1m[30m[48;5;250m*scratch*   [0m[39;49m[30m[48;5;250m   All L1     (Lisp Interaction ElDoc) -----------------------------------------------------[39;49m
[A[2d[?12l[?25h[?12;25h[?2004h[55d[?25lFor information about GNU Emacs and the GNU system, type C-h C-a.[K[H
[?12l[?25h[?12;25h[55d[?25lFor information about GNU Emacs and the GNU system, type C-h C-a.[K[H[7mFile Edit Options Buffers Tools C Help                                                                               [0m[39;49m[27m
[A
[38;5;60m#include[39;49m [38;5;89m<errno.h>[39;49m[K
[38;5;60m#include[39;49m [38;5;89m<stdio.h>[39;49m[K
[38;5;60m#include[39;49m [38;5;89m<stdlib.h>[39;49m[K
[38;5;60m#include[39;49m [38;5;89m<string.h>[39;49m[K
[K
[38;5;124m/** Output number of chars in file specified by single command-line                                                  [39;49m
[A
[38;5;124m *  argument.                                                                                                        [39;49m
[A
[38;5;124m */[39;49m[K
[38;5;28mint[39;49m[K
[38;5;21mmain[39;49m([38;5;28mint[39;49m [38;5;130margc[39;49m, [38;5;129mconst[39;49m [38;5;28mchar[39;49m *[38;5;130margv[39;49m[])[K
{[K
  [38;5;129mif[39;49m (argc != 2) {[K
    fprintf(stderr, [38;5;89m"usage: %s FILE_NAME\n"[39;49m, argv[0]);[K
    exit(1);[K
  }[K
  [38;5;129mconst[39;49m [38;5;28mchar[39;49m *[38;5;130mfName[39;49m = argv[1];[K
  [38;5;28mFILE[39;49m *[38;5;130min[39;49m = fopen(fName, [38;5;89m"r"[39;49m);[K
  [38;5;129mif[39;49m (!in) {[K
    fprintf(stderr, [38;5;89m"cannot read %s: %s\n"[39;49m, fName, strerror(errno));[K
    exit(1);[K
  }[K
  [38;5;28mint[39;49m [38;5;130mc[39;49m;[K
  [38;5;28mint[39;49m [38;5;130mcount[39;49m = 0;[K
  [38;5;129mwhile[39;49m ((c = fgetc(in)) != EOF) count++;[K
  printf([38;5;89m"%d\n"[39;49m, count);[K
  [38;5;129mreturn[39;49m 0;[K
}[K
[K
[K
[K
[K
[K
[K
[K
[K
[K
[K
[K
[K
[K
[K
[K
[K
[K
[K
[K
[K
[K
[K
[K
[K
[K
[30m[48;5;250m-UU-:----F1  [39;49m[1m[30m[48;5;250mfile-char-count.c[0m[39;49m[30m[48;5;250m   All L1    Git-lab12  (C/*l Abbrev) -------------------------------------------------[39;49m
[A[2d[?12l[?25h[?12;25h[55d[K[2d[55d[?25l(No changes need to be saved)[H
[?12l[?25h[?12;25h[55d[K[2d[55d[K[?2004l[?1l>[?12l[?25h[?1049l[23;0;0t[39;49mestern7@remote03:~/i220a/submit/lab12/exercises/file-char-count$ clear
[H[2J[3Jestern7@remote03:~/i220a/submit/lab12/exercises/file-char-count$ make
gcc -g -Wall -std=c11    file-char-count.c   -o file-char-count
estern7@remote03:~/i220a/submit/lab12/exercises/file-char-count$ ./file-char-count  file-char-count/[K.c
566
estern7@remote03:~/i220a/submit/lab12/exercises/file-char-count$ wc
^C
estern7@remote03:~/i220a/submit/lab12/exercises/file-char-count$ wc./file-char-count  file-char-count.c[1@w[1@c[1@ 
   15   172 19544 ./file-char-count
   27    81   566 file-char-count.c
   42   253 20110 total
estern7@remote03:~/i220a/submit/lab12/exercises/file-char-count$ wc ./file-char-count  file-char-count.c[1P[1P[1@v[1@a[1@l[1@g[1@i[1@r[1@n[1@d
bash: valgirnd: command not found
estern7@remote03:~/i220a/submit/lab12/exercises/file-char-count$ valgirnd ./file-char-count  file-char-count.c[C[C[C[C[C[1P[C[1@i
==3312037== Memcheck, a memory error detector
==3312037== Copyright (C) 2002-2017, and GNU GPL'd, by Julian Seward et al.
==3312037== Using Valgrind-3.14.0 and LibVEX; rerun with -h for copyright info
==3312037== Command: ./file-char-count file-char-count.c
==3312037== 
566
==3312037== 
==3312037== HEAP SUMMARY:
==3312037==     in use at exit: 552 bytes in 1 blocks
==3312037==   total heap usage: 3 allocs, 2 frees, 9,768 bytes allocated
==3312037== 
==3312037== LEAK SUMMARY:
==3312037==    definitely lost: 0 bytes in 0 blocks
==3312037==    indirectly lost: 0 bytes in 0 blocks
==3312037==      possibly lost: 0 bytes in 0 blocks
==3312037==    still reachable: 552 bytes in 1 blocks
==3312037==         suppressed: 0 bytes in 0 blocks
==3312037== Rerun with --leak-check=full to see details of leaked memory
==3312037== 
==3312037== For counts of detected and suppressed errors, rerun with: -v
==3312037== ERROR SUMMARY: 0 errors from 0 contexts (suppressed: 0 from 0)
estern7@remote03:~/i220a/submit/lab12/exercises/file-char-count$ valgrind ./file-char-count  file-char-count.c --leak che[K[K[K[A[C[C[C[C[C[C[C[C[C[C[C[C[C[C[C[C[C[C[C[C[C[C[C[C[C[C[C[C[C[C[C[C[C[C[C[C[C[C[C[C[C[C[C[C[C[C[C[C[C[C[C[C[C[C[C[C[C[C[C[C[C[C[C[C[C[C[C[C[C[C[C[C[C[C[C[C[C[C[C[C[C[C[C[C[C[C[C[C[C[C[C[C[C[C[C[C[C[C[C[C[C[C[C[C[C[C[C[C[C[C[C[C[C[C[C[C[K
[K[A[C[C[C[C[C[C[C[C[C[C[C[C[C[C[C[C[C[C[C[C[C[C[C[C[C[C[C[C[C[C[C[C[C[C[C[C[C[C[C[C[C[C[C[C[C[C[C[C[C[C[C[C[C[C[C[C[C[C[C[C[C[C[C[C[C[C[C[C[C[C[C[C[C[C[C[C[C[C[C[C[C[C[C[C[C[C[C[C[C[C[C[C[C[C[C[C[C[C[C[C[C[C[C[C[C[C[C[C[C[C[C[C[C[C[C[C[Kak -check=full
==3312227== Memcheck, a memory error detector
==3312227== Copyright (C) 2002-2017, and GNU GPL'd, by Julian Seward et al.
==3312227== Using Valgrind-3.14.0 and LibVEX; rerun with -h for copyright info
==3312227== Command: ./file-char-count file-char-count.c --leak-check=full
==3312227== 
usage: ./file-char-count FILE_NAME
==3312227== 
==3312227== HEAP SUMMARY:
==3312227==     in use at exit: 0 bytes in 0 blocks
==3312227==   total heap usage: 0 allocs, 0 frees, 0 bytes allocated
==3312227== 
==3312227== All heap blocks were freed -- no leaks are possible
==3312227== 
==3312227== For counts of detected and suppressed errors, rerun with: -v
==3312227== ERROR SUMMARY: 0 errors from 0 contexts (suppressed: 0 from 0)
estern7@remote03:~/i220a/submit/lab12/exercises/file-char-count$ valgrind ./file-char-count  file-char-count.c --leak-check=full -v
==3312289== Memcheck, a memory error detector
==3312289== Copyright (C) 2002-2017, and GNU GPL'd, by Julian Seward et al.
==3312289== Using Valgrind-3.14.0 and LibVEX; rerun with -h for copyright info
==3312289== Command: ./file-char-count file-char-count.c --leak-check=full -v
==3312289== 
usage: ./file-char-count FILE_NAME
==3312289== 
==3312289== HEAP SUMMARY:
==3312289==     in use at exit: 0 bytes in 0 blocks
==3312289==   total heap usage: 0 allocs, 0 frees, 0 bytes allocated
==3312289== 
==3312289== All heap blocks were freed -- no leaks are possible
==3312289== 
==3312289== For counts of detected and suppressed errors, rerun with: -v
==3312289== ERROR SUMMARY: 0 errors from 0 contexts (suppressed: 0 from 0)
estern7@remote03:~/i220a/submit/lab12/exercises/file-char-count$ ./file-char-count xxx
cannot read xxx: No such file or directory
estern7@remote03:~/i220a/submit/lab12/exercises/file-char-count$ clear
[H[2J[3Jestern7@remote03:~/i220a/submit/lab12/exercises/file-char-count$ valgrind ./file-char-count file-char-count.c
==3313365== Memcheck, a memory error detector
==3313365== Copyright (C) 2002-2017, and GNU GPL'd, by Julian Seward et al.
==3313365== Using Valgrind-3.14.0 and LibVEX; rerun with -h for copyright info
==3313365== Command: ./file-char-count file-char-count.c
==3313365== 
566
==3313365== 
==3313365== HEAP SUMMARY:
==3313365==     in use at exit: 552 bytes in 1 blocks
==3313365==   total heap usage: 3 allocs, 2 frees, 9,768 bytes allocated
==3313365== 
==3313365== LEAK SUMMARY:
==3313365==    definitely lost: 0 bytes in 0 blocks
==3313365==    indirectly lost: 0 bytes in 0 blocks
==3313365==      possibly lost: 0 bytes in 0 blocks
==3313365==    still reachable: 552 bytes in 1 blocks
==3313365==         suppressed: 0 bytes in 0 blocks
==3313365== Rerun with --leak-check=full to see details of leaked memory
==3313365== 
==3313365== For counts of detected and suppressed errors, rerun with: -v
==3313365== ERROR SUMMARY: 0 errors from 0 contexts (suppressed: 0 from 0)
estern7@remote03:~/i220a/submit/lab12/exercises/file-char-count$ valgrind ./file-char-count file-char-count.c -v --le ad[Kk-check=full
==3313523== Memcheck, a memory error detector
==3313523== Copyright (C) 2002-2017, and GNU GPL'd, by Julian Seward et al.
==3313523== Using Valgrind-3.14.0 and LibVEX; rerun with -h for copyright info
==3313523== Command: ./file-char-count file-char-count.c -v --leak-check=full
==3313523== 
usage: ./file-char-count FILE_NAME
==3313523== 
==3313523== HEAP SUMMARY:
==3313523==     in use at exit: 0 bytes in 0 blocks
==3313523==   total heap usage: 0 allocs, 0 frees, 0 bytes allocated
==3313523== 
==3313523== All heap blocks were freed -- no leaks are possible
==3313523== 
==3313523== For counts of detected and suppressed errors, rerun with: -v
==3313523== ERROR SUMMARY: 0 errors from 0 contexts (suppressed: 0 from 0)
estern7@remote03:~/i220a/submit/lab12/exercises/file-char-count$ valgrind ./file-char-count file-char-count.c -v --leak-check=full[A[C[C[C[C[C[C[C[C[C[C[C[C[C[C[C[C[C[C[C[C[C[C[C[C[C[C[C[C[C[C[C[C[C[C[C[C[C[C[C[C[C[C[C[C[C[C[C[C[C[C[C[C[C[C[C[C[C[C[C[C[C[C[C[C[C[C[C[C[C[C[C[C[C[C[C[C[C[C[C[C[C[C[C[C[C[C[C[C[C[C[C[C[C[C[C[C[K
[K[A[C[C[C[C[C[C[C[C[C[C[C[C[C[C[C[C[C[C[C[C[C[C[C[C[C[C[C[C[C[C[C[C[C[C[C[C[C[C[C[C[C[C[C[C[C[C[C[C[C[C[C[C[C[C[C[C[C[C[C[C[C[C[C[C[C[C[C[C[C[C[C[C[C[C[C[C[C[C[C[C[C[C[C[C[C[C[C[C[C[C[C[C[C[C[C[C[C[C[C[C[C[C[C[C[C[C[C[C[Cclear[Kvalgrind ./file-char-count file-char-count.cclear[K./file-char-count xxx
cannot read xxx: No such file or directory
estern7@remote03:~/i220a/submit/lab12/exercises/file-char-count$ ./file-char-count xxxvalgrind ./file-char-count file-char-count.c -v --leak-check=full
==3313595== Memcheck, a memory error detector
==3313595== Copyright (C) 2002-2017, and GNU GPL'd, by Julian Seward et al.
==3313595== Using Valgrind-3.14.0 and LibVEX; rerun with -h for copyright info
==3313595== Command: ./file-char-count file-char-count.c -v --leak-check=full
==3313595== 
usage: ./file-char-count FILE_NAME
==3313595== 
==3313595== HEAP SUMMARY:
==3313595==     in use at exit: 0 bytes in 0 blocks
==3313595==   total heap usage: 0 allocs, 0 frees, 0 bytes allocated
==3313595== 
==3313595== All heap blocks were freed -- no leaks are possible
==3313595== 
==3313595== For counts of detected and suppressed errors, rerun with: -v
==3313595== ERROR SUMMARY: 0 errors from 0 contexts (suppressed: 0 from 0)
estern7@remote03:~/i220a/submit/lab12/exercises/file-char-count$ cd ..
estern7@remote03:~/i220a/submit/lab12/exercises$ cd file-cc[Kopy/
estern7@remote03:~/i220a/submit/lab12/exercises/file-copy$ emacs file-copy.c 
[?1049h[22;0;0t[?12;25h[?1h=[H[2J[55d[K[?1l>[?12l[?25h[?1049l[23;0;0t[39;49m[?1049h[22;0;0t[?12;25h[?1h=[H[2J[54d[?25l[30m[47m-UUU:----F1  [39;49m[1m[30m[47m*scratch*   [0m[39;49m[30m[47m   All L1     (Fundamental) ----------------------------------------------------------------[39;49m
[A[2d[?12l[?25h[?12;25h[55d[?25lLoading /etc/emacs/site-start.d/00debian.el (source)...done[K[H
[?12l[?25h[?12;25h[55;33H[?25l50a2ps.el (source)...[K[H
[?12l[?25h[?12;25h[55;54H[?25ldone[H
[?12l[?25h[?12;25h[55;36H[?25lsymptote.el (source)...[H
[?12l[?25h[?12;25h[55;59H[?25ldone[H
[?12l[?25h[?12;25h[55;36H[?25lutoconf.el (source)...[K[H
[?12l[?25h[?12;25h[55;58H[?25ldone[H
[?12l[?25h[?12;25h[55;35H[?25lcmake-data.el (source)...[K[H
[?12l[?25h[?12;25h[55;60H[?25ldone[H
[?12l[?25h[?12;25h[55;35H[?25ldevhelp.el (source)...[K[H
[?12l[?25h[?12;25h[55;57H[?25ldone[H
[?12l[?25h[?12;25h[55;36H[?25lictionaries-common.el (source)...[H
[?12l[?25h[?12;25h[55;9H[?25ldebian-ispell...[K[H
[?12l[?25h[?12;25h[55;9H[?25l/var/cache/dictionaries-common/emacsen-ispell-default.el (source)...[H
[?12l[?25h[?12;25h[55;77H[?25ldone[H
[?12l[?25h[?12;25h[55;9H[?25ldebian-ispell...done[K[H
[?12l[?25h[?12;25h[55;9H[?25l/var/cache/dictionaries-common/emacsen-ispell-dicts.el (source)...[H
[?12l[?25h[?12;25h[55;75H[?25ldone[H
[?12l[?25h[?12;25h[55;10H[?25letc/emacs/site-start.d/50dictionaries-common[6P[H
[?12l[?25h[?12;25h[55;35H[?25lerlang-mode.el (source)...[K[H
[?12l[?25h[?12;25h[55;61H[?25ldone[H
[?12l[?25h[?12;25h[55;35H[?25lhaskell-mode.el (source)...[K[H
[?12l[?25h[?12;25h[55;10H[?25lusr/share/emacs/site-lisp/elpa/haskel[34@l-mode-16.1/haskell-mode-autoloads[H
[?12l[?25h[?12;25h[55;96H[?25ldone[H
[?12l[?25h[?12;25h[55;10H[?25letc/emacs/site-start.d/50haskell-mode[34P[H
[?12l[?25h[?12;25h[55;35H[?25llatex-cjk-common.el (source)...[H
[?12l[?25h[?12;25h[55;10H[?25lusr/share/emacs/site-lisp/latex-cjk-commo[9@n/cjk-enc[H
[?12l[?25h[?12;25h[55;75H[?25ldone[H
[?12l[?25h[?12;25h[55;10H[?25letc/emacs/site-start.d/50latex-cjk-common[9P[H
[?12l[?25h[?12;25h[55;45H[?25lthai.el (source)...[K[H
[?12l[?25h[?12;25h[55;64H[?25ldone[H
[?12l[?25h[?12;25h[55;35H[?25lpsvn.el (source)...[K[H
[?12l[?25h[?12;25h[55;54H[?25ldone[H
[?12l[?25h[?12;25h[55;36H[?25lython-docutils.el (source)...[H
[?12l[?25h[?12;25h[55;65H[?25ldone[H
[?12l[?25h[?12;25h[55;35H[?25ltcsh.el (source)...[K[H
[?12l[?25h[?12;25h[55;54H[?25ldone[H
[?12l[?25h[?12;25h[55;36H[?25lexlive-lang-english.el (source)...[H
[?12l[?25h[?12;25h[55;70H[?25ldone[H
[?12l[?25h[?12;25h[>0c[55d[?25lLoading /etc/emacs/site-start.d/50texlive-lang-english.el (source)...done[K[H[7mFile Edit Options Buffers Tools Lisp-Interaction Help                                                                [0m[39;49m[27m
[A
[K
[K
[K
[K
[K
[K
[K
[K
[K
[K
[K
[K
[K
[K
[K
[K
[K
[K
[K
[K
[K
[K
[K
[K
[K
[K
[K
[K
[K
[K
[K
[K
[K
[K
[K
[K
[K
[K
[K
[K
[K
[K
[K
[K
[K
[K
[K
[K
[K
[K
[K
[K
[30m[48;5;250m-UUU:----F1  [39;49m[1m[30m[48;5;250m*scratch*   [0m[39;49m[30m[48;5;250m   All L1     (Lisp Interaction ElDoc) -----------------------------------------------------[39;49m
[A[2d[?12l[?25h[?12;25h[?2004h[55d[?25lFor information about GNU Emacs and the GNU system, type C-h C-a.[K[H
[?12l[?25h[?12;25h[55d[?25lFor information about GNU Emacs and the GNU system, type C-h C-a.[K[H[7mFile Edit Options Buffers Tools C Help                                                                               [0m[39;49m[27m
[A
[38;5;60m#include[39;49m [38;5;89m<errno.h>[39;49m[K
[38;5;60m#include[39;49m [38;5;89m<stdio.h>[39;49m[K
[38;5;60m#include[39;49m [38;5;89m<stdlib.h>[39;49m[K
[38;5;60m#include[39;49m [38;5;89m<string.h>[39;49m[K
[K
[38;5;129mstatic[39;49m [38;5;28mvoid[39;49m[K
[38;5;21mdoCopy[39;49m([38;5;129mconst[39;49m [38;5;28mchar[39;49m *[38;5;130minName[39;49m, [38;5;28mFILE[39;49m *[38;5;130min[39;49m, [38;5;129mconst[39;49m [38;5;28mchar[39;49m *[38;5;130moutName[39;49m, [38;5;28mFILE[39;49m *[38;5;130mout[39;49m)[K
{[K
  [38;5;28mint[39;49m [38;5;130mc[39;49m;[K
  [38;5;129mwhile[39;49m ((c = fgetc(in)) != EOF) {[K
    [38;5;129mif[39;49m (fputc(c, out) == EOF) {[K
      fprintf(stderr, [38;5;89m"error writing to %s: %s\n"[39;49m, outName, strerror(errno));[K
      exit(1);[K
    }[K
  }[K
}[K
[K
[38;5;124m/** Output number of chars in file specified by single command-line                                                  [39;49m
[A
[38;5;124m *  argument.                                                                                                        [39;49m
[A
[38;5;124m */[39;49m[K
[38;5;28mint[39;49m[K
[38;5;21mmain[39;49m([38;5;28mint[39;49m [38;5;130margc[39;49m, [38;5;129mconst[39;49m [38;5;28mchar[39;49m *[38;5;130margv[39;49m[])[K
{[K
  [38;5;129mif[39;49m (argc != 3) {[K
    fprintf(stderr, [38;5;89m"usage: %s SRC_NAME DEST_NAME\n"[39;49m, argv[0]);[K
    exit(1);[K
  }[K
  [38;5;129mconst[39;49m [38;5;28mchar[39;49m *[38;5;130msrcName[39;49m = argv[1];[K
  [38;5;129mconst[39;49m [38;5;28mchar[39;49m *[38;5;130mdestName[39;49m = argv[2];[K
  [38;5;28mFILE[39;49m *[38;5;130min[39;49m = fopen(srcName, [38;5;89m"r"[39;49m);[K
  [38;5;129mif[39;49m (!in) {[K
    fprintf(stderr, [38;5;89m"cannot read %s: %s\n"[39;49m, srcName, strerror(errno));[K
    exit(1);[K
  }[K
  [38;5;28mFILE[39;49m *[38;5;130mout[39;49m = fopen(destName, [38;5;89m"w"[39;49m);[K
  [38;5;129mif[39;49m (!out) {[K
    fprintf(stderr, [38;5;89m"cannot write %s: %s\n"[39;49m, destName, strerror(errno));[K
    exit(1);[K
  }[K
  doCopy(srcName, in, destName, out);[K
  [38;5;129mif[39;49m (fclose(in) != 0) {[K
    fprintf(stderr, [38;5;89m"cannot close %s: %s\n"[39;49m, srcName, strerror(errno));[K
    exit(1);[K
  }[K
  [38;5;129mif[39;49m (fclose(out) != 0) {[K
    fprintf(stderr, [38;5;89m"cannot close %s: %s\n"[39;49m, destName, strerror(errno));[K
    exit(1);[K
  }[K
  [38;5;129mreturn[39;49m 0;[K
}[K
[K
[K
[30m[48;5;250m-UU-:----F1  [39;49m[1m[30m[48;5;250mfile-copy.c [0m[39;49m[30m[48;5;250m   All L1    Git-lab12  (C/*l Abbrev) ------------------------------------------------------[39;49m
[A[2d[?12l[?25h[?12;25h[55d[K[2d[55d[?25l(No changes need to be saved)[H
[?12l[?25h[?12;25h[55d[K[2d[55d[K[?2004l[?1l>[?12l[?25h[?1049l[23;0;0t[39;49mestern7@remote03:~/i220a/submit/lab12/exercises/file-copy$ clear
[H[2J[3Jestern7@remote03:~/i220a/submit/lab12/exercises/file-copy$ make
gcc -g -Wall -std=c11    file-copy.c   -o file-copy
estern7@remote03:~/i220a/submit/lab12/exercises/file-copy$ ./file-copy 
usage: ./file-copy SRC_NAME DEST_NAME
estern7@remote03:~/i220a/submit/lab12/exercises/file-copy$ ls -l file-copy.c y[Kt
ls: cannot access 't': No such file or directory
-rw-r----- 1 estern7 estern7 1195 Nov 18 18:25 file-copy.c
estern7@remote03:~/i220a/submit/lab12/exercises/file-copy$ ./file-copy  file-copy t
estern7@remote03:~/i220a/submit/lab12/exercises/file-copy$ ./file-copy  file-copy t[5Pls -l file-copy.c[C[C
-rw-r----- 1 estern7 estern7  1195 Nov 18 18:25 file-copy.c
-rw-r----- 1 estern7 estern7 19840 Nov 18 22:49 t
estern7@remote03:~/i220a/submit/lab12/exercises/file-copy$ cmp di[K[Kfile-copy t[K[K.c t
file-copy.c t differ: byte 1, line 1
estern7@remote03:~/i220a/submit/lab12/exercises/file-copy$ cmp file-copy.c t[2@ls -l[C[C[C[C[C[C[C[C[C[C[C[C[C[C[5@./file-copy  file-copy[C[C. tc t
estern7@remote03:~/i220a/submit/lab12/exercises/file-copy$ ./file-copy  file-copy.c t[9Pcmp[C[C[C[C[C[C[C[C[C[C[C[C[C[C
estern7@remote03:~/i220a/submit/lab12/exercises/file-copy$ clear
[H[2J[3Jestern7@remote03:~/i220a/submit/lab12/exercises/file-copy$ ./file-copy Makefile t
estern7@remote03:~/i220a/submit/lab12/exercises/file-copy$ mp[K[Kcmp Makefile t
estern7@remote03:~/i220a/submit/lab12/exercises/file-copy$ chmod a-w t
estern7@remote03:~/i220a/submit/lab12/exercises/file-copy$ ./file-copy file-copy.c t
cannot write t: Permission denied
estern7@remote03:~/i220a/submit/lab12/exercises/file-copy$ cmp Makefile t
estern7@remote03:~/i220a/submit/lab12/exercises/file-copy$ clear
[H[2J[3Jestern7@remote03:~/i220a/submit/lab12/exercises/file-copy$ man fgetc()
bash: syntax error near unexpected token `('
estern7@remote03:~/i220a/submit/lab12/exercises/file-copy$ man fgetc()[K[K
[?1049h[22;0;0t[?1h=FGETC(3)                                     Linux Programmer's Manual                                    FGETC(3)[m
[m
[1mNAME[0m[m
       fgetc, fgets, getc, getchar, ungetc - input of characters and strings[m
[m
[1mSYNOPSIS[0m[m
       [1m#include[0m [1m<stdio.h>[0m[m
[m
       [1mint[0m [1mfgetc(FILE[0m [1m*[0m[4mstream[24m[1m);[0m[m
[m
       [1mchar[0m [1m*fgets(char[0m [1m*[0m[4ms[24m[1m,[0m [1mint[0m [4msize[24m[1m,[0m [1mFILE[0m [1m*[0m[4mstream[24m[1m);[0m[m
[m
       [1mint[0m [1mgetc(FILE[0m [1m*[0m[4mstream[24m[1m);[0m[m
[m
       [1mint[0m [1mgetchar(void);[0m[m
[m
       [1mint[0m [1mungetc(int[0m [4mc[24m[1m,[0m [1mFILE[0m [1m*[0m[4mstream[24m[1m);[0m[m
[m
[1mDESCRIPTION[0m[m
       [1mfgetc[0m()  reads  the next character from [4mstream[24m and returns it as an [4munsigned[24m [4mchar[24m cast to an [4mint[24m, or [1mEOF[0m on[m
       end of file or error.[m
[m
       [1mgetc[0m() is equivalent to [1mfgetc[0m() except that it may be implemented as a macro which  evaluates  [4mstream[24m  more[m
       than once.[m
[m
       [1mgetchar[0m() is equivalent to [1mgetc([0m[4mstdin[24m[1m)[0m.[m
[m
       [1mfgets[0m()  reads in at most one less than [4msize[24m characters from [4mstream[24m and stores them into the buffer pointed[m
       to by [4ms[24m.  Reading stops after an [1mEOF[0m or a newline.  If a newline is read, it is stored into the buffer.   A[m
       terminating null byte ('\0') is stored after the last character in the buffer.[m
[m
       [1mungetc[0m()  pushes  [4mc[24m back to [4mstream[24m, cast to [4munsigned[24m [4mchar[24m, where it is available for subsequent read opera‐[m
       tions.  Pushed-back characters will be returned in reverse order; only one pushback is guaranteed.[m
[m
       Calls to the functions described here can be mixed with each other and with calls to other input  functions[m
       from the [4mstdio[24m library for the same input stream.[m
[m
       For nonlocking counterparts, see [1munlocked_stdio[0m(3).[m
[m
[1mRETURN[0m [1mVALUE[0m[m
       [1mfgetc[0m(), [1mgetc[0m() and [1mgetchar[0m() return the character read as an [4munsigned[24m [4mchar[24m cast to an [4mint[24m or [1mEOF[0m on end of[m
       file or error.[m
[m
       [1mfgets[0m() returns [4ms[24m on success, and NULL on error or when end of file occurs while no  characters  have  been[m
       read.[m
[m
       [1mungetc[0m() returns [4mc[24m on success, or [1mEOF[0m on error.[m
[m
[1mATTRIBUTES[0m[m
       For an explanation of the terms used in this section, see [1mattributes[0m(7).[m
[m
       ┌──────────────────────────┬───────────────┬─────────┐[m
       │[1mInterface[0m                 │ [1mAttribute[0m     │ [1mValue[0m   │[m
       ├──────────────────────────┼───────────────┼─────────┤[m
[7m Manual page fgetc(3) line 1 (press h for help or q to quit)[27m[K[K[?1l>[?1049l[23;0;0testern7@remote03:~/i220a/submit/lab12/exercises/file-copy$ emacs file-copy.c
[?1049h[22;0;0t[?12;25h[?1h=[H[2J[55d[K[?1l>[?12l[?25h[?1049l[23;0;0t[39;49m[?1049h[22;0;0t[?12;25h[?1h=[H[2J[54d[?25l[30m[47m-UUU:----F1  [39;49m[1m[30m[47m*scratch*   [0m[39;49m[30m[47m   All L1     (Fundamental) ----------------------------------------------------------------[39;49m
[A[2d[?12l[?25h[?12;25h[55d[?25lLoading /etc/emacs/site-start.d/00debian.el (source)...done[K[H
[?12l[?25h[?12;25h[55;33H[?25l50a2ps.el (source)...[K[H
[?12l[?25h[?12;25h[55;54H[?25ldone[H
[?12l[?25h[?12;25h[55;36H[?25lsymptote.el (source)...[H
[?12l[?25h[?12;25h[55;59H[?25ldone[H
[?12l[?25h[?12;25h[55;36H[?25lutoconf.el (source)...[K[H
[?12l[?25h[?12;25h[55;58H[?25ldone[H
[?12l[?25h[?12;25h[55;35H[?25lcmake-data.el (source)...[K[H
[?12l[?25h[?12;25h[55;60H[?25ldone[H
[?12l[?25h[?12;25h[55;35H[?25ldevhelp.el (source)...[K[H
[?12l[?25h[?12;25h[55;57H[?25ldone[H
[?12l[?25h[?12;25h[55;36H[?25lictionaries-common.el (source)...[H
[?12l[?25h[?12;25h[55;9H[?25ldebian-ispell...[K[H
[?12l[?25h[?12;25h[55;9H[?25l/var/cache/dictionaries-common/emacsen-ispell-default.el (source)...[H
[?12l[?25h[?12;25h[55;77H[?25ldone[H
[?12l[?25h[?12;25h[55;9H[?25ldebian-ispell...done[K[H
[?12l[?25h[?12;25h[55;9H[?25l/var/cache/dictionaries-common/emacsen-ispell-dicts.el (source)...[H
[?12l[?25h[?12;25h[55;75H[?25ldone[H
[?12l[?25h[?12;25h[55;10H[?25letc/emacs/site-start.d/50dictionaries-common[6P[H
[?12l[?25h[?12;25h[55;35H[?25lerlang-mode.el (source)...[K[H
[?12l[?25h[?12;25h[55;61H[?25ldone[H
[?12l[?25h[?12;25h[55;35H[?25lhaskell-mode.el (source)...[K[H
[?12l[?25h[?12;25h[55;10H[?25lusr/share/emacs/site-lisp/elpa/haskel[34@l-mode-16.1/haskell-mode-autoloads[H
[?12l[?25h[?12;25h[55;96H[?25ldone[H
[?12l[?25h[?12;25h[55;10H[?25letc/emacs/site-start.d/50haskell-mode[34P[H
[?12l[?25h[?12;25h[55;35H[?25llatex-cjk-common.el (source)...[H
[?12l[?25h[?12;25h[55;10H[?25lusr/share/emacs/site-lisp/latex-cjk-commo[9@n/cjk-enc[H
[?12l[?25h[?12;25h[55;75H[?25ldone[H
[?12l[?25h[?12;25h[55;10H[?25letc/emacs/site-start.d/50latex-cjk-common[9P[H
[?12l[?25h[?12;25h[55;45H[?25lthai.el (source)...[K[H
[?12l[?25h[?12;25h[55;64H[?25ldone[H
[?12l[?25h[?12;25h[55;35H[?25lpsvn.el (source)...[K[H
[?12l[?25h[?12;25h[55;54H[?25ldone[H
[?12l[?25h[?12;25h[55;36H[?25lython-docutils.el (source)...[H
[?12l[?25h[?12;25h[55;65H[?25ldone[H
[?12l[?25h[?12;25h[55;35H[?25ltcsh.el (source)...[K[H
[?12l[?25h[?12;25h[55;54H[?25ldone[H
[?12l[?25h[?12;25h[55;36H[?25lexlive-lang-english.el (source)...[H
[?12l[?25h[?12;25h[55;70H[?25ldone[H
[?12l[?25h[?12;25h[>0c[55d[?25lLoading /etc/emacs/site-start.d/50texlive-lang-english.el (source)...done[K[H[7mFile Edit Options Buffers Tools Lisp-Interaction Help                                                                [0m[39;49m[27m
[A
[K
[K
[K
[K
[K
[K
[K
[K
[K
[K
[K
[K
[K
[K
[K
[K
[K
[K
[K
[K
[K
[K
[K
[K
[K
[K
[K
[K
[K
[K
[K
[K
[K
[K
[K
[K
[K
[K
[K
[K
[K
[K
[K
[K
[K
[K
[K
[K
[K
[K
[K
[K
[30m[48;5;250m-UUU:----F1  [39;49m[1m[30m[48;5;250m*scratch*   [0m[39;49m[30m[48;5;250m   All L1     (Lisp Interaction ElDoc) -----------------------------------------------------[39;49m
[A[2d[?12l[?25h[?12;25h[?2004h[55d[?25lFor information about GNU Emacs and the GNU system, type C-h C-a.[K[H
[?12l[?25h[?12;25h[55d[?25lFor information about GNU Emacs and the GNU system, type C-h C-a.[K[H[7mFile Edit Options Buffers Tools C Help                                                                               [0m[39;49m[27m
[A
[38;5;60m#include[39;49m [38;5;89m<errno.h>[39;49m[K
[38;5;60m#include[39;49m [38;5;89m<stdio.h>[39;49m[K
[38;5;60m#include[39;49m [38;5;89m<stdlib.h>[39;49m[K
[38;5;60m#include[39;49m [38;5;89m<string.h>[39;49m[K
[K
[38;5;129mstatic[39;49m [38;5;28mvoid[39;49m[K
[38;5;21mdoCopy[39;49m([38;5;129mconst[39;49m [38;5;28mchar[39;49m *[38;5;130minName[39;49m, [38;5;28mFILE[39;49m *[38;5;130min[39;49m, [38;5;129mconst[39;49m [38;5;28mchar[39;49m *[38;5;130moutName[39;49m, [38;5;28mFILE[39;49m *[38;5;130mout[39;49m)[K
{[K
  [38;5;28mint[39;49m [38;5;130mc[39;49m;[K
  [38;5;129mwhile[39;49m ((c = fgetc(in)) != EOF) {[K
    [38;5;129mif[39;49m (fputc(c, out) == EOF) {[K
      fprintf(stderr, [38;5;89m"error writing to %s: %s\n"[39;49m, outName, strerror(errno));[K
      exit(1);[K
    }[K
  }[K
}[K
[K
[38;5;124m/** Output number of chars in file specified by single command-line                                                  [39;49m
[A
[38;5;124m *  argument.                                                                                                        [39;49m
[A
[38;5;124m */[39;49m[K
[38;5;28mint[39;49m[K
[38;5;21mmain[39;49m([38;5;28mint[39;49m [38;5;130margc[39;49m, [38;5;129mconst[39;49m [38;5;28mchar[39;49m *[38;5;130margv[39;49m[])[K
{[K
  [38;5;129mif[39;49m (argc != 3) {[K
    fprintf(stderr, [38;5;89m"usage: %s SRC_NAME DEST_NAME\n"[39;49m, argv[0]);[K
    exit(1);[K
  }[K
  [38;5;129mconst[39;49m [38;5;28mchar[39;49m *[38;5;130msrcName[39;49m = argv[1];[K
  [38;5;129mconst[39;49m [38;5;28mchar[39;49m *[38;5;130mdestName[39;49m = argv[2];[K
  [38;5;28mFILE[39;49m *[38;5;130min[39;49m = fopen(srcName, [38;5;89m"r"[39;49m);[K
  [38;5;129mif[39;49m (!in) {[K
    fprintf(stderr, [38;5;89m"cannot read %s: %s\n"[39;49m, srcName, strerror(errno));[K
    exit(1);[K
  }[K
  [38;5;28mFILE[39;49m *[38;5;130mout[39;49m = fopen(destName, [38;5;89m"w"[39;49m);[K
  [38;5;129mif[39;49m (!out) {[K
    fprintf(stderr, [38;5;89m"cannot write %s: %s\n"[39;49m, destName, strerror(errno));[K
    exit(1);[K
  }[K
  doCopy(srcName, in, destName, out);[K
  [38;5;129mif[39;49m (fclose(in) != 0) {[K
    fprintf(stderr, [38;5;89m"cannot close %s: %s\n"[39;49m, srcName, strerror(errno));[K
    exit(1);[K
  }[K
  [38;5;129mif[39;49m (fclose(out) != 0) {[K
    fprintf(stderr, [38;5;89m"cannot close %s: %s\n"[39;49m, destName, strerror(errno));[K
    exit(1);[K
  }[K
  [38;5;129mreturn[39;49m 0;[K
}[K
[K
[K
[30m[48;5;250m-UU-:----F1  [39;49m[1m[30m[48;5;250mfile-copy.c [0m[39;49m[30m[48;5;250m   All L1    Git:lab12  (C/*l Abbrev) ------------------------------------------------------[39;49m
[A[2d[?12l[?25h[?12;25h[55d[K[54;34H[?25l[30m[48;5;250m2[39;49m[H

[?12l[?25h[?12;25h[54;34H[?25l[30m[48;5;250m3[39;49m[4;1H[?12l[?25h[?12;25h[54;34H[?25l[30m[48;5;250m4[39;49m[5;1H[?12l[?25h[?12;25h[54;34H[?25l[30m[48;5;250m5[39;49m[6;1H[?12l[?25h[?12;25h[54;34H[?25l[30m[48;5;250m6[39;49m[7;1H[?12l[?25h[?12;25h[54;34H[?25l[30m[48;5;250m7[39;49m[8;1H[?12l[?25h[?12;25h[54;34H[?25l[30m[48;5;250m8[39;49m[9;1H[?12l[?25h[?12;25h[54;34H[?25l[30m[48;5;250m9[39;49m[10;1H[?12l[?25h[?12;25h[54;34H[?25l[30m[48;5;250m10[39;49m[11;1H[?12l[?25h[?12;25h[C[C[C[C[C[C		[C[C[C[C[C[C		[C[C[C[C[C[C		[C[C[C[C[C[C		[C[C[54d[?25l[30m[48;5;250m1[39;49m[12;1H[?12l[?25h[?12;25h[54;35H[?25l[30m[48;5;250m0[39;49m[11;35H[?12l[?25h[?12;25h[1;52r[12;1H[1L[1;55r[12;1H[K[54;6H[?25l[30m[48;5;250m**--F1  [39;49m[1m[30m[48;5;250mfile-copy.c [0m[39;49m[30m[48;5;250m   All L11[39;49m[12;5H[?12l[?25h[?12;25h[1;53r[13;1H[1L[1;55r[13;1H[K[54;35H[?25l[30m[48;5;250m2[39;49m[13;5H[?12l[?25h[?12;25h[54;35H[?25l[30m[48;5;250m1[39;49m[12;1H[?12l[?25h[?12;25h[54;35H[?25l[30m[48;5;250m2[39;49m[13;1H[?12l[?25h[?12;25h[54;35H[?25l[30m[48;5;250m1[39;49m[12;1H[?12l[?25h[?12;25h[12;5H[?25li[?12l[?25h[?12;25h[?25l[38;5;129mif[39;49m[?12l[?25h[?12;25h	[?25l([?12l[?25h[?12;25h[?25l[48;5;80m([39;49m)[?12l[?25h[?12;25h[?25l([?12l[?25h[?12;25h[?25lf)[?12l[?25h[?12;25h[?25le)[?12l[?25h[?12;25h[?25lr)[?12l[?25h[?12;25h[?25lr)[?12l[?25h[?12;25h[?25lo)[?12l[?25h[?12;25h[?25lr)[?12l[?25h[?12;25h[?25l()[?12l[?25h[?12;25h[?25l[48;5;80m([39;49m))[?12l[?25h[?12;25h[?25l(	[?12l[?25h[?12;25h[?25li)[?12l[?25h[?12;25h[?25ln)[?12l[?25h[?12;25h[?25l)[K[?12l[?25h[?12;25h[?25l)[K[?12l[?25h[?12;25h[?25li))[?12l[?25h[?12;25h[?25ln))[?12l[?25h[?12;25h[C[?25l )[?12l[?25h[?12;25h[?25l!)[?12l[?25h[?12;25h[?25l!=)[?12l[?25h[?12;25h[?25l )[?12l[?25h[?12;25h[?25l0)[?12l[?25h[?12;25h	[1;53r[14;1H[1L[1;55r[14;1H[K[54;29H[?25l[30m[48;5;250mTop L12[39;49m[13;7H[?12l[?25h[?12;25h[?25l{[?12l[?25h[?12;25h[1P[1P[C[1;53r[15;1H[1L[1;55r[15;1H[K[54;35H[?25l[30m[48;5;250m3[39;49m[14;7H[?12l[?25h[?12;25h[?25lb[?12l[?25h[?12;25h[?25lr[?12l[?25h[?12;25h[?25le[?12l[?25h[?12;25h[?25la[?12l[?25h[?12;25h[?25l[38;5;129mbreak[39;49m[?12l[?25h[?12;25h[?25l;[?12l[?25h[?12;25h[1;53r[16;1H[1L[1;55r[16;1H[K[54;35H[?25l[30m[48;5;250m4[39;49m[15;7H[?12l[?25h[?12;25h[13;5H[?25l[48;5;80m{[39;49m

}[?12l[?25h[?12;25h[13;5H[?25l{

[?12l[?25h[?12;25h[55;1H[?25lSaving file /home/estern7/i220a/submit/lab12/exercises/file-copy/file-copy.c...[15;6H[?12l[?25h[?12;25h[55;1H[?25lWrote /home/estern7/i220a/submit/lab12/exercises/file-copy/file-copy.c[K[15;6H[?12l[?25h[?12;25h[54d[?25l[30m[48;5;250m--[39;49m[15;6H[?12l[?25h[?12;25h[55;1H[K[15;6H[55;1H[K[?2004l[?1l>[?12l[?25h[?1049l[23;0;0t[39;49mestern7@remote03:~/i220a/submit/lab12/exercises/file-copy$ make
gcc -g -Wall -std=c11    file-copy.c   -o file-copy
estern7@remote03:~/i220a/submit/lab12/exercises/file-copy$ ./ fi[K[K[Kfile-copy file-copy.c t
cannot write t: Permission denied
estern7@remote03:~/i220a/submit/lab12/exercises/file-copy$ cle\[K[K[K[Kemacs file-copy.c
[?1049h[22;0;0t[?12;25h[?1h=[H[2J[55d[K[?1l>[?12l[?25h[?1049l[23;0;0t[39;49m[?1049h[22;0;0t[?12;25h[?1h=[H[2J[54d[?25l[30m[47m-UUU:----F1  [39;49m[1m[30m[47m*scratch*   [0m[39;49m[30m[47m   All L1     (Fundamental) ----------------------------------------------------------------[39;49m
[A[2d[?12l[?25h[?12;25h[55d[?25lLoading /etc/emacs/site-start.d/00debian.el (source)...done[K[H
[?12l[?25h[?12;25h[55;33H[?25l50a2ps.el (source)...[K[H
[?12l[?25h[?12;25h[55;54H[?25ldone[H
[?12l[?25h[?12;25h[55;36H[?25lsymptote.el (source)...[H
[?12l[?25h[?12;25h[55;59H[?25ldone[H
[?12l[?25h[?12;25h[55;36H[?25lutoconf.el (source)...[K[H
[?12l[?25h[?12;25h[55;58H[?25ldone[H
[?12l[?25h[?12;25h[55;35H[?25lcmake-data.el (source)...[K[H
[?12l[?25h[?12;25h[55;60H[?25ldone[H
[?12l[?25h[?12;25h[55;35H[?25ldevhelp.el (source)...[K[H
[?12l[?25h[?12;25h[55;57H[?25ldone[H
[?12l[?25h[?12;25h[55;36H[?25lictionaries-common.el (source)...[H
[?12l[?25h[?12;25h[55;9H[?25ldebian-ispell...[K[H
[?12l[?25h[?12;25h[55;9H[?25l/var/cache/dictionaries-common/emacsen-ispell-default.el (source)...[H
[?12l[?25h[?12;25h[55;77H[?25ldone[H
[?12l[?25h[?12;25h[55;9H[?25ldebian-ispell...done[K[H
[?12l[?25h[?12;25h[55;9H[?25l/var/cache/dictionaries-common/emacsen-ispell-dicts.el (source)...[H
[?12l[?25h[?12;25h[55;75H[?25ldone[H
[?12l[?25h[?12;25h[55;10H[?25letc/emacs/site-start.d/50dictionaries-common[6P[H
[?12l[?25h[?12;25h[55;35H[?25lerlang-mode.el (source)...[K[H
[?12l[?25h[?12;25h[55;61H[?25ldone[H
[?12l[?25h[?12;25h[55;35H[?25lhaskell-mode.el (source)...[K[H
[?12l[?25h[?12;25h[55;10H[?25lusr/share/emacs/site-lisp/elpa/haskel[34@l-mode-16.1/haskell-mode-autoloads[H
[?12l[?25h[?12;25h[55;96H[?25ldone[H
[?12l[?25h[?12;25h[55;10H[?25letc/emacs/site-start.d/50haskell-mode[34P[H
[?12l[?25h[?12;25h[55;35H[?25llatex-cjk-common.el (source)...[H
[?12l[?25h[?12;25h[55;10H[?25lusr/share/emacs/site-lisp/latex-cjk-commo[9@n/cjk-enc[H
[?12l[?25h[?12;25h[55;75H[?25ldone[H
[?12l[?25h[?12;25h[55;10H[?25letc/emacs/site-start.d/50latex-cjk-common[9P[H
[?12l[?25h[?12;25h[55;45H[?25lthai.el (source)...[K[H
[?12l[?25h[?12;25h[55;64H[?25ldone[H
[?12l[?25h[?12;25h[55;35H[?25lpsvn.el (source)...[K[H
[?12l[?25h[?12;25h[55;54H[?25ldone[H
[?12l[?25h[?12;25h[55;36H[?25lython-docutils.el (source)...[H
[?12l[?25h[?12;25h[55;65H[?25ldone[H
[?12l[?25h[?12;25h[55;35H[?25ltcsh.el (source)...[K[H
[?12l[?25h[?12;25h[55;54H[?25ldone[H
[?12l[?25h[?12;25h[55;36H[?25lexlive-lang-english.el (source)...[H
[?12l[?25h[?12;25h[55;70H[?25ldone[H
[?12l[?25h[?12;25h[>0c[55d[?25lLoading /etc/emacs/site-start.d/50texlive-lang-english.el (source)...done[K[H[7mFile Edit Options Buffers Tools Lisp-Interaction Help                                                                [0m[39;49m[27m
[A
[K
[K
[K
[K
[K
[K
[K
[K
[K
[K
[K
[K
[K
[K
[K
[K
[K
[K
[K
[K
[K
[K
[K
[K
[K
[K
[K
[K
[K
[K
[K
[K
[K
[K
[K
[K
[K
[K
[K
[K
[K
[K
[K
[K
[K
[K
[K
[K
[K
[K
[K
[K
[30m[48;5;250m-UUU:----F1  [39;49m[1m[30m[48;5;250m*scratch*   [0m[39;49m[30m[48;5;250m   All L1     (Lisp Interaction ElDoc) -----------------------------------------------------[39;49m
[A[2d[?12l[?25h[?12;25h[?2004h[55d[?25lFor information about GNU Emacs and the GNU system, type C-h C-a.[K[H
[?12l[?25h[?12;25h[55d[?25lFor information about GNU Emacs and the GNU system, type C-h C-a.[K[H[7mFile Edit Options Buffers Tools C Help                                                                               [0m[39;49m[27m
[A
[38;5;60m#include[39;49m [38;5;89m<errno.h>[39;49m[K
[38;5;60m#include[39;49m [38;5;89m<stdio.h>[39;49m[K
[38;5;60m#include[39;49m [38;5;89m<stdlib.h>[39;49m[K
[38;5;60m#include[39;49m [38;5;89m<string.h>[39;49m[K
[K
[38;5;129mstatic[39;49m [38;5;28mvoid[39;49m[K
[38;5;21mdoCopy[39;49m([38;5;129mconst[39;49m [38;5;28mchar[39;49m *[38;5;130minName[39;49m, [38;5;28mFILE[39;49m *[38;5;130min[39;49m, [38;5;129mconst[39;49m [38;5;28mchar[39;49m *[38;5;130moutName[39;49m, [38;5;28mFILE[39;49m *[38;5;130mout[39;49m)[K
{[K
  [38;5;28mint[39;49m [38;5;130mc[39;49m;[K
  [38;5;129mwhile[39;49m ((c = fgetc(in)) != EOF) {[K
    [38;5;129mif[39;49m (ferror(in) != 0)[K
    {[K
      [38;5;129mbreak[39;49m;[K
    }[K
[K
    [38;5;129mif[39;49m (fputc(c, out) == EOF) {[K
      fprintf(stderr, [38;5;89m"error writing to %s: %s\n"[39;49m, outName, strerror(errno));[K
      exit(1);[K
    }[K
  }[K
}[K
[K
[38;5;124m/** Output number of chars in file specified by single command-line                                                  [39;49m
[A
[38;5;124m *  argument.                                                                                                        [39;49m
[A
[38;5;124m */[39;49m[K
[38;5;28mint[39;49m[K
[38;5;21mmain[39;49m([38;5;28mint[39;49m [38;5;130margc[39;49m, [38;5;129mconst[39;49m [38;5;28mchar[39;49m *[38;5;130margv[39;49m[])[K
{[K
  [38;5;129mif[39;49m (argc != 3) {[K
    fprintf(stderr, [38;5;89m"usage: %s SRC_NAME DEST_NAME\n"[39;49m, argv[0]);[K
    exit(1);[K
  }[K
  [38;5;129mconst[39;49m [38;5;28mchar[39;49m *[38;5;130msrcName[39;49m = argv[1];[K
  [38;5;129mconst[39;49m [38;5;28mchar[39;49m *[38;5;130mdestName[39;49m = argv[2];[K
  [38;5;28mFILE[39;49m *[38;5;130min[39;49m = fopen(srcName, [38;5;89m"r"[39;49m);[K
  [38;5;129mif[39;49m (!in) {[K
    fprintf(stderr, [38;5;89m"cannot read %s: %s\n"[39;49m, srcName, strerror(errno));[K
    exit(1);[K
  }[K
  [38;5;28mFILE[39;49m *[38;5;130mout[39;49m = fopen(destName, [38;5;89m"w"[39;49m);[K
  [38;5;129mif[39;49m (!out) {[K
    fprintf(stderr, [38;5;89m"cannot write %s: %s\n"[39;49m, destName, strerror(errno));[K
    exit(1);[K
  }[K
  doCopy(srcName, in, destName, out);[K
  [38;5;129mif[39;49m (fclose(in) != 0) {[K
    fprintf(stderr, [38;5;89m"cannot close %s: %s\n"[39;49m, srcName, strerror(errno));[K
    exit(1);[K
  }[K
  [38;5;129mif[39;49m (fclose(out) != 0) {[K
    fprintf(stderr, [38;5;89m"cannot close %s: %s\n"[39;49m, destName, strerror(errno));[K
    exit(1);[K
[30m[48;5;250m-UU-:----F1  [39;49m[1m[30m[48;5;250mfile-copy.c [0m[39;49m[30m[48;5;250m   Top L1    Git:lab12  (C/*l Abbrev) ------------------------------------------------------[39;49m
[A[2d[?12l[?25h[?12;25h[55d[K[2d[55d[?25l(No changes need to be saved)[H
[?12l[?25h[?12;25h[55d[K[2d[55d[K[?2004l[?1l>[?12l[?25h[?1049l[23;0;0t[39;49mestern7@remote03:~/i220a/submit/lab12/exercises/file-copy$ clear
[H[2J[3Jestern7@remote03:~/i220a/submit/lab12/exercises/file-copy$ r [Km -f t
estern7@remote03:~/i220a/submit/lab12/exercises/file-copy$ ./file-copy file-copy.c t
estern7@remote03:~/i220a/submit/lab12/exercises/file-copy$ ./file-copy MA[Kakefile t
estern7@remote03:~/i220a/submit/lab12/exercises/file-copy$ we [K[Kc -l file-copy Makefile [K
   14 file-copy
   10 Makefile
   24 total
estern7@remote03:~/i220a/submit/lab12/exercises/file-copy$ e[Kwc -l t
10 t
estern7@remote03:~/i220a/submit/lab12/exercises/file-copy$ ls
file-copy  file-copy.c	Makefile  t
estern7@remote03:~/i220a/submit/lab12/exercises/file-copy$ emacs file-copy.c
[?1049h[22;0;0t[?12;25h[?1h=[H[2J[55d[K[?1l>[?12l[?25h[?1049l[23;0;0t[39;49m[?1049h[22;0;0t[?12;25h[?1h=[H[2J[54d[?25l[30m[47m-UUU:----F1  [39;49m[1m[30m[47m*scratch*   [0m[39;49m[30m[47m   All L1     (Fundamental) ----------------------------------------------------------------[39;49m
[A[2d[?12l[?25h[?12;25h[55d[?25lLoading /etc/emacs/site-start.d/00debian.el (source)...done[K[H
[?12l[?25h[?12;25h[55;33H[?25l50a2ps.el (source)...[K[H
[?12l[?25h[?12;25h[55;54H[?25ldone[H
[?12l[?25h[?12;25h[55;36H[?25lsymptote.el (source)...[H
[?12l[?25h[?12;25h[55;59H[?25ldone[H
[?12l[?25h[?12;25h[55;36H[?25lutoconf.el (source)...[K[H
[?12l[?25h[?12;25h[55;58H[?25ldone[H
[?12l[?25h[?12;25h[55;35H[?25lcmake-data.el (source)...[K[H
[?12l[?25h[?12;25h[55;60H[?25ldone[H
[?12l[?25h[?12;25h[55;35H[?25ldevhelp.el (source)...[K[H
[?12l[?25h[?12;25h[55;57H[?25ldone[H
[?12l[?25h[?12;25h[55;36H[?25lictionaries-common.el (source)...[H
[?12l[?25h[?12;25h[55;9H[?25ldebian-ispell...[K[H
[?12l[?25h[?12;25h[55;9H[?25l/var/cache/dictionaries-common/emacsen-ispell-default.el (source)...[H
[?12l[?25h[?12;25h[55;77H[?25ldone[H
[?12l[?25h[?12;25h[55;9H[?25ldebian-ispell...done[K[H
[?12l[?25h[?12;25h[55;9H[?25l/var/cache/dictionaries-common/emacsen-ispell-dicts.el (source)...[H
[?12l[?25h[?12;25h[55;75H[?25ldone[H
[?12l[?25h[?12;25h[55;10H[?25letc/emacs/site-start.d/50dictionaries-common[6P[H
[?12l[?25h[?12;25h[55;35H[?25lerlang-mode.el (source)...[K[H
[?12l[?25h[?12;25h[55;61H[?25ldone[H
[?12l[?25h[?12;25h[55;35H[?25lhaskell-mode.el (source)...[K[H
[?12l[?25h[?12;25h[55;10H[?25lusr/share/emacs/site-lisp/elpa/haskel[34@l-mode-16.1/haskell-mode-autoloads[H
[?12l[?25h[?12;25h[55;96H[?25ldone[H
[?12l[?25h[?12;25h[55;10H[?25letc/emacs/site-start.d/50haskell-mode[34P[H
[?12l[?25h[?12;25h[55;35H[?25llatex-cjk-common.el (source)...[H
[?12l[?25h[?12;25h[55;10H[?25lusr/share/emacs/site-lisp/latex-cjk-commo[9@n/cjk-enc[H
[?12l[?25h[?12;25h[55;75H[?25ldone[H
[?12l[?25h[?12;25h[55;10H[?25letc/emacs/site-start.d/50latex-cjk-common[9P[H
[?12l[?25h[?12;25h[55;45H[?25lthai.el (source)...[K[H
[?12l[?25h[?12;25h[55;64H[?25ldone[H
[?12l[?25h[?12;25h[55;35H[?25lpsvn.el (source)...[K[H
[?12l[?25h[?12;25h[55;54H[?25ldone[H
[?12l[?25h[?12;25h[55;36H[?25lython-docutils.el (source)...[H
[?12l[?25h[?12;25h[55;65H[?25ldone[H
[?12l[?25h[?12;25h[55;35H[?25ltcsh.el (source)...[K[H
[?12l[?25h[?12;25h[55;54H[?25ldone[H
[?12l[?25h[?12;25h[55;36H[?25lexlive-lang-english.el (source)...[H
[?12l[?25h[?12;25h[55;70H[?25ldone[H
[?12l[?25h[?12;25h[>0c[55d[?25lLoading /etc/emacs/site-start.d/50texlive-lang-english.el (source)...done[K[H[7mFile Edit Options Buffers Tools Lisp-Interaction Help                                                                [0m[39;49m[27m
[A
[K
[K
[K
[K
[K
[K
[K
[K
[K
[K
[K
[K
[K
[K
[K
[K
[K
[K
[K
[K
[K
[K
[K
[K
[K
[K
[K
[K
[K
[K
[K
[K
[K
[K
[K
[K
[K
[K
[K
[K
[K
[K
[K
[K
[K
[K
[K
[K
[K
[K
[K
[K
[30m[48;5;250m-UUU:----F1  [39;49m[1m[30m[48;5;250m*scratch*   [0m[39;49m[30m[48;5;250m   All L1     (Lisp Interaction ElDoc) -----------------------------------------------------[39;49m
[A[2d[?12l[?25h[?12;25h[?2004h[55d[?25lFor information about GNU Emacs and the GNU system, type C-h C-a.[K[H
[?12l[?25h[?12;25h[55d[?25lFor information about GNU Emacs and the GNU system, type C-h C-a.[K[H[7mFile Edit Options Buffers Tools C Help                                                                               [0m[39;49m[27m
[A
[38;5;60m#include[39;49m [38;5;89m<errno.h>[39;49m[K
[38;5;60m#include[39;49m [38;5;89m<stdio.h>[39;49m[K
[38;5;60m#include[39;49m [38;5;89m<stdlib.h>[39;49m[K
[38;5;60m#include[39;49m [38;5;89m<string.h>[39;49m[K
[K
[38;5;129mstatic[39;49m [38;5;28mvoid[39;49m[K
[38;5;21mdoCopy[39;49m([38;5;129mconst[39;49m [38;5;28mchar[39;49m *[38;5;130minName[39;49m, [38;5;28mFILE[39;49m *[38;5;130min[39;49m, [38;5;129mconst[39;49m [38;5;28mchar[39;49m *[38;5;130moutName[39;49m, [38;5;28mFILE[39;49m *[38;5;130mout[39;49m)[K
{[K
  [38;5;28mint[39;49m [38;5;130mc[39;49m;[K
  [38;5;129mwhile[39;49m ((c = fgetc(in)) != EOF) {[K
    [38;5;129mif[39;49m (ferror(in) != 0)[K
    {[K
      [38;5;129mbreak[39;49m;[K
    }[K
[K
    [38;5;129mif[39;49m (fputc(c, out) == EOF) {[K
      fprintf(stderr, [38;5;89m"error writing to %s: %s\n"[39;49m, outName, strerror(errno));[K
      exit(1);[K
    }[K
  }[K
}[K
[K
[38;5;124m/** Output number of chars in file specified by single command-line                                                  [39;49m
[A
[38;5;124m *  argument.                                                                                                        [39;49m
[A
[38;5;124m */[39;49m[K
[38;5;28mint[39;49m[K
[38;5;21mmain[39;49m([38;5;28mint[39;49m [38;5;130margc[39;49m, [38;5;129mconst[39;49m [38;5;28mchar[39;49m *[38;5;130margv[39;49m[])[K
{[K
  [38;5;129mif[39;49m (argc != 3) {[K
    fprintf(stderr, [38;5;89m"usage: %s SRC_NAME DEST_NAME\n"[39;49m, argv[0]);[K
    exit(1);[K
  }[K
  [38;5;129mconst[39;49m [38;5;28mchar[39;49m *[38;5;130msrcName[39;49m = argv[1];[K
  [38;5;129mconst[39;49m [38;5;28mchar[39;49m *[38;5;130mdestName[39;49m = argv[2];[K
  [38;5;28mFILE[39;49m *[38;5;130min[39;49m = fopen(srcName, [38;5;89m"r"[39;49m);[K
  [38;5;129mif[39;49m (!in) {[K
    fprintf(stderr, [38;5;89m"cannot read %s: %s\n"[39;49m, srcName, strerror(errno));[K
    exit(1);[K
  }[K
  [38;5;28mFILE[39;49m *[38;5;130mout[39;49m = fopen(destName, [38;5;89m"w"[39;49m);[K
  [38;5;129mif[39;49m (!out) {[K
    fprintf(stderr, [38;5;89m"cannot write %s: %s\n"[39;49m, destName, strerror(errno));[K
    exit(1);[K
  }[K
  doCopy(srcName, in, destName, out);[K
  [38;5;129mif[39;49m (fclose(in) != 0) {[K
    fprintf(stderr, [38;5;89m"cannot close %s: %s\n"[39;49m, srcName, strerror(errno));[K
    exit(1);[K
  }[K
  [38;5;129mif[39;49m (fclose(out) != 0) {[K
    fprintf(stderr, [38;5;89m"cannot close %s: %s\n"[39;49m, destName, strerror(errno));[K
    exit(1);[K
[30m[48;5;250m-UU-:----F1  [39;49m[1m[30m[48;5;250mfile-copy.c [0m[39;49m[30m[48;5;250m   Top L1    Git:lab12  (C/*l Abbrev) ------------------------------------------------------[39;49m
[A[2d[?12l[?25h[?12;25h[55d[K[54;34H[?25l[30m[48;5;250m2[39;49m[H

[?12l[?25h[?12;25h[54;34H[?25l[30m[48;5;250m3[39;49m[4;1H[?12l[?25h[?12;25h[54;34H[?25l[30m[48;5;250m4[39;49m[5;1H[?12l[?25h[?12;25h[54;34H[?25l[30m[48;5;250m5[39;49m[6;1H[?12l[?25h[?12;25h[54;34H[?25l[30m[48;5;250m6[39;49m[7;1H[?12l[?25h[?12;25h[54;34H[?25l[30m[48;5;250m7[39;49m[8;1H[?12l[?25h[?12;25h[54;34H[?25l[30m[48;5;250m8[39;49m[9;1H[?12l[?25h[?12;25h[54;34H[?25l[30m[48;5;250m9[39;49m[10;1H[?12l[?25h[?12;25h[54;34H[?25l[30m[48;5;250m10[39;49m[11;1H[?12l[?25h[?12;25h[54;35H[?25l[30m[48;5;250m1[39;49m[12;1H[?12l[?25h[?12;25h[54;35H[?25l[30m[48;5;250m2[39;49m[13;1H[?12l[?25h[?12;25h[54;35H[?25l[30m[48;5;250m3[39;49m[14;1H[?12l[?25h[?12;25h[54;35H[?25l[30m[48;5;250m4[39;49m[15;1H[?12l[?25h[?12;25h[54;35H[?25l[30m[48;5;250m5[39;49m[16;1H[?12l[?25h[?12;25h[54;35H[?25l[30m[48;5;250m6[39;49m[17;1H[?12l[?25h[?12;25h[54;35H[?25l[30m[48;5;250m7[39;49m[18;1H[?12l[?25h[?12;25h[54;35H[?25l[30m[48;5;250m8[39;49m[19;1H[?12l[?25h[?12;25h[54;35H[?25l[30m[48;5;250m9[39;49m[20;1H[?12l[?25h[?12;25h[54;34H[?25l[30m[48;5;250m20[39;49m[21;1H[?12l[?25h[?12;25h[54;35H[?25l[30m[48;5;250m1[39;49m[22;1H[?12l[?25h[?12;25h[54;35H[?25l[30m[48;5;250m2[39;49m[23;1H[?12l[?25h[?12;25h[54;35H[?25l[30m[48;5;250m3[39;49m[24;1H[?12l[?25h[?12;25h[54;35H[?25l[30m[48;5;250m4[39;49m[25;1H[?12l[?25h[?12;25h[54;35H[?25l[30m[48;5;250m5[39;49m[26;1H[?12l[?25h[?12;25h[54;35H[?25l[30m[48;5;250m6[39;49m[27;1H[?12l[?25h[?12;25h[54;35H[?25l[30m[48;5;250m7[39;49m[28;1H[?12l[?25h[?12;25h[54;35H[?25l[30m[48;5;250m8[39;49m[29;1H[?12l[?25h[?12;25h[54;35H[?25l[30m[48;5;250m9[39;49m[30;1H[?12l[?25h[?12;25h[54;34H[?25l[30m[48;5;250m30[39;49m[31;1H[?12l[?25h[?12;25h[54;35H[?25l[30m[48;5;250m1[39;49m[32;1H[?12l[?25h[?12;25h[54;35H[?25l[30m[48;5;250m2[39;49m[33;1H[?12l[?25h[?12;25h[54;35H[?25l[30m[48;5;250m3[39;49m[34;1H[?12l[?25h[?12;25h[54;35H[?25l[30m[48;5;250m4[39;49m[35;1H[?12l[?25h[?12;25h[54;35H[?25l[30m[48;5;250m5[39;49m[36;1H[?12l[?25h[?12;25h[54;35H[?25l[30m[48;5;250m6[39;49m[37;1H[?12l[?25h[?12;25h[54;35H[?25l[30m[48;5;250m7[39;49m[38;1H[?12l[?25h[?12;25h[54;35H[?25l[30m[48;5;250m8[39;49m[39;1H[?12l[?25h[?12;25h[54;35H[?25l[30m[48;5;250m9[39;49m[40;1H[?12l[?25h[?12;25h[54;34H[?25l[30m[48;5;250m40[39;49m[41;1H[?12l[?25h[?12;25h[54;35H[?25l[30m[48;5;250m1[39;49m[42;1H[?12l[?25h[?12;25h[54;35H[?25l[30m[48;5;250m2[39;49m[43;1H[?12l[?25h[?12;25h[54;35H[?25l[30m[48;5;250m3[39;49m[44;1H[?12l[?25h[?12;25h[54;35H[?25l[30m[48;5;250m4[39;49m[45;1H[?12l[?25h[?12;25h[54;35H[?25l[30m[48;5;250m5[39;49m[46;1H[?12l[?25h[?12;25h[54;35H[?25l[30m[48;5;250m6[39;49m[47;1H[?12l[?25h[?12;25h[54;35H[?25l[30m[48;5;250m7[39;49m[48;1H[?12l[?25h[?12;25h[54;35H[?25l[30m[48;5;250m8[39;49m[49;1H[?12l[?25h[?12;25h[54;35H[?25l[30m[48;5;250m9[39;49m[50;1H[?12l[?25h[?12;25h[54;34H[?25l[30m[48;5;250m50[39;49m[51;1H[?12l[?25h[?12;25h[54;35H[?25l[30m[48;5;250m1[39;49m[52;1H[?12l[?25h[?12;25h[54;35H[?25l[30m[48;5;250m2[39;49m[A[?12l[?25h[?12;25h[1;53r[2;1H[26M[1;55r[28;1H[?25l  }[K
  [38;5;129mreturn[39;49m 0;[K
}[K
[K
[K
[K
[K
[K
[K
[K
[K
[K
[K
[K
[K
[K
[K
[K
[K
[K
[K
[K
[K
[K
[K
[K[54;29H[30m[48;5;250mBot L53[39;49m[28;1H[?12l[?25h[?12;25h[54;35H[?25l[30m[48;5;250m4[39;49m[29;1H[?12l[?25h[?12;25h[54;35H[?25l[30m[48;5;250m5[39;49m[30;1H[?12l[?25h[?12;25h[54;35H[?25l[30m[48;5;250m6[39;49m[31;1H[?12l[?25h[?12;25h[55d[?25lEnd of buffer[31;1H[?12l[?25h[?12;25h[55d[K[54;35H[?25l[30m[48;5;250m5[39;49m[30;1H[?12l[?25h[?12;25h[54;35H[?25l[30m[48;5;250m4[39;49m[29;1H[?12l[?25h[?12;25h[54;35H[?25l[30m[48;5;250m3[39;49m[28;1H[?12l[?25h[?12;25h[54;35H[?25l[30m[48;5;250m2[39;49m[27;1H[?12l[?25h[?12;25h[54;35H[?25l[30m[48;5;250m1[39;49m[26;1H[?12l[?25h[?12;25h[54;35H[?25l[30m[48;5;250m0[39;49m[25;1H[?12l[?25h[?12;25h[54;34H[?25l[30m[48;5;250m49[39;49m[24;1H[?12l[?25h[?12;25h[54;35H[?25l[30m[48;5;250m8[39;49m[23;1H[?12l[?25h[?12;25h[54;35H[?25l[30m[48;5;250m7[39;49m[22;1H[?12l[?25h[?12;25h[54;35H[?25l[30m[48;5;250m6[39;49m[21;1H[?12l[?25h[?12;25h[54;35H[?25l[30m[48;5;250m5[39;49m[20;1H[?12l[?25h[?12;25h[54;35H[?25l[30m[48;5;250m4[39;49m[19;1H[?12l[?25h[?12;25h[54;35H[?25l[30m[48;5;250m3[39;49m[18;1H[?12l[?25h[?12;25h[54;35H[?25l[30m[48;5;250m2[39;49m[17;1H[?12l[?25h[?12;25h[54;35H[?25l[30m[48;5;250m1[39;49m[16;1H[?12l[?25h[?12;25h[54;35H[?25l[30m[48;5;250m0[39;49m[15;1H[?12l[?25h[?12;25h[54;34H[?25l[30m[48;5;250m39[39;49m[14;1H[?12l[?25h[?12;25h[54;35H[?25l[30m[48;5;250m8[39;49m[13;1H[?12l[?25h[?12;25h[54;35H[?25l[30m[48;5;250m7[39;49m[12;1H[?12l[?25h[?12;25h[54;35H[?25l[30m[48;5;250m6[39;49m[11;1H[?12l[?25h[?12;25h[54;35H[?25l[30m[48;5;250m5[39;49m[10;1H[?12l[?25h[?12;25h[54;35H[?25l[30m[48;5;250m4[39;49m[9;1H[?12l[?25h[?12;25h[54;35H[?25l[30m[48;5;250m3[39;49m[8;1H[?12l[?25h[?12;25h[54;35H[?25l[30m[48;5;250m2[39;49m[7;1H[?12l[?25h[?12;25h[54;35H[?25l[30m[48;5;250m1[39;49m[6;1H[?12l[?25h[?12;25h[54;35H[?25l[30m[48;5;250m0[39;49m[5;1H[?12l[?25h[?12;25h[54;34H[?25l[30m[48;5;250m29[39;49m[4;1H[?12l[?25h[?12;25h[54;35H[?25l[30m[48;5;250m8[39;49m[H

[?12l[?25h[?12;25h[54;35H[?25l[30m[48;5;250m7[39;49m[H
[?12l[?25h[?12;25h[54;35H[?25l[30m[48;5;250m8[39;49m[H

[?12l[?25h[?12;25h[54;35H[?25l[30m[48;5;250m9[39;49m[4;1H[?12l[?25h[?12;25h[54;34H[?25l[30m[48;5;250m30[39;49m[5;1H[?12l[?25h[?12;25h[54;35H[?25l[30m[48;5;250m1[39;49m[6;1H[?12l[?25h[?12;25h[54;35H[?25l[30m[48;5;250m2[39;49m[7;1H[?12l[?25h[?12;25h[54;35H[?25l[30m[48;5;250m3[39;49m[8;1H[?12l[?25h[?12;25h[54;35H[?25l[30m[48;5;250m4[39;49m[9;1H[?12l[?25h[?12;25h[54;35H[?25l[30m[48;5;250m5[39;49m[10;1H[?12l[?25h[?12;25h[54;35H[?25l[30m[48;5;250m6[39;49m[11;1H[?12l[?25h[?12;25h[54;35H[?25l[30m[48;5;250m7[39;49m[12;1H[?12l[?25h[?12;25h[54;35H[?25l[30m[48;5;250m8[39;49m[13;1H[?12l[?25h[?12;25h[54;35H[?25l[30m[48;5;250m9[39;49m[14;1H[?12l[?25h[?12;25h[54;34H[?25l[30m[48;5;250m40[39;49m[15;1H[?12l[?25h[?12;25h[54;35H[?25l[30m[48;5;250m1[39;49m[16;1H[?12l[?25h[?12;25h[54;35H[?25l[30m[48;5;250m2[39;49m[17;1H[?12l[?25h[?12;25h[54;35H[?25l[30m[48;5;250m3[39;49m[18;1H[?12l[?25h[?12;25h[54;35H[?25l[30m[48;5;250m4[39;49m[19;1H[?12l[?25h[?12;25h[54;35H[?25l[30m[48;5;250m5[39;49m[20;1H[?12l[?25h[?12;25h[54;35H[?25l[30m[48;5;250m6[39;49m[21;1H[?12l[?25h[?12;25h[54;35H[?25l[30m[48;5;250m7[39;49m[22;1H[?12l[?25h[?12;25h[54;35H[?25l[30m[48;5;250m6[39;49m[21;1H[?12l[?25h[?12;25h[54;35H[?25l[30m[48;5;250m5[39;49m[20;1H[?12l[?25h[?12;25h[54;35H[?25l[30m[48;5;250m4[39;49m[19;1H[?12l[?25h[?12;25h[54;35H[?25l[30m[48;5;250m3[39;49m[18;1H[?12l[?25h[?12;25h[54;35H[?25l[30m[48;5;250m2[39;49m[17;1H[?12l[?25h[?12;25h[54;35H[?25l[30m[48;5;250m1[39;49m[16;1H[?12l[?25h[?12;25h[54;35H[?25l[30m[48;5;250m0[39;49m[15;1H[?12l[?25h[?12;25h[C[C[C[C[C[C		[C[C[C[C[C[C		[C[C[C[C[C[C		[C[C[C[C[C[C		[?25l[38;5;89m"[39;49m);[K[54;6H[30m[48;5;250m**[39;49m[15;32H[?12l[?25h[?12;25h[?25l[38;5;89ma"[39;49m);[?12l[?25h[?12;25h[55;1H[?25lSaving file /home/estern7/i220a/submit/lab12/exercises/file-copy/file-copy.c...[15;33H[?12l[?25h[?12;25h[55;1H[?25lWrote /home/estern7/i220a/submit/lab12/exercises/file-copy/file-copy.c[K[15;33H[?12l[?25h[?12;25h[54;6H[?25l[30m[48;5;250m--[39;49m[15;33H[?12l[?25h[?12;25h[55;1H[K[15;33H[55;1H[K[?2004l[?1l>[?12l[?25h[?1049l[23;0;0t[39;49mestern7@remote03:~/i220a/submit/lab12/exercises/file-copy$ emacs file-copy.cls[Kwc -l tfile-copy Makefile[2P./file-copy Makefile t[3@file-copy.c[C[C
estern7@remote03:~/i220a/submit/lab12/exercises/file-copy$ ./file-copy file-copy.c t[8Pemacs file-copy.cls[Kwc -l tfile-copy Makefile
   14 file-copy
   10 Makefile
   24 total
estern7@remote03:~/i220a/submit/lab12/exercises/file-copy$ wc -l t
55 t
estern7@remote03:~/i220a/submit/lab12/exercises/file-copy$ rm -f t [K
estern7@remote03:~/i220a/submit/lab12/exercises/file-copy$ rm -f twc -l[C[Cfile-copy Makefile./file-copy file-copy.c t
estern7@remote03:~/i220a/submit/lab12/exercises/file-copy$ ./file-copy file-copy.c trm -f t[Kwc -l[C[Cfile-copy Makefile. Makefilec Makefile[1P./file-copy file-copy.c t[8Pemacs file-copy.cls[Kwc -l tfile-copy Makefile[2P./file-copy Makefile t
estern7@remote03:~/i220a/submit/lab12/exercises/file-copy$ wc -l t
10 t
estern7@remote03:~/i220a/submit/lab12/exercises/file-copy$ wc -l t[15@./file-copy Makefile[C[C[3@file-copy.c[C[Crm -f t[Kwc -l[C[Cfile-copy.c Makefile
  55 file-copy.c
  10 Makefile
  65 total
estern7@remote03:~/i220a/submit/lab12/exercises/file-copy$ make
gcc -g -Wall -std=c11    file-copy.c   -o file-copy
estern7@remote03:~/i220a/submit/lab12/exercises/file-copy$ rm -f t
estern7@remote03:~/i220a/submit/lab12/exercises/file-copy$ rm -f t[3Pmakewc -l file-copy.c Makefilet[K[15@./file-copy Makefile[C[C[3@file-copy.c[C[C
estern7@remote03:~/i220a/submit/lab12/exercises/file-copy$ ./file-copy file-copy.c trm -f t[K[3Pmakewc -l file-copy.c Makefilet[K[15@./file-copy Makefile[C[C
estern7@remote03:~/i220a/submit/lab12/exercises/file-copy$ ./file-copy Makefile t[3@file-copy.c[C[Crm -f t[K[3Pmakewc -l file-copy.c Makefile
  55 file-copy.c
  10 Makefile
  65 total
estern7@remote03:~/i220a/submit/lab12/exercises/file-copy$ wc -l file-copy.c Makefile[4P./file-copy Makefile t[3@file-copy.c[C[Crm -f t[K[3Pmakewc -l file-copy.c Makefilet[K
65 t
estern7@remote03:~/i220a/submit/lab12/exercises/file-copy$ clear
[H[2J[3Jestern7@remote03:~/i220a/submit/lab12/exercises/file-copy$ cd ..
estern7@remote03:~/i220a/submit/lab12/exercises$ cd no-buffer-copy/
estern7@remote03:~/i220a/submit/lab12/exercises/no-buffer-copy$ emacs no-buffer-copy.c 
[?1049h[22;0;0t[?12;25h[?1h=[H[2J[55d[K[?1l>[?12l[?25h[?1049l[23;0;0t[39;49m[?1049h[22;0;0t[?12;25h[?1h=[H[2J[54d[?25l[30m[47m-UUU:----F1  [39;49m[1m[30m[47m*scratch*   [0m[39;49m[30m[47m   All L1     (Fundamental) ----------------------------------------------------------------[39;49m
[A[2d[?12l[?25h[?12;25h[55d[?25lLoading /etc/emacs/site-start.d/00debian.el (source)...done[K[H
[?12l[?25h[?12;25h[55;33H[?25l50a2ps.el (source)...[K[H
[?12l[?25h[?12;25h[55;54H[?25ldone[H
[?12l[?25h[?12;25h[55;36H[?25lsymptote.el (source)...[H
[?12l[?25h[?12;25h[55;59H[?25ldone[H
[?12l[?25h[?12;25h[55;36H[?25lutoconf.el (source)...[K[H
[?12l[?25h[?12;25h[55;58H[?25ldone[H
[?12l[?25h[?12;25h[55;35H[?25lcmake-data.el (source)...[K[H
[?12l[?25h[?12;25h[55;60H[?25ldone[H
[?12l[?25h[?12;25h[55;35H[?25ldevhelp.el (source)...[K[H
[?12l[?25h[?12;25h[55;57H[?25ldone[H
[?12l[?25h[?12;25h[55;36H[?25lictionaries-common.el (source)...[H
[?12l[?25h[?12;25h[55;9H[?25ldebian-ispell...[K[H
[?12l[?25h[?12;25h[55;9H[?25l/var/cache/dictionaries-common/emacsen-ispell-default.el (source)...[H
[?12l[?25h[?12;25h[55;77H[?25ldone[H
[?12l[?25h[?12;25h[55;9H[?25ldebian-ispell...done[K[H
[?12l[?25h[?12;25h[55;9H[?25l/var/cache/dictionaries-common/emacsen-ispell-dicts.el (source)...[H
[?12l[?25h[?12;25h[55;75H[?25ldone[H
[?12l[?25h[?12;25h[55;10H[?25letc/emacs/site-start.d/50dictionaries-common[6P[H
[?12l[?25h[?12;25h[55;35H[?25lerlang-mode.el (source)...[K[H
[?12l[?25h[?12;25h[55;61H[?25ldone[H
[?12l[?25h[?12;25h[55;35H[?25lhaskell-mode.el (source)...[K[H
[?12l[?25h[?12;25h[55;10H[?25lusr/share/emacs/site-lisp/elpa/haskel[34@l-mode-16.1/haskell-mode-autoloads[H
[?12l[?25h[?12;25h[55;96H[?25ldone[H
[?12l[?25h[?12;25h[55;10H[?25letc/emacs/site-start.d/50haskell-mode[34P[H
[?12l[?25h[?12;25h[55;35H[?25llatex-cjk-common.el (source)...[H
[?12l[?25h[?12;25h[55;10H[?25lusr/share/emacs/site-lisp/latex-cjk-commo[9@n/cjk-enc[H
[?12l[?25h[?12;25h[55;75H[?25ldone[H
[?12l[?25h[?12;25h[55;10H[?25letc/emacs/site-start.d/50latex-cjk-common[9P[H
[?12l[?25h[?12;25h[55;45H[?25lthai.el (source)...[K[H
[?12l[?25h[?12;25h[55;64H[?25ldone[H
[?12l[?25h[?12;25h[55;35H[?25lpsvn.el (source)...[K[H
[?12l[?25h[?12;25h[55;54H[?25ldone[H
[?12l[?25h[?12;25h[55;36H[?25lython-docutils.el (source)...[H
[?12l[?25h[?12;25h[55;65H[?25ldone[H
[?12l[?25h[?12;25h[55;35H[?25ltcsh.el (source)...[K[H
[?12l[?25h[?12;25h[55;54H[?25ldone[H
[?12l[?25h[?12;25h[55;36H[?25lexlive-lang-english.el (source)...[H
[?12l[?25h[?12;25h[55;70H[?25ldone[H
[?12l[?25h[?12;25h[>0c[55d[?25lLoading /etc/emacs/site-start.d/50texlive-lang-english.el (source)...done[K[H[7mFile Edit Options Buffers Tools Lisp-Interaction Help                                                                [0m[39;49m[27m
[A
[K
[K
[K
[K
[K
[K
[K
[K
[K
[K
[K
[K
[K
[K
[K
[K
[K
[K
[K
[K
[K
[K
[K
[K
[K
[K
[K
[K
[K
[K
[K
[K
[K
[K
[K
[K
[K
[K
[K
[K
[K
[K
[K
[K
[K
[K
[K
[K
[K
[K
[K
[K
[30m[48;5;250m-UUU:----F1  [39;49m[1m[30m[48;5;250m*scratch*   [0m[39;49m[30m[48;5;250m   All L1     (Lisp Interaction ElDoc) -----------------------------------------------------[39;49m
[A[2d[?12l[?25h[?12;25h[?2004h[55d[?25lFor information about GNU Emacs and the GNU system, type C-h C-a.[K[H
[?12l[?25h[?12;25h[55d[?25lFor information about GNU Emacs and the GNU system, type C-h C-a.[K[H[7mFile Edit Options Buffers Tools C Help                                                                               [0m[39;49m[27m
[A
[38;5;60m#include[39;49m [38;5;89m<errno.h>[39;49m[K
[38;5;60m#include[39;49m [38;5;89m<stdbool.h>[39;49m[K
[38;5;60m#include[39;49m [38;5;89m<stdio.h>[39;49m[K
[38;5;60m#include[39;49m [38;5;89m<stdlib.h>[39;49m[K
[38;5;60m#include[39;49m [38;5;89m<string.h>[39;49m[K
[K
[38;5;129mstatic[39;49m [38;5;28mvoid[39;49m[K
[38;5;21mdoCopy[39;49m([38;5;129mconst[39;49m [38;5;28mchar[39;49m *[38;5;130minName[39;49m, [38;5;28mFILE[39;49m *[38;5;130min[39;49m, [38;5;129mconst[39;49m [38;5;28mchar[39;49m *[38;5;130moutName[39;49m, [38;5;28mFILE[39;49m *[38;5;130mout[39;49m)[K
{[K
  [38;5;28mint[39;49m [38;5;130mc[39;49m;[K
  [38;5;129mwhile[39;49m ((c = fgetc(in)) != EOF) {[K
    [38;5;129mif[39;49m (fputc(c, out) == EOF) {[K
      fprintf(stderr, [38;5;89m"error writing to %s: %s\n"[39;49m, outName, strerror(errno));[K
      exit(1);[K
    }[K
  }[K
}[K
[K
[38;5;124m/** Output number of chars in file specified by single command-line                                                  [39;49m
[A
[38;5;124m *  argument.                                                                                                        [39;49m
[A
[38;5;124m */[39;49m[K
[38;5;28mint[39;49m[K
[38;5;21mmain[39;49m([38;5;28mint[39;49m [38;5;130margc[39;49m, [38;5;129mconst[39;49m [38;5;28mchar[39;49m *[38;5;130margv[39;49m[])[K
{[K
  [38;5;129mif[39;49m (argc != 3 && argc != 4) {[K
    fprintf(stderr, [38;5;89m"usage: %s SRC_NAME DEST_NAME [IS_BUFFERED]\n"[39;49m, argv[0]);[K
    exit(1);[K
  }[K
  [38;5;129mconst[39;49m [38;5;28mbool[39;49m [38;5;130misBuffered[39;49m = argc == 4 && atoi(argv[3]) == 1;[K
  [38;5;129mconst[39;49m [38;5;28mint[39;49m [38;5;130mbufMode[39;49m = (isBuffered) ? _IOFBF : _IONBF;[K
  [38;5;129mconst[39;49m [38;5;28mchar[39;49m *[38;5;130msrcName[39;49m = argv[1];[K
  [38;5;129mconst[39;49m [38;5;28mchar[39;49m *[38;5;130mdestName[39;49m = argv[2];[K
  [38;5;28mFILE[39;49m *[38;5;130min[39;49m = fopen(srcName, [38;5;89m"r"[39;49m);[K
  [38;5;129mif[39;49m (!in) {[K
    fprintf(stderr, [38;5;89m"cannot read %s: %s\n"[39;49m, srcName, strerror(errno));[K
    exit(1);[K
  }[K
  [38;5;129mif[39;49m (setvbuf(in, [38;5;30mNULL[39;49m, bufMode, 0) != 0) {[K
    fprintf(stderr, [38;5;89m"cannot set %d buffering for  %s: %s\n"[39;49m, isBuffered,[K
            srcName, strerror(errno));[K
    exit(1);[K
  }[K
  [38;5;28mFILE[39;49m *[38;5;130mout[39;49m = fopen(destName, [38;5;89m"w"[39;49m);[K
  [38;5;129mif[39;49m (!out) {[K
    fprintf(stderr, [38;5;89m"cannot write %s: %s\n"[39;49m, destName, strerror(errno));[K
    exit(1);[K
  }[K
  [38;5;129mif[39;49m (setvbuf(out, [38;5;30mNULL[39;49m, bufMode, 0) != 0) {[K
    fprintf(stderr, [38;5;89m"cannot set %d buffering for  %s: %s\n"[39;49m, isBuffered,[K
            destName, strerror(errno));[K
    exit(1);[K
  }[K
[30m[48;5;250m-UU-:----F1  [39;49m[1m[30m[48;5;250mno-buffer-copy.c[0m[39;49m[30m[48;5;250m   Top L1    Git-lab12  (C/*l Abbrev) --------------------------------------------------[39;49m
[A[2d[?12l[?25h[?12;25h[55d[K[54;38H[?25l[30m[48;5;250m2[39;49m[H

[?12l[?25h[?12;25h[54;38H[?25l[30m[48;5;250m3[39;49m[4;1H[?12l[?25h[?12;25h[54;38H[?25l[30m[48;5;250m4[39;49m[5;1H[?12l[?25h[?12;25h[54;38H[?25l[30m[48;5;250m5[39;49m[6;1H[?12l[?25h[?12;25h[54;38H[?25l[30m[48;5;250m6[39;49m[7;1H[?12l[?25h[?12;25h[54;38H[?25l[30m[48;5;250m7[39;49m[8;1H[?12l[?25h[?12;25h[54;38H[?25l[30m[48;5;250m8[39;49m[9;1H[?12l[?25h[?12;25h[54;38H[?25l[30m[48;5;250m9[39;49m[10;1H[?12l[?25h[?12;25h[54;38H[?25l[30m[48;5;250m10[39;49m[11;1H[?12l[?25h[?12;25h[54;39H[?25l[30m[48;5;250m1[39;49m[12;1H[?12l[?25h[?12;25h[54;39H[?25l[30m[48;5;250m2[39;49m[13;1H[?12l[?25h[?12;25h[54;39H[?25l[30m[48;5;250m3[39;49m[14;1H[?12l[?25h[?12;25h[54;39H[?25l[30m[48;5;250m4[39;49m[15;1H[?12l[?25h[?12;25h[54;39H[?25l[30m[48;5;250m5[39;49m[16;1H[?12l[?25h[?12;25h[54;39H[?25l[30m[48;5;250m6[39;49m[17;1H[?12l[?25h[?12;25h[54;39H[?25l[30m[48;5;250m7[39;49m[18;1H[?12l[?25h[?12;25h[54;39H[?25l[30m[48;5;250m8[39;49m[19;1H[?12l[?25h[?12;25h[54;39H[?25l[30m[48;5;250m9[39;49m[20;1H[?12l[?25h[?12;25h[54;38H[?25l[30m[48;5;250m20[39;49m[21;1H[?12l[?25h[?12;25h[54;39H[?25l[30m[48;5;250m1[39;49m[22;1H[?12l[?25h[?12;25h[54;39H[?25l[30m[48;5;250m2[39;49m[23;1H[?12l[?25h[?12;25h[54;39H[?25l[30m[48;5;250m3[39;49m[24;1H[?12l[?25h[?12;25h[54;39H[?25l[30m[48;5;250m4[39;49m[25;1H[?12l[?25h[?12;25h[54;39H[?25l[30m[48;5;250m5[39;49m[26;1H[?12l[?25h[?12;25h[54;39H[?25l[30m[48;5;250m6[39;49m[27;1H[?12l[?25h[?12;25h[54;39H[?25l[30m[48;5;250m7[39;49m[28;1H[?12l[?25h[?12;25h[54;39H[?25l[30m[48;5;250m8[39;49m[29;1H[?12l[?25h[?12;25h[54;39H[?25l[30m[48;5;250m9[39;49m[30;1H[?12l[?25h[?12;25h[54;38H[?25l[30m[48;5;250m30[39;49m[31;1H[?12l[?25h[?12;25h[54;39H[?25l[30m[48;5;250m1[39;49m[32;1H[?12l[?25h[?12;25h[54;39H[?25l[30m[48;5;250m2[39;49m[33;1H[?12l[?25h[?12;25h[54;39H[?25l[30m[48;5;250m3[39;49m[34;1H[?12l[?25h[?12;25h[54;39H[?25l[30m[48;5;250m4[39;49m[35;1H[?12l[?25h[?12;25h[54;39H[?25l[30m[48;5;250m5[39;49m[36;1H[?12l[?25h[?12;25h[54;39H[?25l[30m[48;5;250m6[39;49m[37;1H[?12l[?25h[?12;25h[54;39H[?25l[30m[48;5;250m7[39;49m[38;1H[?12l[?25h[?12;25h[54;39H[?25l[30m[48;5;250m8[39;49m[39;1H[?12l[?25h[?12;25h[54;39H[?25l[30m[48;5;250m9[39;49m[40;1H[?12l[?25h[?12;25h[54;38H[?25l[30m[48;5;250m40[39;49m[41;1H[?12l[?25h[?12;25h[54;39H[?25l[30m[48;5;250m1[39;49m[42;1H[?12l[?25h[?12;25h[54;39H[?25l[30m[48;5;250m2[39;49m[43;1H[?12l[?25h[?12;25h[54;39H[?25l[30m[48;5;250m3[39;49m[44;1H[?12l[?25h[?12;25h[54;39H[?25l[30m[48;5;250m4[39;49m[45;1H[?12l[?25h[?12;25h[54;39H[?25l[30m[48;5;250m5[39;49m[46;1H[?12l[?25h[?12;25h[54;39H[?25l[30m[48;5;250m6[39;49m[47;1H[?12l[?25h[?12;25h[54;39H[?25l[30m[48;5;250m7[39;49m[48;1H[?12l[?25h[?12;25h[54;39H[?25l[30m[48;5;250m8[39;49m[49;1H[?12l[?25h[?12;25h[54;39H[?25l[30m[48;5;250m9[39;49m[50;1H[?12l[?25h[?12;25h[54;38H[?25l[30m[48;5;250m50[39;49m[51;1H[?12l[?25h[?12;25h[54;39H[?25l[30m[48;5;250m1[39;49m[52;1H[?12l[?25h[?12;25h[54;39H[?25l[30m[48;5;250m2[39;49m[A[?12l[?25h[?12;25h[1;53r[2;1H[26M[1;55r[28;1H[?25l  doCopy(srcName, in, destName, out);[K
  [38;5;129mif[39;49m (fclose(in) != 0) {[K
    fprintf(stderr, [38;5;89m"cannot close %s: %s\n"[39;49m, srcName, strerror(errno));[K
    exit(1);[K
  }[K
  [38;5;129mif[39;49m (fclose(out) != 0) {[K
    fprintf(stderr, [38;5;89m"cannot close %s: %s\n"[39;49m, destName, strerror(errno));[K
    exit(1);[K
  }[K
  [38;5;129mreturn[39;49m 0;[K
}[K
[K
[K
[K
[K
[K
[K
[K
[K
[K
[K
[K
[K
[K
[K
[K
				[30m[48;5;250mBot L53[39;49m[28;1H[?12l[?25h[?12;25h[54;39H[?25l[30m[48;5;250m4[39;49m[29;1H[?12l[?25h[?12;25h[54;39H[?25l[30m[48;5;250m5[39;49m[30;1H[?12l[?25h[?12;25h[54;39H[?25l[30m[48;5;250m6[39;49m[31;1H[?12l[?25h[?12;25h[54;39H[?25l[30m[48;5;250m7[39;49m[32;1H[?12l[?25h[?12;25h[54;39H[?25l[30m[48;5;250m8[39;49m[33;1H[?12l[?25h[?12;25h[54;39H[?25l[30m[48;5;250m9[39;49m[34;1H[?12l[?25h[?12;25h[54;38H[?25l[30m[48;5;250m60[39;49m[35;1H[?12l[?25h[?12;25h[54;39H[?25l[30m[48;5;250m1[39;49m[36;1H[?12l[?25h[?12;25h[54;39H[?25l[30m[48;5;250m2[39;49m[37;1H[?12l[?25h[?12;25h[54;39H[?25l[30m[48;5;250m3[39;49m[38;1H[?12l[?25h[?12;25h[54;39H[?25l[30m[48;5;250m4[39;49m[39;1H[?12l[?25h[?12;25h[55d[?25lEnd of buffer[39;1H[?12l[?25h[?12;25h[55d[K[39d[55d[?25l(No changes need to be saved)[39;1H[?12l[?25h[?12;25h[55d[K[39d[55d[K[?2004l[?1l>[?12l[?25h[?1049l[23;0;0t[39;49mestern7@remote03:~/i220a/submit/lab12/exercises/no-buffer-copy$ time ./[K[K[K[K[K[K[Kmake
gcc -g -Wall -std=c11    no-buffer-copy.c   -o no-buffer-copy
estern7@remote03:~/i220a/submit/lab12/exercises/no-buffer-copy$ clear
[H[2J[3Jestern7@remote03:~/i220a/submit/lab12/exercises/no-buffer-copy$ time ./no-buffer-copy `which gcc` /dev/null 1

real	0m0.018s
user	0m0.010s
sys	0m0.003s
estern7@remote03:~/i220a/submit/lab12/exercises/no-buffer-copy$ time ./no-buffer-copy `which gcc` /dev/null 1[K0

real	0m1.671s
user	0m0.968s
sys	0m0.701s
estern7@remote03:~/i220a/submit/lab12/exercises/no-buffer-copy$ cd ..
estern7@remote03:~/i220a/submit/lab12/exercises$ cd rec-io/
estern7@remote03:~/i220a/submit/lab12/exercises/rec-io$ emacs gen-rand-points.c 
[?1049h[22;0;0t[?12;25h[?1h=[H[2J[55d[K[?1l>[?12l[?25h[?1049l[23;0;0t[39;49m[?1049h[22;0;0t[?12;25h[?1h=[H[2J[54d[?25l[30m[47m-UUU:----F1  [39;49m[1m[30m[47m*scratch*   [0m[39;49m[30m[47m   All L1     (Fundamental) ----------------------------------------------------------------[39;49m
[A[2d[?12l[?25h[?12;25h[55d[?25lLoading /etc/emacs/site-start.d/00debian.el (source)...done[K[H
[?12l[?25h[?12;25h[55;33H[?25l50a2ps.el (source)...[K[H
[?12l[?25h[?12;25h[55;54H[?25ldone[H
[?12l[?25h[?12;25h[55;36H[?25lsymptote.el (source)...[H
[?12l[?25h[?12;25h[55;59H[?25ldone[H
[?12l[?25h[?12;25h[55;36H[?25lutoconf.el (source)...[K[H
[?12l[?25h[?12;25h[55;58H[?25ldone[H
[?12l[?25h[?12;25h[55;35H[?25lcmake-data.el (source)...[K[H
[?12l[?25h[?12;25h[55;60H[?25ldone[H
[?12l[?25h[?12;25h[55;35H[?25ldevhelp.el (source)...[K[H
[?12l[?25h[?12;25h[55;57H[?25ldone[H
[?12l[?25h[?12;25h[55;36H[?25lictionaries-common.el (source)...[H
[?12l[?25h[?12;25h[55;9H[?25ldebian-ispell...[K[H
[?12l[?25h[?12;25h[55;9H[?25l/var/cache/dictionaries-common/emacsen-ispell-default.el (source)...[H
[?12l[?25h[?12;25h[55;77H[?25ldone[H
[?12l[?25h[?12;25h[55;9H[?25ldebian-ispell...done[K[H
[?12l[?25h[?12;25h[55;9H[?25l/var/cache/dictionaries-common/emacsen-ispell-dicts.el (source)...[H
[?12l[?25h[?12;25h[55;75H[?25ldone[H
[?12l[?25h[?12;25h[55;10H[?25letc/emacs/site-start.d/50dictionaries-common[6P[H
[?12l[?25h[?12;25h[55;35H[?25lerlang-mode.el (source)...[K[H
[?12l[?25h[?12;25h[55;61H[?25ldone[H
[?12l[?25h[?12;25h[55;35H[?25lhaskell-mode.el (source)...[K[H
[?12l[?25h[?12;25h[55;10H[?25lusr/share/emacs/site-lisp/elpa/haskel[34@l-mode-16.1/haskell-mode-autoloads[H
[?12l[?25h[?12;25h[55;96H[?25ldone[H
[?12l[?25h[?12;25h[55;10H[?25letc/emacs/site-start.d/50haskell-mode[34P[H
[?12l[?25h[?12;25h[55;35H[?25llatex-cjk-common.el (source)...[H
[?12l[?25h[?12;25h[55;10H[?25lusr/share/emacs/site-lisp/latex-cjk-commo[9@n/cjk-enc[H
[?12l[?25h[?12;25h[55;75H[?25ldone[H
[?12l[?25h[?12;25h[55;10H[?25letc/emacs/site-start.d/50latex-cjk-common[9P[H
[?12l[?25h[?12;25h[55;45H[?25lthai.el (source)...[K[H
[?12l[?25h[?12;25h[55;64H[?25ldone[H
[?12l[?25h[?12;25h[55;35H[?25lpsvn.el (source)...[K[H
[?12l[?25h[?12;25h[55;54H[?25ldone[H
[?12l[?25h[?12;25h[55;36H[?25lython-docutils.el (source)...[H
[?12l[?25h[?12;25h[55;65H[?25ldone[H
[?12l[?25h[?12;25h[55;35H[?25ltcsh.el (source)...[K[H
[?12l[?25h[?12;25h[55;54H[?25ldone[H
[?12l[?25h[?12;25h[55;36H[?25lexlive-lang-english.el (source)...[H
[?12l[?25h[?12;25h[55;70H[?25ldone[H
[?12l[?25h[?12;25h[>0c[55d[?25lLoading /etc/emacs/site-start.d/50texlive-lang-english.el (source)...done[K[H[7mFile Edit Options Buffers Tools Lisp-Interaction Help                                                                [0m[39;49m[27m
[A
[K
[K
[K
[K
[K
[K
[K
[K
[K
[K
[K
[K
[K
[K
[K
[K
[K
[K
[K
[K
[K
[K
[K
[K
[K
[K
[K
[K
[K
[K
[K
[K
[K
[K
[K
[K
[K
[K
[K
[K
[K
[K
[K
[K
[K
[K
[K
[K
[K
[K
[K
[K
[30m[48;5;250m-UUU:----F1  [39;49m[1m[30m[48;5;250m*scratch*   [0m[39;49m[30m[48;5;250m   All L1     (Lisp Interaction ElDoc) -----------------------------------------------------[39;49m
[A[2d[?12l[?25h[?12;25h[?2004h[55d[?25lFor information about GNU Emacs and the GNU system, type C-h C-a.[K[H
[?12l[?25h[?12;25h[55d[?25lFor information about GNU Emacs and the GNU system, type C-h C-a.[K[H[7mFile Edit Options Buffers Tools C Help                                                                               [0m[39;49m[27m
[A
[38;5;60m#include[39;49m [38;5;89m<errno.h>[39;49m[K
[38;5;60m#include[39;49m [38;5;89m<math.h>[39;49m[K
[38;5;60m#include[39;49m [38;5;89m<stdlib.h>[39;49m[K
[38;5;60m#include[39;49m [38;5;89m<stdio.h>[39;49m[K
[38;5;60m#include[39;49m [38;5;89m<string.h>[39;49m[K
[K
[38;5;60m#include[39;49m [38;5;89m"point2.h"[39;49m[K
[K
[38;5;129mstatic[39;49m [38;5;28mvoid[39;49m [38;5;129m__attribute__[39;49m((noreturn))[K
[38;5;21musage[39;49m([38;5;129mconst[39;49m [38;5;28mchar[39;49m *[38;5;130mprogName[39;49m)[K
{[K
  fprintf(stderr, [38;5;89m"usage: %s N_POINTS OUT_FILE\n"[39;49m, progName);[K
  exit(1);[K
}[K
[K
[38;5;129mstatic[39;49m [38;5;28mint[39;49m[K
[38;5;21mrandCoord[39;49m([38;5;28mvoid[39;49m)[K
{[K
  [38;5;129menum[39;49m { [38;5;130mMAX[39;49m = 1000 }; [38;5;124m//exclusive                                                                                   [39;49m
[A
  [38;5;124m//statistically unsound; see                                                                                       [39;49m
[A
  [38;5;124m//<https://stackoverflow.com/questions/4195958/how-do-i-scale-down-numbers-from-rand>                              [39;49m
[A
  [38;5;129mreturn[39;49m rand() % MAX;[K
}[K
[K
[38;5;28mint[39;49m[K
[38;5;21mmain[39;49m([38;5;28mint[39;49m [38;5;130margc[39;49m, [38;5;129mconst[39;49m [38;5;28mchar[39;49m *[38;5;130margv[39;49m[])[K
{[K
  [38;5;129mif[39;49m (argc != 3) usage(argv[0]);[K
  [38;5;28mint[39;49m [38;5;130mnPoints[39;49m = atoi(argv[1]);[K
  [38;5;129mif[39;49m (nPoints <= 0) usage(argv[0]);[K
  [38;5;129mconst[39;49m [38;5;28mchar[39;49m *[38;5;130moutName[39;49m = argv[2];[K
  [38;5;28mFILE[39;49m *[38;5;130mout[39;49m = fopen(outName, [38;5;89m"w"[39;49m);[K
  [38;5;129mif[39;49m (!out) {[K
    fprintf(stderr, [38;5;89m"cannot write %s: %s\n"[39;49m, outName, strerror(errno));[K
    exit(1);[K
  }[K
  [38;5;28mdouble[39;49m [38;5;130msum[39;49m = 0.0;[K
  [38;5;129mfor[39;49m ([38;5;28mint[39;49m [38;5;130mi[39;49m = 0; i < nPoints; i++) {[K
    [38;5;28mPoint2[39;49m [38;5;130mpoint2[39;49m = { .x = randCoord(), .y = randCoord(), };[K
    [38;5;129mif[39;49m (fwrite(&point2, [38;5;129msizeof[39;49m(Point2), 1, out) != 1) {[K
      fprintf(stderr, [38;5;89m"cannot write Point2(%d, %d) to %s: %s\n"[39;49m,[K
              point2.x, point2.y, outName, strerror(errno));[K
      exit(1);[K
    }[K
    [38;5;28mdouble[39;49m [38;5;130mmag[39;49m = magnitudePoint2(&point2);[K
    sum += mag;[K
  }[K
  fprintf(stderr, [38;5;89m"average magnitude = %g\n"[39;49m, sum/nPoints);[K
  [38;5;129mif[39;49m (fclose(out) != 0) {[K
    fprintf(stderr, [38;5;89m"cannot close %s: %s\n"[39;49m, outName, strerror(errno));[K
    exit(1);[K
  }[K
[30m[48;5;250m-UU-:----F1  [39;49m[1m[30m[48;5;250mgen-rand-points.c[0m[39;49m[30m[48;5;250m   Top L1    Git-lab12  (C/*l Abbrev) -------------------------------------------------[39;49m
[A[2d[?12l[?25h[?12;25h[55d[K[2d[55d[?25l(No changes need to be saved)[H
[?12l[?25h[?12;25h[55d[K[2d[55d[K[?2004l[?1l>[?12l[?25h[?1049l[23;0;0t[39;49mestern7@remote03:~/i220a/submit/lab12/exercises/rec-io$ make gen-rand-points.c 
make: Nothing to be done for 'gen-rand-points.c'.
estern7@remote03:~/i220a/submit/lab12/exercises/rec-io$ make
gcc -g -Wall -std=c11   -c -o gen-rand-points.o gen-rand-points.c
gcc   gen-rand-points.o  -lm -o gen-rand-points
gcc -g -Wall -std=c11   -c -o stat-points.o stat-points.c
gcc -g -Wall -std=c11   -c -o dyn-array.o dyn-array.c
gcc   stat-points.o dyn-array.o  -lm -o stat-points
estern7@remote03:~/i220a/submit/lab12/exercises/rec-io$ make clean
rm -f gen-rand-points stat-points *.o *~
estern7@remote03:~/i220a/submit/lab12/exercises/rec-io$ make gen-rand-points.c [K[K[K
gcc -g -Wall -std=c11   -c -o gen-rand-points.o gen-rand-points.c
gcc   gen-rand-points.o  -lm -o gen-rand-points
estern7@remote03:~/i220a/submit/lab12/exercises/rec-io$ ./gen-rand-points 100 points.dat
average magnitude = 752.156
estern7@remote03:~/i220a/submit/lab12/exercises/rec-io$ emacs point.dat
[?1049h[22;0;0t[?12;25h[?1h=[H[2J[55d[K[?1l>[?12l[?25h[?1049l[23;0;0t[39;49m[?1049h[22;0;0t[?12;25h[?1h=[H[2J[54d[?25l[30m[47m-UUU:----F1  [39;49m[1m[30m[47m*scratch*   [0m[39;49m[30m[47m   All L1     (Fundamental) ----------------------------------------------------------------[39;49m
[A[2d[?12l[?25h[?12;25h[55d[?25lLoading /etc/emacs/site-start.d/00debian.el (source)...done[K[H
[?12l[?25h[?12;25h[55;33H[?25l50a2ps.el (source)...[K[H
[?12l[?25h[?12;25h[55;54H[?25ldone[H
[?12l[?25h[?12;25h[55;36H[?25lsymptote.el (source)...[H
[?12l[?25h[?12;25h[55;59H[?25ldone[H
[?12l[?25h[?12;25h[55;36H[?25lutoconf.el (source)...[K[H
[?12l[?25h[?12;25h[55;58H[?25ldone[H
[?12l[?25h[?12;25h[55;35H[?25lcmake-data.el (source)...[K[H
[?12l[?25h[?12;25h[55;60H[?25ldone[H
[?12l[?25h[?12;25h[55;35H[?25ldevhelp.el (source)...[K[H
[?12l[?25h[?12;25h[55;57H[?25ldone[H
[?12l[?25h[?12;25h[55;36H[?25lictionaries-common.el (source)...[H
[?12l[?25h[?12;25h[55;9H[?25ldebian-ispell...[K[H
[?12l[?25h[?12;25h[55;9H[?25l/var/cache/dictionaries-common/emacsen-ispell-default.el (source)...[H
[?12l[?25h[?12;25h[55;77H[?25ldone[H
[?12l[?25h[?12;25h[55;9H[?25ldebian-ispell...done[K[H
[?12l[?25h[?12;25h[55;9H[?25l/var/cache/dictionaries-common/emacsen-ispell-dicts.el (source)...[H
[?12l[?25h[?12;25h[55;75H[?25ldone[H
[?12l[?25h[?12;25h[55;10H[?25letc/emacs/site-start.d/50dictionaries-common[6P[H
[?12l[?25h[?12;25h[55;35H[?25lerlang-mode.el (source)...[K[H
[?12l[?25h[?12;25h[55;61H[?25ldone[H
[?12l[?25h[?12;25h[55;35H[?25lhaskell-mode.el (source)...[K[H
[?12l[?25h[?12;25h[55;10H[?25lusr/share/emacs/site-lisp/elpa/haskel[34@l-mode-16.1/haskell-mode-autoloads[H
[?12l[?25h[?12;25h[55;96H[?25ldone[H
[?12l[?25h[?12;25h[55;10H[?25letc/emacs/site-start.d/50haskell-mode[34P[H
[?12l[?25h[?12;25h[55;35H[?25llatex-cjk-common.el (source)...[H
[?12l[?25h[?12;25h[55;10H[?25lusr/share/emacs/site-lisp/latex-cjk-commo[9@n/cjk-enc[H
[?12l[?25h[?12;25h[55;75H[?25ldone[H
[?12l[?25h[?12;25h[55;10H[?25letc/emacs/site-start.d/50latex-cjk-common[9P[H
[?12l[?25h[?12;25h[55;45H[?25lthai.el (source)...[K[H
[?12l[?25h[?12;25h[55;64H[?25ldone[H
[?12l[?25h[?12;25h[55;35H[?25lpsvn.el (source)...[K[H
[?12l[?25h[?12;25h[55;54H[?25ldone[H
[?12l[?25h[?12;25h[55;36H[?25lython-docutils.el (source)...[H
[?12l[?25h[?12;25h[55;65H[?25ldone[H
[?12l[?25h[?12;25h[55;35H[?25ltcsh.el (source)...[K[H
[?12l[?25h[?12;25h[55;54H[?25ldone[H
[?12l[?25h[?12;25h[55;36H[?25lexlive-lang-english.el (source)...[H
[?12l[?25h[?12;25h[55;70H[?25ldone[H
[?12l[?25h[?12;25h[>0c[55d[?25lLoading /etc/emacs/site-start.d/50texlive-lang-english.el (source)...done[K[H[7mFile Edit Options Buffers Tools Lisp-Interaction Help                                                                [0m[39;49m[27m
[A
[K
[K
[K
[K
[K
[K
[K
[K
[K
[K
[K
[K
[K
[K
[K
[K
[K
[K
[K
[K
[K
[K
[K
[K
[K
[K
[K
[K
[K
[K
[K
[K
[K
[K
[K
[K
[K
[K
[K
[K
[K
[K
[K
[K
[K
[K
[K
[K
[K
[K
[K
[K
[30m[48;5;250m-UUU:----F1  [39;49m[1m[30m[48;5;250m*scratch*   [0m[39;49m[30m[48;5;250m   All L1     (Lisp Interaction ElDoc) -----------------------------------------------------[39;49m
[A[2d[?12l[?25h[?12;25h[?2004h[55d[?25lFor information about GNU Emacs and the GNU system, type C-h C-a.[K[H
[?12l[?25h[?12;25h[55d[?25l(New file)[K[H
[?12l[?25h[?12;25h[55d[?25l(New file)[K[H[7mFile Edit Options Buffers Tools Help                                                                                 [0m[39;49m[27m
[A
[K
[K
[K
[K
[K
[K
[K
[K
[K
[K
[K
[K
[K
[K
[K
[K
[K
[K
[K
[K
[K
[K
[K
[K
[K
[K
[K
[K
[K
[K
[K
[K
[K
[K
[K
[K
[K
[K
[K
[K
[K
[K
[K
[K
[K
[K
[K
[K
[K
[K
[K
[K
[30m[48;5;250m-UUU:----F1  [39;49m[1m[30m[48;5;250mpoint.dat   [0m[39;49m[30m[48;5;250m   All L1     (Fundamental) ----------------------------------------------------------------[39;49m
[A[2d[?12l[?25h[?12;25h[55d[K[2d[55d[K[?2004l[?1l>[?12l[?25h[?1049l[23;0;0t[39;49mestern7@remote03:~/i220a/submit/lab12/exercises/rec-io$ emacs point.dats.dat
[?1049h[22;0;0t[?12;25h[?1h=[H[2J[55d[K[?1l>[?12l[?25h[?1049l[23;0;0t[39;49m[?1049h[22;0;0t[?12;25h[?1h=[H[2J[54d[?25l[30m[47m-UUU:----F1  [39;49m[1m[30m[47m*scratch*   [0m[39;49m[30m[47m   All L1     (Fundamental) ----------------------------------------------------------------[39;49m
[A[2d[?12l[?25h[?12;25h[55d[?25lLoading /etc/emacs/site-start.d/00debian.el (source)...done[K[H
[?12l[?25h[?12;25h[55;33H[?25l50a2ps.el (source)...[K[H
[?12l[?25h[?12;25h[55;54H[?25ldone[H
[?12l[?25h[?12;25h[55;36H[?25lsymptote.el (source)...[H
[?12l[?25h[?12;25h[55;59H[?25ldone[H
[?12l[?25h[?12;25h[55;36H[?25lutoconf.el (source)...[K[H
[?12l[?25h[?12;25h[55;58H[?25ldone[H
[?12l[?25h[?12;25h[55;35H[?25lcmake-data.el (source)...[K[H
[?12l[?25h[?12;25h[55;60H[?25ldone[H
[?12l[?25h[?12;25h[55;35H[?25ldevhelp.el (source)...[K[H
[?12l[?25h[?12;25h[55;57H[?25ldone[H
[?12l[?25h[?12;25h[55;36H[?25lictionaries-common.el (source)...[H
[?12l[?25h[?12;25h[55;9H[?25ldebian-ispell...[K[H
[?12l[?25h[?12;25h[55;9H[?25l/var/cache/dictionaries-common/emacsen-ispell-default.el (source)...[H
[?12l[?25h[?12;25h[55;77H[?25ldone[H
[?12l[?25h[?12;25h[55;9H[?25ldebian-ispell...done[K[H
[?12l[?25h[?12;25h[55;9H[?25l/var/cache/dictionaries-common/emacsen-ispell-dicts.el (source)...[H
[?12l[?25h[?12;25h[55;75H[?25ldone[H
[?12l[?25h[?12;25h[55;10H[?25letc/emacs/site-start.d/50dictionaries-common[6P[H
[?12l[?25h[?12;25h[55;35H[?25lerlang-mode.el (source)...[K[H
[?12l[?25h[?12;25h[55;61H[?25ldone[H
[?12l[?25h[?12;25h[55;35H[?25lhaskell-mode.el (source)...[K[H
[?12l[?25h[?12;25h[55;10H[?25lusr/share/emacs/site-lisp/elpa/haskel[34@l-mode-16.1/haskell-mode-autoloads[H
[?12l[?25h[?12;25h[55;96H[?25ldone[H
[?12l[?25h[?12;25h[55;10H[?25letc/emacs/site-start.d/50haskell-mode[34P[H
[?12l[?25h[?12;25h[55;35H[?25llatex-cjk-common.el (source)...[H
[?12l[?25h[?12;25h[55;10H[?25lusr/share/emacs/site-lisp/latex-cjk-commo[9@n/cjk-enc[H
[?12l[?25h[?12;25h[55;75H[?25ldone[H
[?12l[?25h[?12;25h[55;10H[?25letc/emacs/site-start.d/50latex-cjk-common[9P[H
[?12l[?25h[?12;25h[55;45H[?25lthai.el (source)...[K[H
[?12l[?25h[?12;25h[55;64H[?25ldone[H
[?12l[?25h[?12;25h[55;35H[?25lpsvn.el (source)...[K[H
[?12l[?25h[?12;25h[55;54H[?25ldone[H
[?12l[?25h[?12;25h[55;36H[?25lython-docutils.el (source)...[H
[?12l[?25h[?12;25h[55;65H[?25ldone[H
[?12l[?25h[?12;25h[55;35H[?25ltcsh.el (source)...[K[H
[?12l[?25h[?12;25h[55;54H[?25ldone[H
[?12l[?25h[?12;25h[55;36H[?25lexlive-lang-english.el (source)...[H
[?12l[?25h[?12;25h[55;70H[?25ldone[H
[?12l[?25h[?12;25h[>0c[55d[?25lLoading /etc/emacs/site-start.d/50texlive-lang-english.el (source)...done[K[H[7mFile Edit Options Buffers Tools Lisp-Interaction Help                                                                [0m[39;49m[27m
[A
[K
[K
[K
[K
[K
[K
[K
[K
[K
[K
[K
[K
[K
[K
[K
[K
[K
[K
[K
[K
[K
[K
[K
[K
[K
[K
[K
[K
[K
[K
[K
[K
[K
[K
[K
[K
[K
[K
[K
[K
[K
[K
[K
[K
[K
[K
[K
[K
[K
[K
[K
[K
[30m[48;5;250m-UUU:----F1  [39;49m[1m[30m[48;5;250m*scratch*   [0m[39;49m[30m[48;5;250m   All L1     (Lisp Interaction ElDoc) -----------------------------------------------------[39;49m
[A[2d[?12l[?25h[?12;25h[?2004h[55d[?25lFor information about GNU Emacs and the GNU system, type C-h C-a.[K[H
[?12l[?25h[?12;25h[55d[?25lFor information about GNU Emacs and the GNU system, type C-h C-a.[K[H[7mFile Edit Options Buffers Tools Help                                                                                 [0m[39;49m[27m
[A
[38;5;124m^?^A^@^@[39;49mv[38;5;124m^C^@^@[39;49m [38;5;124m^C^@^@\223^C^@^@^Y^C^@^@[39;49mO[38;5;124m^A^@^@\202^A^@^@\354^A^@^@\211^B^@^@\245^A^@^@[39;49mj[38;5;124m^A^@^@^[^@^@^@\262^B^@^@[39;49m;[38;5;124m^@^[39;49m\
[A
[38;5;124m@^@\373^B^@^@\236^C^@^@^\^B^@^@\252^A^@^@\254^@^@^@\340^B^@^@\323^@^@^@[39;49mp[38;5;124m^A^@^@[39;49m7[38;5;124m^B^@^@\255^A^@^@^N^C^@^@^R^B^@^@[39;49m^[38;5;124m^C^@[39;49m\
[A
[38;5;124m^@[39;49m{[38;5;124m^@^@^@[39;49mC[38;5;124m^@^@^@\207^@^@^@\241^C^@^@[39;49m"[38;5;124m^C^@^@^V^@^@^@[39;49m:[38;5;124m^@^@^@[39;49mE[38;5;124m^@^@^@\247^@^@^@\211^A^@^@\310^A^@^@^K^@^@^@[39;49m*[38;5;124m^@^@^@\345^@[39;49m\
[A
[38;5;124m^@^@[39;49mu[38;5;124m^A^@^@\245^A^@^@\227^C^@^@^P^C^@^@^Y^B^@^@\306^@^@^@[39;49mD[38;5;124m^A^@^@[39;49m;[38;5;124m^A^@^@[39;49mr[38;5;124m^A^@^@\235^A^@^@^N^B^@^@[39;49m[[38;5;124m^@^@^@\324^C^@^@\27[39;49m\
[A
[38;5;124m4^C^@^@[39;49mi[38;5;124m^C^@^@[39;49m^[38;5;124m^C^@^@\252^@^@^@\344^C^@^@^Y^A^@^@[39;49m1[38;5;124m^A^@^@\235^C^@^@[39;49mT[38;5;124m^@^@^@[39;49mG[38;5;124m^A^@^@[39;49mP[38;5;124m^A^@^@\371^A^@^@[39;49mN[38;5;124m^C^@^@\331^B^@^@[39;49m9[38;5;124m^[39;49m\
[A
[38;5;124mA^@^@[39;49mY[38;5;124m^C^@^@[39;49m|[38;5;124m^@^@^@^?^C^@^@[39;49mF[38;5;124m^B^@^@[39;49m![38;5;124m^B^@^@[39;49m.[38;5;124m^C^@^@[39;49mo[38;5;124m^A^@^@\262^A^@^@[39;49ml[38;5;124m^A^@^@[39;49m+[38;5;124m^@^@^@\356^B^@^@[39;49mW[38;5;124m^@^@^@[39;49m([38;5;124m^C^@^@^T^A^@^@\262^[39;49m\
[A
[38;5;124m@^@^@^T^C^@^@[39;49mH[38;5;124m^B^@^@\223^A^@^@\213^B^@^@\362^B^@^@\217^A^@^@\244^C^@^@[39;49m<[38;5;124m^@^@^@\244^B^@^@[39;49mp[38;5;124m^A^@^@\343^B^@^@^L^@^@^@\342[39;49m\
[A
[38;5;124m^@^@^@[39;49mJ[38;5;124m^B^@^@[39;49m^[38;5;124m^@^@^@^[^B^@^@^[^C^@^@[39;49m:[38;5;124m^B^@^@\262^A^@^@[39;49mz[38;5;124m^A^@^@\323^A^@^@[39;49mY[38;5;124m^B^@^@[39;49ma[38;5;124m^@^@^@\206^C^@^@[39;49m=[38;5;124m^A^@^@\354^A^@^@\214^[39;49m\
[A
[38;5;124mB^@^@\364^B^@^@[39;49m-[38;5;124m^A^@^@^X^A^@^@^^^A^@^@\271^A^@^@[39;49ma[38;5;124m^C^@^@\261^B^@^@\274^A^@^@[39;49mk[38;5;124m^B^@^@\270^A^@^@\331^B^@^@^_^@^@^@[39;49mu[38;5;124m^@^@^[39;49m\
[A
[38;5;124m@[39;49ma[38;5;124m^@^@^@^C^C^@^@\341^A^@^@\243^B^@^@\305^B^@^@\237^C^@^@[39;49m7[38;5;124m^B^@^@[39;49mX[38;5;124m^C^@^@\361^A^@^@[39;49ma[38;5;124m^A^@^@[39;49mJ[38;5;124m^B^@^@\305^C^@^@[39;49m2[38;5;124m^A^@^@\253^[39;49m\
[A
[38;5;124mB^@^@\333^@^@^@[39;49mp[38;5;124m^B^@^@^P^B^@^@[39;49mg[38;5;124m^C^@^@\334^B^@^@[39;49m=[38;5;124m^C^@^@\367^A^@^@^S^@^@^@^N^A^@^@[39;49mp[38;5;124m^A^@^@\304^B^@^@\313^B^@^@[39;49mT[38;5;124m^A^@^@\2[39;49m\
[A
[38;5;124m25^@^@^@^\^C^@^@\323^B^@^@[39;49mj[38;5;124m^B^@^@\365^@^@^@[39;49mN[38;5;124m^C^@^@\303^A^@^@\231^C^@^@[39;49m+[38;5;124m^B^@^@[39;49m{[38;5;124m^A^@^@\350^A^@^@\374^B^@^@\344^@^@^@[39;49mI[38;5;124m^[39;49m\
[A
[38;5;124mC^@^@[39;49m^[38;5;124m^A^@^@\301^@^@^@\364^A^@^@[39;49m"[38;5;124m^@^@^@\374^B^@^@[39;49m|[38;5;124m^@^@^@\222^C^@^@\333^C^@^@[39;49mX[38;5;124m^C^@^@\347^B^@^@\353^A^@^@\343^@^@^@[39;49mm[38;5;124m^A[39;49m\
[A
[38;5;124m^@^@[39;49m[[38;5;124m^C^@^@\250^C^@^@\260^A^@^@[39;49m'[38;5;124m^B^@^@\265^A^@^@\344^@^@^@^S^A^@^@\227^A^@^@\332^A^@^@[39;49my[38;5;124m^@^@^@[39;49mZ[38;5;124m^C^@^@\213^A^@^@^]^@^@[39;49m\
[A
[38;5;124m^@\355^@^@^@\353^@^@^@^Y^C^@^@[39;49m2[38;5;124m^C^@^@\254^A^@^@\217^@^@^@^K^@^@^@\240^C^@^@^Q^B^@^@[39;49m[K
[K
[K
[K
[K
[K
[K
[K
[K
[K
[K
[K
[K
[K
[K
[K
[K
[K
[K
[K
[K
[K
[K
[K
[K
[K
[K
[K
[K
[K
[K
[K
[K
[K
[K
[K
[K
[K
[30m[48;5;250m-UU=:----F1  [39;49m[1m[30m[48;5;250mpoints.dat  [0m[39;49m[30m[48;5;250m   All L1    Git:lab12  (Fundamental) ------------------------------------------------------[39;49m
[A[2d[?12l[?25h[?12;25h[55d[K[2d[55d[?25l(No changes need to be saved)[H
[?12l[?25h[?12;25h[55d[K[2d[55d[K[?2004l[?1l>[?12l[?25h[?1049l[23;0;0t[39;49mestern7@remote03:~/i220a/submit/lab12/exercises/rec-io$ make stat-points.c [K[K[K
gcc -g -Wall -std=c11   -c -o stat-points.o stat-points.c
gcc -g -Wall -std=c11   -c -o dyn-array.o dyn-array.c
gcc   stat-points.o dyn-array.o  -lm -o stat-points
estern7@remote03:~/i220a/submit/lab12/exercises/rec-io$ ./stat-points points.dat 
min = 43.4166
average = 752.156
median = 773.59
max = 1306.49
estern7@remote03:~/i220a/submit/lab12/exercises/rec-io$ sl[K[Kls
dyn-array.c  dyn-array.o      gen-rand-points.c  Makefile  points.dat	stat-points.c
dyn-array.h  gen-rand-points  gen-rand-points.o  point2.h  stat-points	stat-points.o
estern7@remote03:~/i220a/submit/lab12/exercises/rec-io$ emacs dyn-array.c
[?1049h[22;0;0t[?12;25h[?1h=[H[2J[55d[K[?1l>[?12l[?25h[?1049l[23;0;0t[39;49m[?1049h[22;0;0t[?12;25h[?1h=[H[2J[54d[?25l[30m[47m-UUU:----F1  [39;49m[1m[30m[47m*scratch*   [0m[39;49m[30m[47m   All L1     (Fundamental) ----------------------------------------------------------------[39;49m
[A[2d[?12l[?25h[?12;25h[55d[?25lLoading /etc/emacs/site-start.d/00debian.el (source)...done[K[H
[?12l[?25h[?12;25h[55;33H[?25l50a2ps.el (source)...[K[H
[?12l[?25h[?12;25h[55;54H[?25ldone[H
[?12l[?25h[?12;25h[55;36H[?25lsymptote.el (source)...[H
[?12l[?25h[?12;25h[55;59H[?25ldone[H
[?12l[?25h[?12;25h[55;36H[?25lutoconf.el (source)...[K[H
[?12l[?25h[?12;25h[55;58H[?25ldone[H
[?12l[?25h[?12;25h[55;35H[?25lcmake-data.el (source)...[K[H
[?12l[?25h[?12;25h[55;60H[?25ldone[H
[?12l[?25h[?12;25h[55;35H[?25ldevhelp.el (source)...[K[H
[?12l[?25h[?12;25h[55;57H[?25ldone[H
[?12l[?25h[?12;25h[55;36H[?25lictionaries-common.el (source)...[H
[?12l[?25h[?12;25h[55;9H[?25ldebian-ispell...[K[H
[?12l[?25h[?12;25h[55;9H[?25l/var/cache/dictionaries-common/emacsen-ispell-default.el (source)...[H
[?12l[?25h[?12;25h[55;77H[?25ldone[H
[?12l[?25h[?12;25h[55;9H[?25ldebian-ispell...done[K[H
[?12l[?25h[?12;25h[55;9H[?25l/var/cache/dictionaries-common/emacsen-ispell-dicts.el (source)...[H
[?12l[?25h[?12;25h[55;75H[?25ldone[H
[?12l[?25h[?12;25h[55;10H[?25letc/emacs/site-start.d/50dictionaries-common[6P[H
[?12l[?25h[?12;25h[55;35H[?25lerlang-mode.el (source)...[K[H
[?12l[?25h[?12;25h[55;61H[?25ldone[H
[?12l[?25h[?12;25h[55;35H[?25lhaskell-mode.el (source)...[K[H
[?12l[?25h[?12;25h[55;10H[?25lusr/share/emacs/site-lisp/elpa/haskel[34@l-mode-16.1/haskell-mode-autoloads[H
[?12l[?25h[?12;25h[55;96H[?25ldone[H
[?12l[?25h[?12;25h[55;10H[?25letc/emacs/site-start.d/50haskell-mode[34P[H
[?12l[?25h[?12;25h[55;35H[?25llatex-cjk-common.el (source)...[H
[?12l[?25h[?12;25h[55;10H[?25lusr/share/emacs/site-lisp/latex-cjk-commo[9@n/cjk-enc[H
[?12l[?25h[?12;25h[55;75H[?25ldone[H
[?12l[?25h[?12;25h[55;10H[?25letc/emacs/site-start.d/50latex-cjk-common[9P[H
[?12l[?25h[?12;25h[55;45H[?25lthai.el (source)...[K[H
[?12l[?25h[?12;25h[55;64H[?25ldone[H
[?12l[?25h[?12;25h[55;35H[?25lpsvn.el (source)...[K[H
[?12l[?25h[?12;25h[55;54H[?25ldone[H
[?12l[?25h[?12;25h[55;36H[?25lython-docutils.el (source)...[H
[?12l[?25h[?12;25h[55;65H[?25ldone[H
[?12l[?25h[?12;25h[55;35H[?25ltcsh.el (source)...[K[H
[?12l[?25h[?12;25h[55;54H[?25ldone[H
[?12l[?25h[?12;25h[55;36H[?25lexlive-lang-english.el (source)...[H
[?12l[?25h[?12;25h[55;70H[?25ldone[H
[?12l[?25h[?12;25h[>0c[55d[?25lLoading /etc/emacs/site-start.d/50texlive-lang-english.el (source)...done[K[H[7mFile Edit Options Buffers Tools Lisp-Interaction Help                                                                [0m[39;49m[27m
[A
[K
[K
[K
[K
[K
[K
[K
[K
[K
[K
[K
[K
[K
[K
[K
[K
[K
[K
[K
[K
[K
[K
[K
[K
[K
[K
[K
[K
[K
[K
[K
[K
[K
[K
[K
[K
[K
[K
[K
[K
[K
[K
[K
[K
[K
[K
[K
[K
[K
[K
[K
[K
[30m[48;5;250m-UUU:----F1  [39;49m[1m[30m[48;5;250m*scratch*   [0m[39;49m[30m[48;5;250m   All L1     (Lisp Interaction ElDoc) -----------------------------------------------------[39;49m
[A[2d[?12l[?25h[?12;25h[?2004h[55d[?25lFor information about GNU Emacs and the GNU system, type C-h C-a.[K[H
[?12l[?25h[?12;25h[55d[?25lFor information about GNU Emacs and the GNU system, type C-h C-a.[K[H[7mFile Edit Options Buffers Tools C Help                                                                               [0m[39;49m[27m
[A
[38;5;60m#include[39;49m [38;5;89m<errno.h>[39;49m[K
[38;5;60m#include[39;49m [38;5;89m<assert.h>[39;49m[K
[38;5;60m#include[39;49m [38;5;89m<stdlib.h>[39;49m[K
[38;5;60m#include[39;49m [38;5;89m<stdio.h>[39;49m[K
[38;5;60m#include[39;49m [38;5;89m<string.h>[39;49m[K
[K
[38;5;60m#include[39;49m [38;5;89m"dyn-array.h"[39;49m[K
[K
[38;5;129mstruct[39;49m [38;5;28mDynArray[39;49m {[K
  [38;5;28msize_t[39;49m [38;5;130melementSize[39;49m;  [38;5;124m/** size of a base element */[39;49m[K
  [38;5;28msize_t[39;49m [38;5;130mindex[39;49m;        [38;5;124m/** index of next free element */[39;49m[K
  [38;5;28msize_t[39;49m [38;5;130msize[39;49m;         [38;5;124m/** max number of elements for current elements[] */[39;49m[K
  [38;5;28mchar[39;49m *[38;5;130melements[39;49m;      [38;5;124m/** storage for elements */[39;49m[K
};[K
[K
[38;5;124m/** return newly allocated dynamic array for elements of size elementSize */[39;49m[K
[38;5;28mDynArray[39;49m *[K
[38;5;21mnewDynArray[39;49m([38;5;28msize_t[39;49m [38;5;130melementSize[39;49m)[K
{[K
  [38;5;28mDynArray[39;49m *[38;5;130mdynArray[39;49m = calloc(1, [38;5;129msizeof[39;49m(DynArray));[K
  [38;5;129mif[39;49m (!dynArray) {[K
    fprintf(stderr, [38;5;89m"cannot alloc DynArray: %s\n"[39;49m, strerror(errno));[K
    exit(1);[K
  }[K
  dynArray->elementSize = elementSize;[K
  [38;5;129mreturn[39;49m dynArray;[K
}[K
[K
[38;5;124m/** free all resources used by dynArray */[39;49m[K
[38;5;28mvoid[39;49m[K
[38;5;21mfreeDynArray[39;49m([38;5;28mDynArray[39;49m *[38;5;130mdynArray[39;49m)[K
{[K
  free(dynArray->elements);[K
  free(dynArray);[K
}[K
[K
[K
[38;5;124m/** Return &dynArray[i].  Element i must exist.  */[39;49m[K
[38;5;28mvoid[39;49m *[K
[38;5;21mgetElementDynArray[39;49m([38;5;129mconst[39;49m [38;5;28mDynArray[39;49m *[38;5;130mdynArray[39;49m, [38;5;28mint[39;49m [38;5;130mi[39;49m)[K
{[K
  assert(i < dynArray->index);[K
  [38;5;129mreturn[39;49m dynArray->elements + i*dynArray->elementSize;[K
}[K
[K
[38;5;124m/** Set dynArray[i] to *element.  Element i must exist.  Return                                                      [39;49m
[A
[38;5;124m * pointer to set element.                                                                                           [39;49m
[A
[38;5;124m */[39;49m[K
[38;5;28mvoid[39;49m *[K
[38;5;21msetElementDynArray[39;49m([38;5;28mDynArray[39;49m *[38;5;130mdynArray[39;49m, [38;5;28mint[39;49m [38;5;130mi[39;49m, [38;5;129mconst[39;49m [38;5;28mvoid[39;49m *[38;5;130melement[39;49m)[K
{[K
  assert(i < dynArray->index);[K
[30m[48;5;250m-UU-:----F1  [39;49m[1m[30m[48;5;250mdyn-array.c [0m[39;49m[30m[48;5;250m   Top L1    Git-lab12  (C/*l Abbrev) ------------------------------------------------------[39;49m
[A[2d[?12l[?25h[?12;25h[55d[K[2d[55d[?25l(No changes need to be saved)[H
[?12l[?25h[?12;25h[55d[K[2d[55d[K[?2004l[?1l>[?12l[?25h[?1049l[23;0;0t[39;49mestern7@remote03:~/i220a/submit/lab12/exercises/rec-io$ emacs stat-points.c
[?1049h[22;0;0t[?12;25h[?1h=[H[2J[55d[K[?1l>[?12l[?25h[?1049l[23;0;0t[39;49m[?1049h[22;0;0t[?12;25h[?1h=[H[2J[54d[?25l[30m[47m-UUU:----F1  [39;49m[1m[30m[47m*scratch*   [0m[39;49m[30m[47m   All L1     (Fundamental) ----------------------------------------------------------------[39;49m
[A[2d[?12l[?25h[?12;25h[55d[?25lLoading /etc/emacs/site-start.d/00debian.el (source)...done[K[H
[?12l[?25h[?12;25h[55;33H[?25l50a2ps.el (source)...[K[H
[?12l[?25h[?12;25h[55;54H[?25ldone[H
[?12l[?25h[?12;25h[55;36H[?25lsymptote.el (source)...[H
[?12l[?25h[?12;25h[55;59H[?25ldone[H
[?12l[?25h[?12;25h[55;36H[?25lutoconf.el (source)...[K[H
[?12l[?25h[?12;25h[55;58H[?25ldone[H
[?12l[?25h[?12;25h[55;35H[?25lcmake-data.el (source)...[K[H
[?12l[?25h[?12;25h[55;60H[?25ldone[H
[?12l[?25h[?12;25h[55;35H[?25ldevhelp.el (source)...[K[H
[?12l[?25h[?12;25h[55;57H[?25ldone[H
[?12l[?25h[?12;25h[55;36H[?25lictionaries-common.el (source)...[H
[?12l[?25h[?12;25h[55;9H[?25ldebian-ispell...[K[H
[?12l[?25h[?12;25h[55;9H[?25l/var/cache/dictionaries-common/emacsen-ispell-default.el (source)...[H
[?12l[?25h[?12;25h[55;77H[?25ldone[H
[?12l[?25h[?12;25h[55;9H[?25ldebian-ispell...done[K[H
[?12l[?25h[?12;25h[55;9H[?25l/var/cache/dictionaries-common/emacsen-ispell-dicts.el (source)...[H
[?12l[?25h[?12;25h[55;75H[?25ldone[H
[?12l[?25h[?12;25h[55;10H[?25letc/emacs/site-start.d/50dictionaries-common[6P[H
[?12l[?25h[?12;25h[55;35H[?25lerlang-mode.el (source)...[K[H
[?12l[?25h[?12;25h[55;61H[?25ldone[H
[?12l[?25h[?12;25h[55;35H[?25lhaskell-mode.el (source)...[K[H
[?12l[?25h[?12;25h[55;10H[?25lusr/share/emacs/site-lisp/elpa/haskel[34@l-mode-16.1/haskell-mode-autoloads[H
[?12l[?25h[?12;25h[55;96H[?25ldone[H
[?12l[?25h[?12;25h[55;10H[?25letc/emacs/site-start.d/50haskell-mode[34P[H
[?12l[?25h[?12;25h[55;35H[?25llatex-cjk-common.el (source)...[H
[?12l[?25h[?12;25h[55;10H[?25lusr/share/emacs/site-lisp/latex-cjk-commo[9@n/cjk-enc[H
[?12l[?25h[?12;25h[55;75H[?25ldone[H
[?12l[?25h[?12;25h[55;10H[?25letc/emacs/site-start.d/50latex-cjk-common[9P[H
[?12l[?25h[?12;25h[55;45H[?25lthai.el (source)...[K[H
[?12l[?25h[?12;25h[55;64H[?25ldone[H
[?12l[?25h[?12;25h[55;35H[?25lpsvn.el (source)...[K[H
[?12l[?25h[?12;25h[55;54H[?25ldone[H
[?12l[?25h[?12;25h[55;36H[?25lython-docutils.el (source)...[H
[?12l[?25h[?12;25h[55;65H[?25ldone[H
[?12l[?25h[?12;25h[55;35H[?25ltcsh.el (source)...[K[H
[?12l[?25h[?12;25h[55;54H[?25ldone[H
[?12l[?25h[?12;25h[55;36H[?25lexlive-lang-english.el (source)...[H
[?12l[?25h[?12;25h[55;70H[?25ldone[H
[?12l[?25h[?12;25h[>0c[55d[?25lLoading /etc/emacs/site-start.d/50texlive-lang-english.el (source)...done[K[H[7mFile Edit Options Buffers Tools Lisp-Interaction Help                                                                [0m[39;49m[27m
[A
[K
[K
[K
[K
[K
[K
[K
[K
[K
[K
[K
[K
[K
[K
[K
[K
[K
[K
[K
[K
[K
[K
[K
[K
[K
[K
[K
[K
[K
[K
[K
[K
[K
[K
[K
[K
[K
[K
[K
[K
[K
[K
[K
[K
[K
[K
[K
[K
[K
[K
[K
[K
[30m[48;5;250m-UUU:----F1  [39;49m[1m[30m[48;5;250m*scratch*   [0m[39;49m[30m[48;5;250m   All L1     (Lisp Interaction ElDoc) -----------------------------------------------------[39;49m
[A[2d[?12l[?25h[?12;25h[?2004h[55d[?25lFor information about GNU Emacs and the GNU system, type C-h C-a.[K[H
[?12l[?25h[?12;25h[55d[?25lFor information about GNU Emacs and the GNU system, type C-h C-a.[K[H[7mFile Edit Options Buffers Tools C Help                                                                               [0m[39;49m[27m
[A
[38;5;60m#include[39;49m [38;5;89m<assert.h>[39;49m[K
[38;5;60m#include[39;49m [38;5;89m<errno.h>[39;49m[K
[38;5;60m#include[39;49m [38;5;89m<math.h>[39;49m[K
[38;5;60m#include[39;49m [38;5;89m<stdlib.h>[39;49m[K
[38;5;60m#include[39;49m [38;5;89m<stdio.h>[39;49m[K
[38;5;60m#include[39;49m [38;5;89m<string.h>[39;49m[K
[K
[38;5;60m#include[39;49m [38;5;89m"dyn-array.h"[39;49m[K
[38;5;60m#include[39;49m [38;5;89m"point2.h"[39;49m[K
[K
[38;5;129mstatic[39;49m [38;5;28mvoid[39;49m[K
[38;5;21mreadPoints[39;49m([38;5;129mconst[39;49m [38;5;28mchar[39;49m *[38;5;130minName[39;49m, [38;5;28mDynArray[39;49m *[38;5;130mpoints[39;49m)[K
{[K
  [38;5;28mFILE[39;49m *[38;5;130min[39;49m = fopen(inName, [38;5;89m"r"[39;49m);[K
  [38;5;129mif[39;49m (!in) {[K
    fprintf(stderr, [38;5;89m"cannot read %s: %s\n"[39;49m, inName, strerror(errno));[K
    exit(1);[K
  }[K
  [38;5;28mPoint2[39;49m [38;5;130mpoint2[39;49m;[K
  [38;5;129mwhile[39;49m (fread(&point2, [38;5;129msizeof[39;49m(Point2), 1, in) == 1) {[K
    addElementDynArray(points, &point2);[K
  }[K
  [38;5;129mif[39;49m (fclose(in) != 0) {[K
    fprintf(stderr, [38;5;89m"cannot close %s: %s\n"[39;49m, inName, strerror(errno));[K
    exit(1);[K
  }[K
}[K
[K
[38;5;129mstatic[39;49m [38;5;28mint[39;49m[K
[38;5;21mcomparePoint2[39;49m([38;5;129mconst[39;49m [38;5;28mvoid[39;49m *[38;5;130mp1[39;49m, [38;5;129mconst[39;49m [38;5;28mvoid[39;49m *[38;5;130mp2[39;49m)[K
{[K
  [38;5;129mreturn[39;49m magnitudePoint2(p1) - magnitudePoint2(p2);[K
}[K
[K
[38;5;129mstatic[39;49m [38;5;28mdouble[39;49m[K
[38;5;21maveragePoints[39;49m([38;5;129mconst[39;49m [38;5;28mDynArray[39;49m *[38;5;130mpoints[39;49m)[K
{[K
  [38;5;129mconst[39;49m [38;5;28mint[39;49m [38;5;130mn[39;49m = nElementsDynArray(points);[K
  assert(n > 0);[K
  [38;5;28mdouble[39;49m [38;5;130msum[39;49m = 0;[K
  [38;5;129mfor[39;49m ([38;5;28mint[39;49m [38;5;130mi[39;49m = 0; i < n; i++) {[K
    [38;5;129mconst[39;49m [38;5;28mPoint2[39;49m *[38;5;130mp[39;49m = getElementDynArray(points, i);[K
    [38;5;28mdouble[39;49m [38;5;130mmag[39;49m = magnitudePoint2(p);[K
    sum += mag;[K
  }[K
  [38;5;129mreturn[39;49m sum/n;[K
}[K
[K
[38;5;129mstatic[39;49m [38;5;28mvoid[39;49m[K
[38;5;21mstatPoints[39;49m([38;5;28mDynArray[39;49m *[38;5;130mpoints[39;49m, [38;5;28mFILE[39;49m *[38;5;130mout[39;49m)[K
{[K
  sortDynArray(points, comparePoint2);[K
[30m[48;5;250m-UU-:----F1  [39;49m[1m[30m[48;5;250mstat-points.c[0m[39;49m[30m[48;5;250m   Top L1    Git:lab12  (C/*l Abbrev) -----------------------------------------------------[39;49m
[A[2d[?12l[?25h[?12;25h[55d[K[54;35H[?25l[30m[48;5;250m2[39;49m[H

[?12l[?25h[?12;25h[54;35H[?25l[30m[48;5;250m3[39;49m[4;1H[?12l[?25h[?12;25h[54;35H[?25l[30m[48;5;250m4[39;49m[5;1H[?12l[?25h[?12;25h[54;35H[?25l[30m[48;5;250m5[39;49m[6;1H[?12l[?25h[?12;25h[54;35H[?25l[30m[48;5;250m6[39;49m[7;1H[?12l[?25h[?12;25h[54;35H[?25l[30m[48;5;250m7[39;49m[8;1H[?12l[?25h[?12;25h[54;35H[?25l[30m[48;5;250m8[39;49m[9;1H[?12l[?25h[?12;25h[54;35H[?25l[30m[48;5;250m9[39;49m[10;1H[?12l[?25h[?12;25h[54;35H[?25l[30m[48;5;250m10[39;49m[11;1H[?12l[?25h[?12;25h[54;36H[?25l[30m[48;5;250m1[39;49m[12;1H[?12l[?25h[?12;25h[54;36H[?25l[30m[48;5;250m2[39;49m[13;1H[?12l[?25h[?12;25h[54;36H[?25l[30m[48;5;250m3[39;49m[14;1H[?12l[?25h[?12;25h[54;36H[?25l[30m[48;5;250m4[39;49m[15;1H[?12l[?25h[?12;25h[54;36H[?25l[30m[48;5;250m5[39;49m[16;1H[?12l[?25h[?12;25h[54;36H[?25l[30m[48;5;250m6[39;49m[17;1H[?12l[?25h[?12;25h[54;36H[?25l[30m[48;5;250m5[39;49m[16;1H[?12l[?25h[?12;25h[54;36H[?25l[30m[48;5;250m4[39;49m[15;1H[?12l[?25h[?12;25h[C[C[C[C[C[C		[C[C[C[C[C[C		[C[C[C[C[C[C		[C[C[C[C[C[?25l[38;5;89mb"[39;49m);[54;6H[30m[48;5;250m**[39;49m[15;31H[?12l[?25h[?12;25h[55;1H[?25l[38;5;20mI-search: [39;49m[15;31H[?12l[?25h[?12;25h[54;63H[?25l[30m[48;5;250m Isearch) [39;49m[15;31H[?12l[?25h[?12;25h[55;11H[?25lf[?12l[?25h[?12;25h[15;31H[16;4H[?25l[38;5;153m[45mf[39;49m[54;36H[30m[48;5;250m5[39;49m[16;5H[?12l[?25h[?12;25h[A[?25l[38;5;28m[48;5;159mF[39;49m[38;5;28mILE[39;49m *[38;5;130min[39;49m = [48;5;159mf[39;49m[17;5H[48;5;159mf[39;49mprint[48;5;159mf[39;49m



[48;5;159mf[39;49mread(&point2, [38;5;129msizeo[39;49m[38;5;129m[48;5;159mf[39;49m[24;4H[38;5;129m[48;5;159mf[39;49m ([48;5;159mf[39;49m
[48;5;159mf[39;49mprint[48;5;159mf[39;49m[42;3H[38;5;129m[48;5;159mf[39;49m[51;30H[38;5;28m[48;5;159mF[39;49m[16;5H[?12l[?25h[?12;25h[55;12H[?25lo[?12l[?25h[?12;25h[16;5H[?25l[38;5;129m[48;5;159mf[39;49m[42;3H[38;5;153m[45mfo[39;49m[54;35H[30m[48;5;250m41[39;49m[42;5H[?12l[?25h[?12;25h[15;3H[?25l[38;5;28mFILE[39;49m *[38;5;130min[39;49m = [48;5;159mfo[39;49m[16;4H[38;5;129mf[39;49m
fprintf



fread(&point2, [38;5;129msizeof[39;49m[24;4H[38;5;129mf[39;49m (f
fprintf[51;30H[38;5;28mF[39;49m[42;5H[?12l[?25h[?12;25h[55;13H[?25lp[?12l[?25h[?12;25h[?25l[38;5;20mFailing I-search: [39;49mfo[48;5;217mp[39;49m[42;5H[?12l[?25h[?12;25h[55;22H[?25l[48;5;217me[39;49m[42;5H[?12l[?25h[?12;25h[55;23H[?25l[48;5;217mn[39;49m[42;5H[?12l[?25h[?12;25h[15;16H[?25l[48;5;159mpen[39;49m[42;5H[?12l[?25h[?12;25h[55;23H[K[42;5H[15;18H[?25ln[42;5H[?12l[?25h[?12;25h[55;22H[K[42;5H[15;17H[?25le[42;5H[?12l[?25h[?12;25h[55;1H[?25l[38;5;20mI-search: [39;49mfo[K[42;5H[?12l[?25h[?12;25h[15;16H[?25lp[42;5H[?12l[?25h[?12;25h[55;13H[?25lp[?12l[?25h[?12;25h[?25l[38;5;20mFailing I-search: [39;49mfo[48;5;217mp[39;49m[42;5H[?12l[?25h[?12;25h[15;16H[?25l[48;5;159mp[39;49m[42;5H[?12l[?25h[?12;25h[55;1H[?25l[38;5;20mI-search: [39;49mfo[K[42;5H[?12l[?25h[?12;25h[15;16H[?25lp[42;5H[?12l[?25h[?12;25h[55;13H[?25lp[?12l[?25h[?12;25h[?25l[38;5;20mFailing I-search: [39;49mfo[48;5;217mp[39;49m[42;5H[?12l[?25h[?12;25h[55;22H[?25l[48;5;217me[39;49m[42;5H[?12l[?25h[?12;25h[55;23H[?25l[48;5;217mn[39;49m[42;5H[?12l[?25h[?12;25h[15;16H[?25l[48;5;159mpen[39;49m[42;5H[?12l[?25h[?12;25h[55;1H[?25lMark saved where search started[42;5H[?12l[?25h[?12;25h[15;14H[?25lfopen[42;3H[38;5;129mfo[39;49m[54;63H[30m[48;5;250m) --------[39;49m[42;5H[?12l[?25h[?12;25h[55;1H[K[54;36H[?25l[30m[48;5;250m0[39;49m[41;5H[?12l[?25h[?12;25h[54;35H[?25l[30m[48;5;250m39[39;49m[40;5H[?12l[?25h[?12;25h[54;36H[?25l[30m[48;5;250m8[39;49m[39;5H[?12l[?25h[?12;25h[54;36H[?25l[30m[48;5;250m7[39;49m[38;2H[?12l[?25h[?12;25h[54;36H[?25l[30m[48;5;250m6[39;49m[37;5H[?12l[?25h[?12;25h[54;36H[?25l[30m[48;5;250m5[39;49m[36;5H[?12l[?25h[?12;25h[54;36H[?25l[30m[48;5;250m4[39;49m[35;1H[?12l[?25h[?12;25h[54;36H[?25l[30m[48;5;250m3[39;49m[34;2H[?12l[?25h[?12;25h[54;36H[?25l[30m[48;5;250m2[39;49m[33;5H[?12l[?25h[?12;25h[54;36H[?25l[30m[48;5;250m1[39;49m[32;2H[?12l[?25h[?12;25h[54;36H[?25l[30m[48;5;250m0[39;49m[31;5H[?12l[?25h[?12;25h[54;35H[?25l[30m[48;5;250m29[39;49m[30;5H[?12l[?25h[?12;25h[54;36H[?25l[30m[48;5;250m8[39;49m[29;1H[?12l[?25h[?12;25h[54;36H[?25l[30m[48;5;250m7[39;49m[28;2H[?12l[?25h[?12;25h[54;36H[?25l[30m[48;5;250m6[39;49m[27;4H[?12l[?25h[?12;25h[54;36H[?25l[30m[48;5;250m5[39;49m[26;5H[?12l[?25h[?12;25h[54;36H[?25l[30m[48;5;250m4[39;49m[25;5H[?12l[?25h[?12;25h[54;36H[?25l[30m[48;5;250m3[39;49m[24;5H[?12l[?25h[?12;25h[54;36H[?25l[30m[48;5;250m2[39;49m[23;4H[?12l[?25h[?12;25h[54;36H[?25l[30m[48;5;250m1[39;49m[22;5H[?12l[?25h[?12;25h[54;36H[?25l[30m[48;5;250m0[39;49m[21;5H[?12l[?25h[?12;25h[54;35H[?25l[30m[48;5;250m19[39;49m[20;5H[?12l[?25h[?12;25h[54;36H[?25l[30m[48;5;250m8[39;49m[19;4H[?12l[?25h[?12;25h[54;36H[?25l[30m[48;5;250m7[39;49m[18;5H[?12l[?25h[?12;25h[54;36H[?25l[30m[48;5;250m6[39;49m[17;5H[?12l[?25h[?12;25h[54;36H[?25l[30m[48;5;250m5[39;49m[16;5H[?12l[?25h[?12;25h[54;36H[?25l[30m[48;5;250m4[39;49m[15;5H[?12l[?25h[?12;25h[54;36H[?25l[30m[48;5;250m3[39;49m[14;2H[?12l[?25h[?12;25h[54;36H[?25l[30m[48;5;250m2[39;49m[13;5H[?12l[?25h[?12;25h[54;36H[?25l[30m[48;5;250m1[39;49m[12;5H[?12l[?25h[?12;25h[54;36H[?25l[30m[48;5;250m0[39;49m[11;1H[?12l[?25h[?12;25h[54;35H[?25l[30m[48;5;250m9 [39;49m[10;5H[?12l[?25h[?12;25h[54;35H[?25l[30m[48;5;250m8[39;49m[9;5H[?12l[?25h[?12;25h[54;35H[?25l[30m[48;5;250m7[39;49m[8;1H[?12l[?25h[?12;25h[54;35H[?25l[30m[48;5;250m6[39;49m[7;5H[?12l[?25h[?12;25h[54;35H[?25l[30m[48;5;250m5[39;49m[6;5H[?12l[?25h[?12;25h[54;35H[?25l[30m[48;5;250m4[39;49m[5;5H[?12l[?25h[?12;25h[54;35H[?25l[30m[48;5;250m3[39;49m[4;5H[?12l[?25h[?12;25h[54;35H[?25l[30m[48;5;250m2[39;49m[3;5H[?12l[?25h[?12;25h[54;35H[?25l[30m[48;5;250m1[39;49m[2;5H[?12l[?25h[?12;25h[55;1H[?25lBeginning of buffer[2;5H[?12l[?25h[?12;25h[55;1H[K[2;5H[55;1H[?25lSaving file /home/estern7/i220a/submit/lab12/exercises/rec-io/stat-points.c...[2;5H[?12l[?25h[?12;25h[55;1H[?25lWrote /home/estern7/i220a/submit/lab12/exercises/rec-io/stat-points.c[K[2;5H[?12l[?25h[?12;25h[54;6H[?25l[30m[48;5;250m--[39;49m[2;5H[?12l[?25h[?12;25h[55;1H[K[2;5H[55;1H[K[?2004l[?1l>[?12l[?25h[?1049l[23;0;0t[39;49mestern7@remote03:~/i220a/submit/lab12/exercises/rec-io$ emacs gen-rand-points.c
[?1049h[22;0;0t[?12;25h[?1h=[H[2J[55d[K[?1l>[?12l[?25h[?1049l[23;0;0t[39;49m[?1049h[22;0;0t[?12;25h[?1h=[H[2J[54d[?25l[30m[47m-UUU:----F1  [39;49m[1m[30m[47m*scratch*   [0m[39;49m[30m[47m   All L1     (Fundamental) ----------------------------------------------------------------[39;49m
[A[2d[?12l[?25h[?12;25h[55d[?25lLoading /etc/emacs/site-start.d/00debian.el (source)...done[K[H
[?12l[?25h[?12;25h[55;33H[?25l50a2ps.el (source)...[K[H
[?12l[?25h[?12;25h[55;54H[?25ldone[H
[?12l[?25h[?12;25h[55;36H[?25lsymptote.el (source)...[H
[?12l[?25h[?12;25h[55;59H[?25ldone[H
[?12l[?25h[?12;25h[55;36H[?25lutoconf.el (source)...[K[H
[?12l[?25h[?12;25h[55;58H[?25ldone[H
[?12l[?25h[?12;25h[55;35H[?25lcmake-data.el (source)...[K[H
[?12l[?25h[?12;25h[55;60H[?25ldone[H
[?12l[?25h[?12;25h[55;35H[?25ldevhelp.el (source)...[K[H
[?12l[?25h[?12;25h[55;57H[?25ldone[H
[?12l[?25h[?12;25h[55;36H[?25lictionaries-common.el (source)...[H
[?12l[?25h[?12;25h[55;9H[?25ldebian-ispell...[K[H
[?12l[?25h[?12;25h[55;9H[?25l/var/cache/dictionaries-common/emacsen-ispell-default.el (source)...[H
[?12l[?25h[?12;25h[55;77H[?25ldone[H
[?12l[?25h[?12;25h[55;9H[?25ldebian-ispell...done[K[H
[?12l[?25h[?12;25h[55;9H[?25l/var/cache/dictionaries-common/emacsen-ispell-dicts.el (source)...[H
[?12l[?25h[?12;25h[55;75H[?25ldone[H
[?12l[?25h[?12;25h[55;10H[?25letc/emacs/site-start.d/50dictionaries-common[6P[H
[?12l[?25h[?12;25h[55;35H[?25lerlang-mode.el (source)...[K[H
[?12l[?25h[?12;25h[55;61H[?25ldone[H
[?12l[?25h[?12;25h[55;35H[?25lhaskell-mode.el (source)...[K[H
[?12l[?25h[?12;25h[55;10H[?25lusr/share/emacs/site-lisp/elpa/haskel[34@l-mode-16.1/haskell-mode-autoloads[H
[?12l[?25h[?12;25h[55;96H[?25ldone[H
[?12l[?25h[?12;25h[55;10H[?25letc/emacs/site-start.d/50haskell-mode[34P[H
[?12l[?25h[?12;25h[55;35H[?25llatex-cjk-common.el (source)...[H
[?12l[?25h[?12;25h[55;10H[?25lusr/share/emacs/site-lisp/latex-cjk-commo[9@n/cjk-enc[H
[?12l[?25h[?12;25h[55;75H[?25ldone[H
[?12l[?25h[?12;25h[55;10H[?25letc/emacs/site-start.d/50latex-cjk-common[9P[H
[?12l[?25h[?12;25h[55;45H[?25lthai.el (source)...[K[H
[?12l[?25h[?12;25h[55;64H[?25ldone[H
[?12l[?25h[?12;25h[55;35H[?25lpsvn.el (source)...[K[H
[?12l[?25h[?12;25h[55;54H[?25ldone[H
[?12l[?25h[?12;25h[55;36H[?25lython-docutils.el (source)...[H
[?12l[?25h[?12;25h[55;65H[?25ldone[H
[?12l[?25h[?12;25h[55;35H[?25ltcsh.el (source)...[K[H
[?12l[?25h[?12;25h[55;54H[?25ldone[H
[?12l[?25h[?12;25h[55;36H[?25lexlive-lang-english.el (source)...[H
[?12l[?25h[?12;25h[55;70H[?25ldone[H
[?12l[?25h[?12;25h[>0c[55d[?25lLoading /etc/emacs/site-start.d/50texlive-lang-english.el (source)...done[K[H[7mFile Edit Options Buffers Tools Lisp-Interaction Help                                                                [0m[39;49m[27m
[A
[K
[K
[K
[K
[K
[K
[K
[K
[K
[K
[K
[K
[K
[K
[K
[K
[K
[K
[K
[K
[K
[K
[K
[K
[K
[K
[K
[K
[K
[K
[K
[K
[K
[K
[K
[K
[K
[K
[K
[K
[K
[K
[K
[K
[K
[K
[K
[K
[K
[K
[K
[K
[30m[48;5;250m-UUU:----F1  [39;49m[1m[30m[48;5;250m*scratch*   [0m[39;49m[30m[48;5;250m   All L1     (Lisp Interaction ElDoc) -----------------------------------------------------[39;49m
[A[2d[?12l[?25h[?12;25h[?2004h[55d[?25lFor information about GNU Emacs and the GNU system, type C-h C-a.[K[H
[?12l[?25h[?12;25h[55d[?25lFor information about GNU Emacs and the GNU system, type C-h C-a.[K[H[7mFile Edit Options Buffers Tools C Help                                                                               [0m[39;49m[27m
[A
[38;5;60m#include[39;49m [38;5;89m<errno.h>[39;49m[K
[38;5;60m#include[39;49m [38;5;89m<math.h>[39;49m[K
[38;5;60m#include[39;49m [38;5;89m<stdlib.h>[39;49m[K
[38;5;60m#include[39;49m [38;5;89m<stdio.h>[39;49m[K
[38;5;60m#include[39;49m [38;5;89m<string.h>[39;49m[K
[K
[38;5;60m#include[39;49m [38;5;89m"point2.h"[39;49m[K
[K
[38;5;129mstatic[39;49m [38;5;28mvoid[39;49m [38;5;129m__attribute__[39;49m((noreturn))[K
[38;5;21musage[39;49m([38;5;129mconst[39;49m [38;5;28mchar[39;49m *[38;5;130mprogName[39;49m)[K
{[K
  fprintf(stderr, [38;5;89m"usage: %s N_POINTS OUT_FILE\n"[39;49m, progName);[K
  exit(1);[K
}[K
[K
[38;5;129mstatic[39;49m [38;5;28mint[39;49m[K
[38;5;21mrandCoord[39;49m([38;5;28mvoid[39;49m)[K
{[K
  [38;5;129menum[39;49m { [38;5;130mMAX[39;49m = 1000 }; [38;5;124m//exclusive                                                                                   [39;49m
[A
  [38;5;124m//statistically unsound; see                                                                                       [39;49m
[A
  [38;5;124m//<https://stackoverflow.com/questions/4195958/how-do-i-scale-down-numbers-from-rand>                              [39;49m
[A
  [38;5;129mreturn[39;49m rand() % MAX;[K
}[K
[K
[38;5;28mint[39;49m[K
[38;5;21mmain[39;49m([38;5;28mint[39;49m [38;5;130margc[39;49m, [38;5;129mconst[39;49m [38;5;28mchar[39;49m *[38;5;130margv[39;49m[])[K
{[K
  [38;5;129mif[39;49m (argc != 3) usage(argv[0]);[K
  [38;5;28mint[39;49m [38;5;130mnPoints[39;49m = atoi(argv[1]);[K
  [38;5;129mif[39;49m (nPoints <= 0) usage(argv[0]);[K
  [38;5;129mconst[39;49m [38;5;28mchar[39;49m *[38;5;130moutName[39;49m = argv[2];[K
  [38;5;28mFILE[39;49m *[38;5;130mout[39;49m = fopen(outName, [38;5;89m"w"[39;49m);[K
  [38;5;129mif[39;49m (!out) {[K
    fprintf(stderr, [38;5;89m"cannot write %s: %s\n"[39;49m, outName, strerror(errno));[K
    exit(1);[K
  }[K
  [38;5;28mdouble[39;49m [38;5;130msum[39;49m = 0.0;[K
  [38;5;129mfor[39;49m ([38;5;28mint[39;49m [38;5;130mi[39;49m = 0; i < nPoints; i++) {[K
    [38;5;28mPoint2[39;49m [38;5;130mpoint2[39;49m = { .x = randCoord(), .y = randCoord(), };[K
    [38;5;129mif[39;49m (fwrite(&point2, [38;5;129msizeof[39;49m(Point2), 1, out) != 1) {[K
      fprintf(stderr, [38;5;89m"cannot write Point2(%d, %d) to %s: %s\n"[39;49m,[K
              point2.x, point2.y, outName, strerror(errno));[K
      exit(1);[K
    }[K
    [38;5;28mdouble[39;49m [38;5;130mmag[39;49m = magnitudePoint2(&point2);[K
    sum += mag;[K
  }[K
  fprintf(stderr, [38;5;89m"average magnitude = %g\n"[39;49m, sum/nPoints);[K
  [38;5;129mif[39;49m (fclose(out) != 0) {[K
    fprintf(stderr, [38;5;89m"cannot close %s: %s\n"[39;49m, outName, strerror(errno));[K
    exit(1);[K
  }[K
[30m[48;5;250m-UU-:----F1  [39;49m[1m[30m[48;5;250mgen-rand-points.c[0m[39;49m[30m[48;5;250m   Top L1    Git:lab12  (C/*l Abbrev) -------------------------------------------------[39;49m
[A[2d[?12l[?25h[?12;25h[55d[?25l[38;5;20mI-search: [39;49m[K[H
[?12l[?25h[?12;25h[54;67H[?25l[30m[48;5;250m Isearch) [39;49m[H
[?12l[?25h[?12;25h[55;11H[?25lf[?12l[?25h[?12;25h[H
[13;3H[?25l[38;5;153m[45mf[39;49m[54;40H[30m[48;5;250m2[39;49m[13;4H[?12l[?25h[?12;25h[55;12H[?25lo[?12l[?25h[?12;25h[13;4H[?25lf[33;15H[38;5;153m[45mfo[39;49m[54;39H[30m[48;5;250m3[39;49m[33;17H[?12l[?25h[?12;25h[55;13H[?25lp[?12l[?25h[?12;25h[33;17H[?25l[38;5;153m[45mp[39;49m[?12l[?25h[?12;25h[55;14H[?25le[?12l[?25h[?12;25h[33;18H[?25l[38;5;153m[45me[39;49m[?12l[?25h[?12;25h[55;15H[?25ln[?12l[?25h[?12;25h[33;19H[?25l[38;5;153m[45mn[39;49m[?12l[?25h[?12;25h[55;1H[?25lMark saved where search started[33;20H[?12l[?25h[?12;25h[?25lfopen[54;67H[30m[48;5;250m) --------[39;49m[33;20H[?12l[?25h[?12;25h[55;1H[K[33;21H[C[C		[C[C[C[C[C[C	[?25l[38;5;89mb"[39;49m);[54;6H[30m[48;5;250m**[39;49m[33;33H[?12l[?25h[?12;25h[55;1H[?25lSaving file /home/estern7/i220a/submit/lab12/exercises/rec-io/gen-rand-points.c...[33;33H[?12l[?25h[?12;25h[55;1H[?25lWrote /home/estern7/i220a/submit/lab12/exercises/rec-io/gen-rand-points.c[K[33;33H[?12l[?25h[?12;25h[54;6H[?25l[30m[48;5;250m--[39;49m[33;33H[?12l[?25h[?12;25h[55;1H[?25l[38;5;20mI-search: [39;49m[K[33;33H[?12l[?25h[?12;25h[54;67H[?25l[30m[48;5;250m Isearch) [39;49m[33;33H[?12l[?25h[?12;25h[55;11H[?25lf[?12l[?25h[?12;25h[33;33H[34;4H[?25l[38;5;153m[45mf[39;49m[54;40H[30m[48;5;250m3[39;49m[34;5H[?12l[?25h[?12;25h[55;12H[?25lo[?12l[?25h[?12;25h[34;5H[?25l[38;5;129mf[39;49m[39;3H[38;5;153m[45mfo[39;49m[54;40H[30m[48;5;250m8[39;49m[39;5H[?12l[?25h[?12;25h[55;13H[?25lp[?12l[?25h[?12;25h[?25l[38;5;20mFailing I-search: [39;49mfo[48;5;217mp[39;49m[39;5H[?12l[?25h[?12;25h[55;22H[?25l[48;5;217me[39;49m[39;5H[?12l[?25h[?12;25h[55;23H[?25l[48;5;217mn[39;49m[39;5H[?12l[?25h[?12;25h[33;15H[?25l[48;5;159mfopen[39;49m[39;5H[?12l[?25h[?12;25h[55;1H[K[39;5H[55;1H[?25lESC[39;5H[?12l[?25h[?12;25h[55;4H[?25l-[39d[?12l[?25h[?12;25h[55;4H[?25l x[39;5H[?12l[?25h[?12;25h[55;1H[?25lMark saved where search started[39;5H[?12l[?25h[?12;25h[55;1H[?25l[38;5;20mM-x [39;49m[K[1;33H[7mMinibuf Help[0m[39;49m[27m[33;15Hfopen[39;3H[38;5;129mfo[39;49m[54;67H[30m[48;5;250m) --------[39;49m[55;5H[?12l[?25h[?12;25h[?25lx[?12l[?25h[?12;25h[K[?25lText is read-only[?12l[?25h[?12;25h[?25l[38;5;20mM-x [39;49m[K[?12l[?25h[?12;25h[?25lText is read-only[?12l[?25h[?12;25h[?25l[38;5;20mM-x [39;49m[K[?12l[?25h[?12;25h[?25lCommand attempted to use minibuffer while in minibuffer[?12l[?25h[?12;25h[?25l[38;5;20mM-x [39;49m[K[?12l[?25h[?12;25h[?25lq[?12l[?25h[?12;25h[?25lu[?12l[?25h[?12;25h[?25li[?12l[?25h[?12;25h[?25lt[?12l[?25h[?12;25h[K[1;33H[?25l[7mLisp-Interaction Help[0m[39;49m[27m
[38;5;124m;; This buffer is for text that is not saved, and for Lisp evaluation.                                               [39;49m
[38;5;124m;; To create a file, visit it with C-x C-f and enter text in its buffer.                                             [39;49m
[K
[K
[K

[K

[K
[K
[K
[K
[K
[K

[K
[K
[K
[K
[K
[K
[K
[K

[K
[K
[K
[K
[K
[K
[K
[K
[K
[K
[K
[K
[K
[K
[K
[K
[K
[K
[K
[K
[K
[K
[K
[K
[K
[K
[K
[K[54;4H[30m[48;5;250mU:----F1  [39;49m[1m[30m[48;5;250m*scratch*   [0m[39;49m[30m[48;5;250m   All L4     (Lisp Interaction ElDoc) ----[39;49m[5;1H[?12l[?25h[?12;25h[54;34H[?25l[30m[48;5;250m3[39;49m[4;1H[?12l[?25h[?12;25h[55d[?25l[38;5;20mFind file: [39;49m~/i220a/submit/lab12/exercises/rec-io/[1;33H[7mMinibuf Help         [0m[39;49m[27m[55;50H[?12l[?25h[?12;25h[K[K[K[K[?25l-io/[?12l[?25h[?12;25h[?25lMaking completion list...[K[?12l[?25h[?12;25h[1;54r[47;1H[7M[1;55r[55;1H[?25l[38;5;20mFind file: [39;49m~/i220a/submit/lab12/exercises/rec-io/ [Complete, but not unique][48;1HIn this buffer, type RET to select the completion near point.[K
[K
Possible completions are:[K
[1m.[0m./                [1m.[0m/                 [1m.[0mgitignore         [1mM[0makefile           [1md[0myn-array.c        [1md[0myn-array.h[K
[1md[0myn-array.o        [1mg[0men-rand-points    [1mg[0men-rand-points.c  [1mg[0men-rand-points.o  [1mp[0moint2.h           [1mp[0moints.dat[K
[1ms[0mtat-points        [1ms[0mtat-points.c      [1ms[0mtat-points.o[K
[38;5;236m[47m-UUU:%*--F1  [39;49m[1m[38;5;236m[47m*Completions*[0m[39;49m[38;5;236m[47m   All L1     (Completion List) -----------------------------------------------------------[39;49m
[A[55;50H[?12l[?25h[?12;25h[K[?25lg[?12l[?25h[?12;25h[?25le[?12l[?25h[?12;25h[1;54r[47;1H[7L[1;55r[55;52H[?25ln-rand-points[47;1H[K
[K
[K
[K
[K
[K
[K[55;65H[?12l[?25h[?12;25h[?25l.[?12l[?25h[?12;25h[?25lc[?12l[?25h[?12;25h[K[1;33H[?25l[7mC Help      [0m[39;49m[27m
[38;5;60m#include[39;49m [38;5;89m<errno.h>[39;49m[K
[38;5;60m#include[39;49m [38;5;89m<math.h>[39;49m[K
[38;5;60m#include[39;49m [38;5;89m<stdlib.h>[39;49m
[38;5;60m#include[39;49m [38;5;89m<stdio.h>[39;49m
[38;5;60m#include[39;49m [38;5;89m<string.h>[39;49m

[38;5;60m#include[39;49m [38;5;89m"point2.h"[39;49m

[38;5;129mstatic[39;49m [38;5;28mvoid[39;49m [38;5;129m__attribute__[39;49m((noreturn))
[38;5;21musage[39;49m([38;5;129mconst[39;49m [38;5;28mchar[39;49m *[38;5;130mprogName[39;49m)
{
[Cfprintf(stderr, [38;5;89m"usage: %s N_POINTS OUT_FILE\n"[39;49m, progName);[14;3Hexit(1);
}

[38;5;129mstatic[39;49m [38;5;28mint[39;49m
[38;5;21mrandCoord[39;49m([38;5;28mvoid[39;49m)
{
[C[38;5;129menum[39;49m { [38;5;130mMAX[39;49m = 1000 }; [38;5;124m//exclusive                                                                                   [39;49m
[C[C[38;5;124m//statistically unsound; see                                                                                       [39;49m
[C[C[38;5;124m//<https://stackoverflow.com/questions/4195958/how-do-i-scale-down-numbers-from-rand>                              [39;49m
[C[C[38;5;129mreturn[39;49m rand() % MAX;
}

[38;5;28mint[39;49m
[38;5;21mmain[39;49m([38;5;28mint[39;49m [38;5;130margc[39;49m, [38;5;129mconst[39;49m [38;5;28mchar[39;49m *[38;5;130margv[39;49m[])
{
[C[38;5;129mif[39;49m (argc != 3) usage(argv[0]);[30;3H[38;5;28mint[39;49m [38;5;130mnPoints[39;49m = atoi(argv[1]);[31;3H[38;5;129mif[39;49m (nPoints <= 0) usage(argv[0]);[32;3H[38;5;129mconst[39;49m [38;5;28mchar[39;49m *[38;5;130moutName[39;49m = argv[2];[33;3H[38;5;28mFILE[39;49m *[38;5;130mout[39;49m = fopen(outName, [38;5;89m"wb"[39;49m);[34;3H[38;5;129mif[39;49m (!out) {[35;5Hfprintf(stderr, [38;5;89m"cannot write %s: %s\n"[39;49m, outName, strerror(errno));[36;5Hexit(1);[37;3H}
[38;5;28mdouble[39;49m [38;5;130msum[39;49m = 0.0;[39;3H[38;5;129mfor[39;49m ([38;5;28mint[39;49m [38;5;130mi[39;49m = 0; i < nPoints; i++) {[40;5H[38;5;28mPoint2[39;49m [38;5;130mpoint2[39;49m = { .x = randCoord(), .y = randCoord(), };[41;5H[38;5;129mif[39;49m (fwrite(&point2, [38;5;129msizeof[39;49m(Point2), 1, out) != 1) {[42;7Hfprintf(stderr, [38;5;89m"cannot write Point2(%d, %d) to %s: %s\n"[39;49m,[43;15Hpoint2.x, point2.y, outName, strerror(errno));[44;7Hexit(1);[45;5H}
[38;5;28mdouble[39;49m [38;5;130mmag[39;49m = magnitudePoint2(&point2);[47;5Hsum += mag;[48;3H}
fprintf(stderr, [38;5;89m"average magnitude = %g\n"[39;49m, sum/nPoints);[50;3H[38;5;129mif[39;49m (fclose(out) != 0) {[51;5Hfprintf(stderr, [38;5;89m"cannot close %s: %s\n"[39;49m, outName, strerror(errno));[52;5Hexit(1);[53;3H}
[30m[48;5;250m-:----F1  [39;49m[1m[30m[48;5;250mgen-rand-points.c[0m[39;49m[30m[48;5;250m   Top L38   Git:lab12  (C/*l Abbrev) [39;49m[39;5H[?12l[?25h[?12;25h[55;1H[?25l(No changes need to be saved)[39;5H[?12l[?25h[?12;25h[55;1H[K[39;5H[55;1H[K[?2004l[?1l>[?12l[?25h[?1049l[23;0;0t[39;49mestern7@remote03:~/i220a/submit/lab12/exercises/rec-io$ clear
[H[2J[3Jestern7@remote03:~/i220a/submit/lab12/exercises/rec-io$ h[Kn[Kn[Kemacs stat-points.c
[?1049h[22;0;0t[?12;25h[?1h=[H[2J[55d[K[?1l>[?12l[?25h[?1049l[23;0;0t[39;49m[?1049h[22;0;0t[?12;25h[?1h=[H[2J[54d[?25l[30m[47m-UUU:----F1  [39;49m[1m[30m[47m*scratch*   [0m[39;49m[30m[47m   All L1     (Fundamental) ----------------------------------------------------------------[39;49m
[A[2d[?12l[?25h[?12;25h[55d[?25lLoading /etc/emacs/site-start.d/00debian.el (source)...done[K[H
[?12l[?25h[?12;25h[55;33H[?25l50a2ps.el (source)...[K[H
[?12l[?25h[?12;25h[55;54H[?25ldone[H
[?12l[?25h[?12;25h[55;36H[?25lsymptote.el (source)...[H
[?12l[?25h[?12;25h[55;59H[?25ldone[H
[?12l[?25h[?12;25h[55;36H[?25lutoconf.el (source)...[K[H
[?12l[?25h[?12;25h[55;58H[?25ldone[H
[?12l[?25h[?12;25h[55;35H[?25lcmake-data.el (source)...[K[H
[?12l[?25h[?12;25h[55;60H[?25ldone[H
[?12l[?25h[?12;25h[55;35H[?25ldevhelp.el (source)...[K[H
[?12l[?25h[?12;25h[55;57H[?25ldone[H
[?12l[?25h[?12;25h[55;36H[?25lictionaries-common.el (source)...[H
[?12l[?25h[?12;25h[55;9H[?25ldebian-ispell...[K[H
[?12l[?25h[?12;25h[55;9H[?25l/var/cache/dictionaries-common/emacsen-ispell-default.el (source)...[H
[?12l[?25h[?12;25h[55;77H[?25ldone[H
[?12l[?25h[?12;25h[55;9H[?25ldebian-ispell...done[K[H
[?12l[?25h[?12;25h[55;9H[?25l/var/cache/dictionaries-common/emacsen-ispell-dicts.el (source)...[H
[?12l[?25h[?12;25h[55;75H[?25ldone[H
[?12l[?25h[?12;25h[55;10H[?25letc/emacs/site-start.d/50dictionaries-common[6P[H
[?12l[?25h[?12;25h[55;35H[?25lerlang-mode.el (source)...[K[H
[?12l[?25h[?12;25h[55;61H[?25ldone[H
[?12l[?25h[?12;25h[55;35H[?25lhaskell-mode.el (source)...[K[H
[?12l[?25h[?12;25h[55;10H[?25lusr/share/emacs/site-lisp/elpa/haskel[34@l-mode-16.1/haskell-mode-autoloads[H
[?12l[?25h[?12;25h[55;96H[?25ldone[H
[?12l[?25h[?12;25h[55;10H[?25letc/emacs/site-start.d/50haskell-mode[34P[H
[?12l[?25h[?12;25h[55;35H[?25llatex-cjk-common.el (source)...[H
[?12l[?25h[?12;25h[55;10H[?25lusr/share/emacs/site-lisp/latex-cjk-commo[9@n/cjk-enc[H
[?12l[?25h[?12;25h[55;75H[?25ldone[H
[?12l[?25h[?12;25h[55;10H[?25letc/emacs/site-start.d/50latex-cjk-common[9P[H
[?12l[?25h[?12;25h[55;45H[?25lthai.el (source)...[K[H
[?12l[?25h[?12;25h[55;64H[?25ldone[H
[?12l[?25h[?12;25h[55;35H[?25lpsvn.el (source)...[K[H
[?12l[?25h[?12;25h[55;54H[?25ldone[H
[?12l[?25h[?12;25h[55;36H[?25lython-docutils.el (source)...[H
[?12l[?25h[?12;25h[55;65H[?25ldone[H
[?12l[?25h[?12;25h[55;35H[?25ltcsh.el (source)...[K[H
[?12l[?25h[?12;25h[55;54H[?25ldone[H
[?12l[?25h[?12;25h[55;36H[?25lexlive-lang-english.el (source)...[H
[?12l[?25h[?12;25h[55;70H[?25ldone[H
[?12l[?25h[?12;25h[>0c[55d[?25lLoading /etc/emacs/site-start.d/50texlive-lang-english.el (source)...done[K[H[7mFile Edit Options Buffers Tools Lisp-Interaction Help                                                                [0m[39;49m[27m
[A
[K
[K
[K
[K
[K
[K
[K
[K
[K
[K
[K
[K
[K
[K
[K
[K
[K
[K
[K
[K
[K
[K
[K
[K
[K
[K
[K
[K
[K
[K
[K
[K
[K
[K
[K
[K
[K
[K
[K
[K
[K
[K
[K
[K
[K
[K
[K
[K
[K
[K
[K
[K
[30m[48;5;250m-UUU:----F1  [39;49m[1m[30m[48;5;250m*scratch*   [0m[39;49m[30m[48;5;250m   All L1     (Lisp Interaction ElDoc) -----------------------------------------------------[39;49m
[A[2d[?12l[?25h[?12;25h[?2004h[55d[?25lFor information about GNU Emacs and the GNU system, type C-h C-a.[K[H
[?12l[?25h[?12;25h[55d[?25lFor information about GNU Emacs and the GNU system, type C-h C-a.[K[H[7mFile Edit Options Buffers Tools C Help                                                                               [0m[39;49m[27m
[A
[38;5;60m#include[39;49m [38;5;89m<assert.h>[39;49m[K
[38;5;60m#include[39;49m [38;5;89m<errno.h>[39;49m[K
[38;5;60m#include[39;49m [38;5;89m<math.h>[39;49m[K
[38;5;60m#include[39;49m [38;5;89m<stdlib.h>[39;49m[K
[38;5;60m#include[39;49m [38;5;89m<stdio.h>[39;49m[K
[38;5;60m#include[39;49m [38;5;89m<string.h>[39;49m[K
[K
[38;5;60m#include[39;49m [38;5;89m"dyn-array.h"[39;49m[K
[38;5;60m#include[39;49m [38;5;89m"point2.h"[39;49m[K
[K
[38;5;129mstatic[39;49m [38;5;28mvoid[39;49m[K
[38;5;21mreadPoints[39;49m([38;5;129mconst[39;49m [38;5;28mchar[39;49m *[38;5;130minName[39;49m, [38;5;28mDynArray[39;49m *[38;5;130mpoints[39;49m)[K
{[K
  [38;5;28mFILE[39;49m *[38;5;130min[39;49m = fopen(inName, [38;5;89m"rb"[39;49m);[K
  [38;5;129mif[39;49m (!in) {[K
    fprintf(stderr, [38;5;89m"cannot read %s: %s\n"[39;49m, inName, strerror(errno));[K
    exit(1);[K
  }[K
  [38;5;28mPoint2[39;49m [38;5;130mpoint2[39;49m;[K
  [38;5;129mwhile[39;49m (fread(&point2, [38;5;129msizeof[39;49m(Point2), 1, in) == 1) {[K
    addElementDynArray(points, &point2);[K
  }[K
  [38;5;129mif[39;49m (fclose(in) != 0) {[K
    fprintf(stderr, [38;5;89m"cannot close %s: %s\n"[39;49m, inName, strerror(errno));[K
    exit(1);[K
  }[K
}[K
[K
[38;5;129mstatic[39;49m [38;5;28mint[39;49m[K
[38;5;21mcomparePoint2[39;49m([38;5;129mconst[39;49m [38;5;28mvoid[39;49m *[38;5;130mp1[39;49m, [38;5;129mconst[39;49m [38;5;28mvoid[39;49m *[38;5;130mp2[39;49m)[K
{[K
  [38;5;129mreturn[39;49m magnitudePoint2(p1) - magnitudePoint2(p2);[K
}[K
[K
[38;5;129mstatic[39;49m [38;5;28mdouble[39;49m[K
[38;5;21maveragePoints[39;49m([38;5;129mconst[39;49m [38;5;28mDynArray[39;49m *[38;5;130mpoints[39;49m)[K
{[K
  [38;5;129mconst[39;49m [38;5;28mint[39;49m [38;5;130mn[39;49m = nElementsDynArray(points);[K
  assert(n > 0);[K
  [38;5;28mdouble[39;49m [38;5;130msum[39;49m = 0;[K
  [38;5;129mfor[39;49m ([38;5;28mint[39;49m [38;5;130mi[39;49m = 0; i < n; i++) {[K
    [38;5;129mconst[39;49m [38;5;28mPoint2[39;49m *[38;5;130mp[39;49m = getElementDynArray(points, i);[K
    [38;5;28mdouble[39;49m [38;5;130mmag[39;49m = magnitudePoint2(p);[K
    sum += mag;[K
  }[K
  [38;5;129mreturn[39;49m sum/n;[K
}[K
[K
[38;5;129mstatic[39;49m [38;5;28mvoid[39;49m[K
[38;5;21mstatPoints[39;49m([38;5;28mDynArray[39;49m *[38;5;130mpoints[39;49m, [38;5;28mFILE[39;49m *[38;5;130mout[39;49m)[K
{[K
  sortDynArray(points, comparePoint2);[K
[30m[48;5;250m-UU-:----F1  [39;49m[1m[30m[48;5;250mstat-points.c[0m[39;49m[30m[48;5;250m   Top L1    Git:lab12  (C/*l Abbrev) -----------------------------------------------------[39;49m
[A[2d[?12l[?25h[?12;25h[55d[K[54;35H[?25l[30m[48;5;250m2[39;49m[H

[?12l[?25h[?12;25h[54;35H[?25l[30m[48;5;250m3[39;49m[4;1H[?12l[?25h[?12;25h[54;35H[?25l[30m[48;5;250m4[39;49m[5;1H[?12l[?25h[?12;25h[54;35H[?25l[30m[48;5;250m5[39;49m[6;1H[?12l[?25h[?12;25h[54;35H[?25l[30m[48;5;250m6[39;49m[7;1H[?12l[?25h[?12;25h[54;35H[?25l[30m[48;5;250m7[39;49m[8;1H[?12l[?25h[?12;25h[54;35H[?25l[30m[48;5;250m8[39;49m[9;1H[?12l[?25h[?12;25h[54;35H[?25l[30m[48;5;250m9[39;49m[10;1H[?12l[?25h[?12;25h[54;35H[?25l[30m[48;5;250m10[39;49m[11;1H[?12l[?25h[?12;25h[54;36H[?25l[30m[48;5;250m1[39;49m[12;1H[?12l[?25h[?12;25h[54;36H[?25l[30m[48;5;250m2[39;49m[13;1H[?12l[?25h[?12;25h[54;36H[?25l[30m[48;5;250m3[39;49m[14;1H[?12l[?25h[?12;25h[54;36H[?25l[30m[48;5;250m4[39;49m[15;1H[?12l[?25h[?12;25h[54;36H[?25l[30m[48;5;250m5[39;49m[16;1H[?12l[?25h[?12;25h[54;36H[?25l[30m[48;5;250m6[39;49m[17;1H[?12l[?25h[?12;25h[54;36H[?25l[30m[48;5;250m7[39;49m[18;1H[?12l[?25h[?12;25h[54;36H[?25l[30m[48;5;250m8[39;49m[19;1H[?12l[?25h[?12;25h[54;36H[?25l[30m[48;5;250m9[39;49m[20;1H[?12l[?25h[?12;25h[54;35H[?25l[30m[48;5;250m20[39;49m[21;1H[?12l[?25h[?12;25h[54;36H[?25l[30m[48;5;250m1[39;49m[22;1H[?12l[?25h[?12;25h[54;36H[?25l[30m[48;5;250m2[39;49m[23;1H[?12l[?25h[?12;25h[54;36H[?25l[30m[48;5;250m3[39;49m[24;1H[?12l[?25h[?12;25h[54;36H[?25l[30m[48;5;250m4[39;49m[25;1H[?12l[?25h[?12;25h[54;36H[?25l[30m[48;5;250m5[39;49m[26;1H[?12l[?25h[?12;25h[54;36H[?25l[30m[48;5;250m6[39;49m[27;1H[?12l[?25h[?12;25h[54;36H[?25l[30m[48;5;250m7[39;49m[28;1H[?12l[?25h[?12;25h[54;36H[?25l[30m[48;5;250m8[39;49m[29;1H[?12l[?25h[?12;25h[54;36H[?25l[30m[48;5;250m9[39;49m[30;1H[?12l[?25h[?12;25h[54;35H[?25l[30m[48;5;250m30[39;49m[31;1H[?12l[?25h[?12;25h[54;36H[?25l[30m[48;5;250m1[39;49m[32;1H[?12l[?25h[?12;25h[54;36H[?25l[30m[48;5;250m2[39;49m[33;1H[?12l[?25h[?12;25h[54;36H[?25l[30m[48;5;250m3[39;49m[34;1H[?12l[?25h[?12;25h[54;36H[?25l[30m[48;5;250m4[39;49m[35;1H[?12l[?25h[?12;25h[54;36H[?25l[30m[48;5;250m5[39;49m[36;1H[?12l[?25h[?12;25h[54;36H[?25l[30m[48;5;250m6[39;49m[37;1H[?12l[?25h[?12;25h[54;36H[?25l[30m[48;5;250m7[39;49m[38;1H[?12l[?25h[?12;25h[54;36H[?25l[30m[48;5;250m8[39;49m[39;1H[?12l[?25h[?12;25h[54;36H[?25l[30m[48;5;250m9[39;49m[40;1H[?12l[?25h[?12;25h[54;35H[?25l[30m[48;5;250m40[39;49m[41;1H[?12l[?25h[?12;25h[54;36H[?25l[30m[48;5;250m1[39;49m[42;1H[?12l[?25h[?12;25h[54;36H[?25l[30m[48;5;250m2[39;49m[43;1H[?12l[?25h[?12;25h[54;36H[?25l[30m[48;5;250m3[39;49m[44;1H[?12l[?25h[?12;25h[54;36H[?25l[30m[48;5;250m4[39;49m[45;1H[?12l[?25h[?12;25h[54;36H[?25l[30m[48;5;250m5[39;49m[46;1H[?12l[?25h[?12;25h[54;36H[?25l[30m[48;5;250m6[39;49m[47;1H[?12l[?25h[?12;25h[54;36H[?25l[30m[48;5;250m7[39;49m[48;1H[?12l[?25h[?12;25h[54;36H[?25l[30m[48;5;250m8[39;49m[49;1H[?12l[?25h[?12;25h[54;36H[?25l[30m[48;5;250m9[39;49m[50;1H[?12l[?25h[?12;25h[54;35H[?25l[30m[48;5;250m50[39;49m[51;1H[?12l[?25h[?12;25h[54;36H[?25l[30m[48;5;250m1[39;49m[52;1H[?12l[?25h[?12;25h[54;36H[?25l[30m[48;5;250m2[39;49m[A[?12l[?25h[?12;25h[1;53r[2;1H[26M[1;55r[28;1H[?25l  [38;5;129mconst[39;49m [38;5;28mint[39;49m [38;5;130mn[39;49m = nElementsDynArray(points);[K
  [38;5;129mif[39;49m (n > 0) {[K
    [38;5;28mdouble[39;49m [38;5;130mmin[39;49m = magnitudePoint2(getElementDynArray(points, 0));[K
    [38;5;28mdouble[39;49m [38;5;130mmax[39;49m = magnitudePoint2(getElementDynArray(points, n - 1));[K
    [38;5;28mdouble[39;49m [38;5;130maverage[39;49m = averagePoints(points);[K
    [38;5;28mdouble[39;49m [38;5;130mmedian[39;49m = magnitudePoint2(getElementDynArray(points, n/2));[K
    fprintf(out, [38;5;89m"min = %g\naverage = %g\nmedian = %g\nmax = %g\n"[39;49m,[K
            min, average, median, max);[K
  }[K
}[K
[K
[38;5;28mint[39;49m[K
[38;5;21mmain[39;49m([38;5;28mint[39;49m [38;5;130margc[39;49m, [38;5;129mconst[39;49m [38;5;28mchar[39;49m *[38;5;130margv[39;49m[])[K
{[K
  [38;5;129mif[39;49m (argc != 2) {[K
    fprintf(stderr, [38;5;89m"usage: %s BINARY_POINTS_FILE\n"[39;49m, argv[0]);[K
    exit(1);[K
  }[K
  [38;5;28mDynArray[39;49m *[38;5;130mpoints[39;49m = newDynArray([38;5;129msizeof[39;49m(Point2));[K
  readPoints(argv[1], points);[K
  statPoints(points, stdout);[K
  freeDynArray(points);[K
  [38;5;129mreturn[39;49m 0;[K
}[K
[K
[K[54;30H[30m[48;5;250mBot L53[39;49m[28;1H[?12l[?25h[?12;25h[54;36H[?25l[30m[48;5;250m4[39;49m[29;1H[?12l[?25h[?12;25h[54;36H[?25l[30m[48;5;250m5[39;49m[30;1H[?12l[?25h[?12;25h[54;36H[?25l[30m[48;5;250m6[39;49m[31;1H[?12l[?25h[?12;25h[54;36H[?25l[30m[48;5;250m7[39;49m[32;1H[?12l[?25h[?12;25h[54;36H[?25l[30m[48;5;250m8[39;49m[33;1H[?12l[?25h[?12;25h[54;36H[?25l[30m[48;5;250m9[39;49m[34;1H[?12l[?25h[?12;25h[54;35H[?25l[30m[48;5;250m60[39;49m[35;1H[?12l[?25h[?12;25h[54;36H[?25l[30m[48;5;250m1[39;49m[36;1H[?12l[?25h[?12;25h[54;36H[?25l[30m[48;5;250m2[39;49m[37;1H[?12l[?25h[?12;25h[54;36H[?25l[30m[48;5;250m3[39;49m[38;1H[?12l[?25h[?12;25h[54;36H[?25l[30m[48;5;250m4[39;49m[39;1H[?12l[?25h[?12;25h[54;36H[?25l[30m[48;5;250m5[39;49m[40;1H[?12l[?25h[?12;25h[54;36H[?25l[30m[48;5;250m6[39;49m[41;1H[?12l[?25h[?12;25h[54;36H[?25l[30m[48;5;250m7[39;49m[42;1H[?12l[?25h[?12;25h[54;36H[?25l[30m[48;5;250m8[39;49m[43;1H[?12l[?25h[?12;25h[55d[?25l(No changes need to be saved)[43;1H[?12l[?25h[?12;25h[55d[K[43d[55d[K[?2004l[?1l>[?12l[?25h[?1049l[23;0;0t[39;49mestern7@remote03:~/i220a/submit/lab12/exercises/rec-io$ cd [K[K[Kexit

Script done on 2020-11-18 23:27:14-05:00 [COMMAND_EXIT_CODE="0"]
