Script started on 2020-10-21 23:34:04-04:00 [TERM="xterm-256color" TTY="/dev/pts/9" COLUMNS="120" LINES="50"]
estern7@remote07:~/i220a/submit/lab8$ cd exercises/1-quote-files/
estern7@remote07:~/i220a/submit/lab8/exercises/1-quote-files$ ls 
'**'  '1$2'  "'12"  '1"2'  'a$b'  '\\ab'  'a"b'  "a'b"	 -l
estern7@remote07:~/i220a/submit/lab8/exercises/1-quote-files$ ls *\$
ls: cannot access '*$': No such file or directory
estern7@remote07:~/i220a/submit/lab8/exercises/1-quote-files$ ls *\$[K[K \$
ls: cannot access '$': No such file or directory
-rw-r----- 1 estern7 estern7 0 Oct 21 18:51 '**'
-rw-r----- 1 estern7 estern7 0 Oct 21 18:51 '1$2'
-rw-r----- 1 estern7 estern7 0 Oct 21 18:51 "'12"
-rw-r----- 1 estern7 estern7 0 Oct 21 18:51 '1"2'
-rw-r----- 1 estern7 estern7 0 Oct 21 18:51 'a$b'
-rw-r----- 1 estern7 estern7 0 Oct 21 18:51 '\\ab'
-rw-r----- 1 estern7 estern7 0 Oct 21 18:51 'a"b'
-rw-r----- 1 estern7 estern7 0 Oct 21 18:51 "a'b"
estern7@remote07:~/i220a/submit/lab8/exercises/1-quote-files$ ls * \$[C[C[C[K[K[K[C[K\$*
ls: cannot access '$*': No such file or directory
estern7@remote07:~/i220a/submit/lab8/exercises/1-quote-files$ ls \$*[K[K[K?[\$]
ls: cannot access '?[$]': No such file or directory
estern7@remote07:~/i220a/submit/lab8/exercises/1-quote-files$ ls ?[\$]-?[\$]l?[\$] ?[\$]
ls: cannot access '?[$]': No such file or directory
estern7@remote07:~/i220a/submit/lab8/exercises/1-quote-files$ ls -l ?[\$]*
-rw-r----- 1 estern7 estern7 0 Oct 21 18:51 '1$2'
-rw-r----- 1 estern7 estern7 0 Oct 21 18:51 'a$b'
estern7@remote07:~/i220a/submit/lab8/exercises/1-quote-files$ ls -l ?[\$]*[1P]*']*
-rw-r----- 1 estern7 estern7 0 Oct 21 18:51 "a'b"
estern7@remote07:~/i220a/submit/lab8/exercises/1-quote-files$ ls -l \ [K[K| grep \'
-rw-r----- 1 estern7 estern7 0 Oct 21 18:51 '12
-rw-r----- 1 estern7 estern7 0 Oct 21 18:51 a'b
estern7@remote07:~/i220a/submit/lab8/exercises/1-quote-files$ ls -l | grep \'&\'[1P\'^\'
estern7@remote07:~/i220a/submit/lab8/exercises/1-quote-files$ ls -l | grep ^\'[\'[C[C]
estern7@remote07:~/i220a/submit/lab8/exercises/1-quote-files$ ls -l | grep ^[\'].[\']
estern7@remote07:~/i220a/submit/lab8/exercises/1-quote-files$ ls -l | grep ^.[\'].[\']
estern7@remote07:~/i220a/submit/lab8/exercises/1-quote-files$ ls -l | grep ^..[\'][C[1P][1P][1P][1P][1P][1P][1P][1P][1P][1P][1P][1P][1P][1P][1P][1P][1P][1P][1P][Kman ls
[?1049h[22;0;0t[?1h=LS(1)                                               User Commands                                               LS(1)[m
[m
[1mNAME[0m[m
       ls - list directory contents[m
[m
[1mSYNOPSIS[0m[m
       [1mls[0m [[4mOPTION[24m]... [[4mFILE[24m]...[m
[m
[1mDESCRIPTION[0m[m
       List  information  about the FILEs (the current directory by default).  Sort entries alphabetically if none of[m
       [1m-cftuvSUX[0m nor [1m--sort[0m is specified.[m
[m
       Mandatory arguments to long options are mandatory for short options too.[m
[m
       [1m-a[0m, [1m--all[0m[m
              do not ignore entries starting with .[m
[m
       [1m-A[0m, [1m--almost-all[0m[m
              do not list implied . and ..[m
[m
       [1m--author[0m[m
              with [1m-l[0m, print the author of each file[m
[m
       [1m-b[0m, [1m--escape[0m[m
              print C-style escapes for nongraphic characters[m
[m
       [1m--block-size[0m=[4mSIZE[24m[m
              with [1m-l[0m, scale sizes by SIZE when printing them; e.g., '--block-size=M'; see SIZE format below[m
[m
       [1m-B[0m, [1m--ignore-backups[0m[m
              do not list implied entries ending with ~[m
[m
       [1m-c[0m     with [1m-lt[0m: sort by, and show, ctime (time of last modification of file  status  information);  with  [1m-l[0m:[m
              show ctime and sort by name; otherwise: sort by ctime, newest first[m
[m
       [1m-C[0m     list entries by columns[m
[m
       [1m--color[0m[=[4mWHEN[24m][m
              colorize the output; WHEN can be 'always' (default if omitted), 'auto', or 'never'; more info below[m
[m
       [1m-d[0m, [1m--directory[0m[m
              list directories themselves, not their contents[m
[m
       [1m-D[0m, [1m--dired[0m[m
              generate output designed for Emacs' dired mode[m
[m
       [1m-f[0m     do not sort, enable [1m-aU[0m, disable [1m-ls[0m [1m--color[0m[m
[m
       [1m-F[0m, [1m--classify[0m[m
[7m Manual page ls(1) line 1 (press h for help or q to quit)[27m[K[K [KESCESC[KOO[KBB[K              append indicator (one of */=>@|) to entries[m
[7m Manual page ls(1) line 2 (press h for help or q to quit)[27m[K[K [KESCESC[KOO[KBB[K[m
[7m Manual page ls(1) line 3 (press h for help or q to quit)[27m[K[K [KESCESC[KOO[KBB[K       [1m--file-type[0m[m
[7m Manual page ls(1) line 4 (press h for help or q to quit)[27m[K[K [KESCESC[KOO[KBB[K              likewise, except do not append '*'[m
[7m Manual page ls(1) line 5 (press h for help or q to quit)[27m[K[K [KESCESC[KOO[KBB[K[m
[7m Manual page ls(1) line 6 (press h for help or q to quit)[27m[K[K [KESCESC[KOO[KBB[K       [1m--format[0m=[4mWORD[24m[m
[7m Manual page ls(1) line 7 (press h for help or q to quit)[27m[K[K [KESCESC[KOO[KBB[K              across [1m-x[0m, commas [1m-m[0m, horizontal [1m-x[0m, long [1m-l[0m, single-column [1m-1[0m, verbose [1m-l[0m, vertical [1m-C[0m[m
[7m Manual page ls(1) line 8 (press h for help or q to quit)[27m[K[K [KESCESC[KOO[KBB[K[m
[7m Manual page ls(1) line 9 (press h for help or q to quit)[27m[K[K [KESCESC[KOO[KBB[K       [1m--full-time[0m[m
[7m Manual page ls(1) line 10 (press h for help or q to quit)[27m[K[K [KESCESC[KOO[KBB[K              like [1m-l[0m [1m--time-style[0m=[4mfull-iso[24m[m
[7m Manual page ls(1) line 11 (press h for help or q to quit)[27m[K[K [KESCESC[KOO[KBB[K[m
[7m Manual page ls(1) line 12 (press h for help or q to quit)[27m[K[K [KESCESC[KOO[KBB[K       [1m-g[0m     like [1m-l[0m, but do not list owner[m
[7m Manual page ls(1) line 13 (press h for help or q to quit)[27m[K[K [KESCESC[KOO[KBB[K[m
[7m Manual page ls(1) line 14 (press h for help or q to quit)[27m[K[K [KESCESC[KOO[KBB[K       [1m--group-directories-first[0m[m
[7m Manual page ls(1) line 15 (press h for help or q to quit)[27m[K[K [KESCESC[KOO[KBB[K              group directories before files;[m
[7m Manual page ls(1) line 16 (press h for help or q to quit)[27m[K[K [KESCESC[KOO[KBB[K[m
[7m Manual page ls(1) line 17 (press h for help or q to quit)[27m[K[K [KESCESC[KOO[KBB[K              can be augmented with a [1m--sort[0m option, but any use of [1m--sort[0m=[4mnone[24m ([1m-U[0m) disables grouping[m
[7m Manual page ls(1) line 18 (press h for help or q to quit)[27m[K[K [KESCESC[KOO[KBB[K[m
[7m Manual page ls(1) line 19 (press h for help or q to quit)[27m[K[K [KESCESC[KOO[KBB[K       [1m-G[0m, [1m--no-group[0m[m
[7m Manual page ls(1) line 20 (press h for help or q to quit)[27m[K[K [KESCESC[KOO[KBB[K              in a long listing, don't print group names[m
[7m Manual page ls(1) line 21 (press h for help or q to quit)[27m[K[K [KESCESC[KOO[KBB[K[m
[7m Manual page ls(1) line 22 (press h for help or q to quit)[27m[K[K [KESCESC[KOO[KBB[K       [1m-h[0m, [1m--human-readable[0m[m
[7m Manual page ls(1) line 23 (press h for help or q to quit)[27m[K[K [KESCESC[KOO[KBB[K              with [1m-l[0m and [1m-s[0m, print sizes like 1K 234M 2G etc.[m
[7m Manual page ls(1) line 24 (press h for help or q to quit)[27m[K[K [KESCESC[KOO[KBB[K[m
[7m Manual page ls(1) line 25 (press h for help or q to quit)[27m[K[K [KESCESC[KOO[KBB[K       [1m--si[0m   likewise, but use powers of 1000 not 1024[m
[7m Manual page ls(1) line 26 (press h for help or q to quit)[27m[K[K [KESCESC[KOO[KBB[K[m
[7m Manual page ls(1) line 27 (press h for help or q to quit)[27m[K[K [KESCESC[KOO[KBB[K       [1m-H[0m, [1m--dereference-command-line[0m[m
[7m Manual page ls(1) line 28 (press h for help or q to quit)[27m[K[K [KESCESC[KOO[KBB[K              follow symbolic links listed on the command line[m
[7m Manual page ls(1) line 29 (press h for help or q to quit)[27m[K[K [KESCESC[KOO[KBB[K[m
[7m Manual page ls(1) line 30 (press h for help or q to quit)[27m[K[K [KESCESC[KOO[KBB[K       [1m--dereference-command-line-symlink-to-dir[0m[m
[7m Manual page ls(1) line 31 (press h for help or q to quit)[27m[K[K [KESCESC[KOO[KBB[K              follow each command line symbolic link[m
[7m Manual page ls(1) line 32 (press h for help or q to quit)[27m[K[K [KESCESC[KOO[KBB[K[m
[7m Manual page ls(1) line 33 (press h for help or q to quit)[27m[K[K [KESCESC[KOO[KBB[K              that points to a directory[m
[7m Manual page ls(1) line 34 (press h for help or q to quit)[27m[K[K [KESCESC[KOO[KBB[K[m
[7m Manual page ls(1) line 35 (press h for help or q to quit)[27m[K[K [KESCESC[KOO[KBB[K       [1m--hide[0m=[4mPATTERN[24m[m
[7m Manual page ls(1) line 36 (press h for help or q to quit)[27m[K[K [KESCESC[KOO[KBB[K              do not list implied entries matching shell PATTERN (overridden by [1m-a[0m or [1m-A[0m)[m
[7m Manual page ls(1) line 37 (press h for help or q to quit)[27m[K[K [KESCESC[KOO[KBB[K[m
[7m Manual page ls(1) line 38 (press h for help or q to quit)[27m[K[K [KESCESC[KOO[KBB[K       [1m--hyperlink[0m[=[4mWHEN[24m][m
[7m Manual page ls(1) line 39 (press h for help or q to quit)[27m[K[K [KESCESC[KOO[KBB[K              hyperlink file names; WHEN can be 'always' (default if omitted), 'auto', or 'never'[m
[7m Manual page ls(1) line 40 (press h for help or q to quit)[27m[K[K [KESCESC[KOO[KBB[K[m
[7m Manual page ls(1) line 41 (press h for help or q to quit)[27m[K[K [KESCESC[KOO[KBB[K       [1m--indicator-style[0m=[4mWORD[24m[m
[7m Manual page ls(1) line 42 (press h for help or q to quit)[27m[K[K [KESCESC[KOO[KBB[K              append  indicator  with style WORD to entry names: none (default), slash ([1m-p[0m), file-type ([1m--file-type[0m),[m
[7m Manual page ls(1) line 43 (press h for help or q to quit)[27m[K[K [KESCESC[KOO[KBB[K              classify ([1m-F[0m)[m
[7m Manual page ls(1) line 44 (press h for help or q to quit)[27m[K[K [KESCESC[KOO[KBB[K[m
[7m Manual page ls(1) line 45 (press h for help or q to quit)[27m[K[K [KESCESC[KOO[KBB[K       [1m-i[0m, [1m--inode[0m[m
[7m Manual page ls(1) line 46 (press h for help or q to quit)[27m[K[K [KESCESC[KOO[KBB[K              print the index number of each file[m
[7m Manual page ls(1) line 47 (press h for help or q to quit)[27m[K[K [KESCESC[KOO[KBB[K[m
[7m Manual page ls(1) line 48 (press h for help or q to quit)[27m[K[K [KESCESC[KOO[KBB[K       [1m-I[0m, [1m--ignore[0m=[4mPATTERN[24m[m
[7m Manual page ls(1) line 49 (press h for help or q to quit)[27m[K[K [KESCESC[KOO[KBB[K              do not list implied entries matching shell PATTERN[m
[7m Manual page ls(1) line 50 (press h for help or q to quit)[27m[K[K [KESCESC[KOO[KBB[K[m
[7m Manual page ls(1) line 51 (press h for help or q to quit)[27m[K[K [KESCESC[KOO[KBB[K       [1m-k[0m, [1m--kibibytes[0m[m
[7m Manual page ls(1) line 52 (press h for help or q to quit)[27m[K[K [KESCESC[KOO[KBB[K              default to 1024-byte blocks for disk usage; used only with [1m-s[0m and per directory totals[m
[7m Manual page ls(1) line 53 (press h for help or q to quit)[27m[K[K [KESCESC[KOO[KBB[K[m
[7m Manual page ls(1) line 54 (press h for help or q to quit)[27m[K[K [KESCESC[KOO[KBB[K       [1m-l[0m     use a long listing format[m
[7m Manual page ls(1) line 55 (press h for help or q to quit)[27m[K[K [KESCESC[KOO[KBB[K[m
[7m Manual page ls(1) line 56 (press h for help or q to quit)[27m[K[K [KESCESC[KOO[KBB[K       [1m-L[0m, [1m--dereference[0m[m
[7m Manual page ls(1) line 57 (press h for help or q to quit)[27m[K[K [KESCESC[KOO[KBB[K              when showing file information for a symbolic link, show information for the file  the  link  references[m
[7m Manual page ls(1) line 58 (press h for help or q to quit)[27m[K[K [KESCESC[KOO[KBB[K              rather than for the link itself[m
[7m Manual page ls(1) line 59 (press h for help or q to quit)[27m[K[K [KESCESC[KOO[KBB[K[m
[7m Manual page ls(1) line 60 (press h for help or q to quit)[27m[K[K [KESCESC[KOO[KBB[K       [1m-m[0m     fill width with a comma separated list of entries[m
[7m Manual page ls(1) line 61 (press h for help or q to quit)[27m[K[K [KESCESC[KOO[KBB[K[m
[7m Manual page ls(1) line 62 (press h for help or q to quit)[27m[K[K [KESCESC[KOO[KBB[K       [1m-n[0m, [1m--numeric-uid-gid[0m[m
[7m Manual page ls(1) line 63 (press h for help or q to quit)[27m[K[K [KESCESC[KOO[KBB[K              like [1m-l[0m, but list numeric user and group IDs[m
[7m Manual page ls(1) line 64 (press h for help or q to quit)[27m[K[K [KESCESC[KOO[KBB[K[m
[7m Manual page ls(1) line 65 (press h for help or q to quit)[27m[K[K [KESCESC[KOO[KBB[K       [1m-N[0m, [1m--literal[0m[m
[7m Manual page ls(1) line 66 (press h for help or q to quit)[27m[K[K [KESCESC[KOO[KBB[K              print entry names without quoting[m
[7m Manual page ls(1) line 67 (press h for help or q to quit)[27m[K[K [KESCESC[KOO[KBB[K[m
[7m Manual page ls(1) line 68 (press h for help or q to quit)[27m[K[K [KESCESC[KOO[KBB[K       [1m-o[0m     like [1m-l[0m, but do not list group information[m
[7m Manual page ls(1) line 69 (press h for help or q to quit)[27m[K[K [KESCESC[KOO[KBB[K[m
[7m Manual page ls(1) line 70 (press h for help or q to quit)[27m[K[K [KESCESC[KOO[KBB[K       [1m-p[0m, [1m--indicator-style[0m=[4mslash[24m[m
[7m Manual page ls(1) line 71 (press h for help or q to quit)[27m[K[K [KESCESC[KOO[KBB[K              append / indicator to directories[m
[7m Manual page ls(1) line 72 (press h for help or q to quit)[27m[K[K [KESCESC[KOO[KBB[K[m
[7m Manual page ls(1) line 73 (press h for help or q to quit)[27m[K[K [KESCESC[KOO[KBB[K       [1m-q[0m, [1m--hide-control-chars[0m[m
[7m Manual page ls(1) line 74 (press h for help or q to quit)[27m[K[K [KESCESC[KOO[KBB[K              print ? instead of nongraphic characters[m
[7m Manual page ls(1) line 75 (press h for help or q to quit)[27m[K[K [KESCESC[KOO[KBB[K[m
[7m Manual page ls(1) line 76 (press h for help or q to quit)[27m[K[K [KESCESC[KOO[KBB[K       [1m--show-control-chars[0m[m
[7m Manual page ls(1) line 77 (press h for help or q to quit)[27m[K[K [KESCESC[KOO[KBB[K              show nongraphic characters as-is (the default, unless program is 'ls' and output is a terminal)[m
[7m Manual page ls(1) line 78 (press h for help or q to quit)[27m[K[K [KESCESC[KOO[KBB[K[m
[7m Manual page ls(1) line 79 (press h for help or q to quit)[27m[K[K [KESCESC[KOO[KBB[K       [1m-Q[0m, [1m--quote-name[0m[m
[7m Manual page ls(1) line 80 (press h for help or q to quit)[27m[K[K [KESCESC[KOO[KBB[K              enclose entry names in double quotes[m
[7m Manual page ls(1) line 81 (press h for help or q to quit)[27m[K[K [KESCESC[KOO[KBB[K[m
[7m Manual page ls(1) line 82 (press h for help or q to quit)[27m[K[K [KESCESC[KOO[KBB[K       [1m--quoting-style[0m=[4mWORD[24m[m
[7m Manual page ls(1) line 83 (press h for help or q to quit)[27m[K[K [KESCESC[KOO[KBB[K              use  quoting  style WORD for entry names: literal, locale, shell, shell-always, shell-escape, shell-es‚Äê[m
[7m Manual page ls(1) line 84 (press h for help or q to quit)[27m[K[K [KESCESC[KOO[KBB[K              cape-always, c, escape (overrides QUOTING_STYLE environment variable)[m
[7m Manual page ls(1) line 85 (press h for help or q to quit)[27m[K[K [KESCESC[KOO[KBB[K[m
[7m Manual page ls(1) line 86 (press h for help or q to quit)[27m[K[K [KESCESC[KOO[KBB[K       [1m-r[0m, [1m--reverse[0m[m
[7m Manual page ls(1) line 87 (press h for help or q to quit)[27m[K[K [KESCESC[KOO[KBB[K              reverse order while sorting[m
[7m Manual page ls(1) line 88 (press h for help or q to quit)[27m[K[K [KESCESC[KOO[KBB[K[m
[7m Manual page ls(1) line 89 (press h for help or q to quit)[27m[K[K [KESCESC[KOO[KBB[K       [1m-R[0m, [1m--recursive[0m[m
[7m Manual page ls(1) line 90 (press h for help or q to quit)[27m[K[K [KESCESC[KOO[KBB[K              list subdirectories recursively[m
[7m Manual page ls(1) line 91 (press h for help or q to quit)[27m[K[K [KESCESC[KOO[KBB[K[m
[7m Manual page ls(1) line 92 (press h for help or q to quit)[27m[K[K [KESCESC[KOO[KBB[K       [1m-s[0m, [1m--size[0m[m
[7m Manual page ls(1) line 93 (press h for help or q to quit)[27m[K[K [KESCESC[KOO[KBB[K              print the allocated size of each file, in blocks[m
[7m Manual page ls(1) line 94 (press h for help or q to quit)[27m[K[K [KESCESC[KOO[KBB[K[m
[7m Manual page ls(1) line 95 (press h for help or q to quit)[27m[K[K [KESCESC[KOO[KBB[K       [1m-S[0m     sort by file size, largest first[m
[7m Manual page ls(1) line 96 (press h for help or q to quit)[27m[K[K [KESCESC[KOO[KBB[K[m
[7m Manual page ls(1) line 97 (press h for help or q to quit)[27m[K[K [KESCESC[KOO[KBB[K       [1m--sort[0m=[4mWORD[24m[m
[7m Manual page ls(1) line 98 (press h for help or q to quit)[27m[K[K [KESCESC[KOO[KBB[K              sort by WORD instead of name: none ([1m-U[0m), size ([1m-S[0m), time ([1m-t[0m), version ([1m-v[0m), extension ([1m-X[0m)[m
[7m Manual page ls(1) line 99 (press h for help or q to quit)[27m[K[K [KESCESC[KOO[KBB[K[m
[7m Manual page ls(1) line 100 (press h for help or q to quit)[27m[K[K [KESCESC[KOO[KBB[K       [1m--time[0m=[4mWORD[24m[m
[7m Manual page ls(1) line 101 (press h for help or q to quit)[27m[K[K [KESCESC[KOO[KBB[K              with [1m-l[0m, show time as WORD instead of default modification time: atime or access or use ([1m-u[0m); ctime  or[m
[7m Manual page ls(1) line 102 (press h for help or q to quit)[27m[K[K [KESCESC[KOO[KBB[K              status ([1m-c[0m); also use specified time as sort key if [1m--sort[0m=[4mtime[24m (newest first)[m
[7m Manual page ls(1) line 103 (press h for help or q to quit)[27m[K[K [KESCESC[KOO[KBB[K[m
[7m Manual page ls(1) line 104 (press h for help or q to quit)[27m[K[K [KESCESC[KOO[KBB[K       [1m--time-style[0m=[4mTIME_STYLE[24m[m
[7m Manual page ls(1) line 105 (press h for help or q to quit)[27m[K[K [KESCESC[KOO[KBB[K              time/date format with [1m-l[0m; see TIME_STYLE below[m
[7m Manual page ls(1) line 106 (press h for help or q to quit)[27m[K[K [KESCESC[KOO[KBB[K[m
[7m Manual page ls(1) line 107 (press h for help or q to quit)[27m[K[K [KESCESC[KOO[KBB[K       [1m-t[0m     sort by modification time, newest first[m
[7m Manual page ls(1) line 108 (press h for help or q to quit)[27m[K[K [KESCESC[KOO[KBB[K[m
[7m Manual page ls(1) line 109 (press h for help or q to quit)[27m[K[K [KESCESC[KOO[KBB[K       [1m-T[0m, [1m--tabsize[0m=[4mCOLS[24m[m
[7m Manual page ls(1) line 110 (press h for help or q to quit)[27m[K[K [KESCESC[KOO[KBB[K              assume tab stops at each COLS instead of 8[m
[7m Manual page ls(1) line 111 (press h for help or q to quit)[27m[K[K [KESCESC[KOO[KBB[K[m
[7m Manual page ls(1) line 112 (press h for help or q to quit)[27m[K[K [KESCESC[KOO[KBB[K       [1m-u[0m     with  [1m-lt[0m:  sort by, and show, access time; with [1m-l[0m: show access time and sort by name; otherwise: sort[m
[7m Manual page ls(1) line 113 (press h for help or q to quit)[27m[K[K [KESCESC[KOO[KBB[K              by access time, newest first[m
[7m Manual page ls(1) line 114 (press h for help or q to quit)[27m[K[K [KESCESC[KOO[KBB[K[m
[7m Manual page ls(1) line 115 (press h for help or q to quit)[27m[K[K [KESCESC[KOO[KBB[K       [1m-U[0m     do not sort; list entries in directory order[m
[7m Manual page ls(1) line 116 (press h for help or q to quit)[27m[K[K [KESCESC[KOO[KBB[K[m
[7m Manual page ls(1) line 117 (press h for help or q to quit)[27m[K[K [KESCESC[KOO[KBB[K       [1m-v[0m     natural sort of (version) numbers within text[m
[7m Manual page ls(1) line 118 (press h for help or q to quit)[27m[K[K [KESCESC[KOO[KBB[K[m
[7m Manual page ls(1) line 119 (press h for help or q to quit)[27m[K[K [KESCESC[KOO[KBB[K       [1m-w[0m, [1m--width[0m=[4mCOLS[24m[m
[7m Manual page ls(1) line 120 (press h for help or q to quit)[27m[K[K [KESCESC[KOO[KBB[K              set output width to COLS.  0 means no limit[m
[7m Manual page ls(1) line 121 (press h for help or q to quit)[27m[K[K [KESCESC[KOO[KBB[K[m
[7m Manual page ls(1) line 122 (press h for help or q to quit)[27m[K[K [KESCESC[KOO[KBB[K       [1m-x[0m     list entries by lines instead of by columns[m
[7m Manual page ls(1) line 123 (press h for help or q to quit)[27m[K[K [KESCESC[KOO[KBB[K[m
[7m Manual page ls(1) line 124 (press h for help or q to quit)[27m[K[K [KESCESC[KOO[KBB[K       [1m-X[0m     sort alphabetically by entry extension[m
[7m Manual page ls(1) line 125 (press h for help or q to quit)[27m[K[K [KESCESC[KOO[KBB[K[m
[7m Manual page ls(1) line 126 (press h for help or q to quit)[27m[K[K [KESCESC[KOO[KBB[K       [1m-Z[0m, [1m--context[0m[m
[7m Manual page ls(1) line 127 (press h for help or q to quit)[27m[K[K [KESCESC[KOO[KBB[K              print any security context of each file[m
[7m Manual page ls(1) line 128 (press h for help or q to quit)[27m[K[K [KESCESC[KOO[KBB[K[m
[7m Manual page ls(1) line 129 (press h for help or q to quit)[27m[K[K [KESCESC[KOO[KBB[K       [1m-1[0m     list one file per line.  Avoid '\n' with [1m-q[0m or [1m-b[0m[m
[7m Manual page ls(1) line 130 (press h for help or q to quit)[27m[K[K [KESCESC[KOO[KBB[K[m
[7m Manual page ls(1) line 131 (press h for help or q to quit)[27m[K[K [KESCESC[KOO[KBB[K       [1m--help[0m display this help and exit[m
[7m Manual page ls(1) line 132 (press h for help or q to quit)[27m[K[K [KESCESC[KOO[KBB[K[m
[7m Manual page ls(1) line 133 (press h for help or q to quit)[27m[K[K [KESCESC[KOO[KBB[K       [1m--version[0m[m
[7m Manual page ls(1) line 134 (press h for help or q to quit)[27m[K[K [KESCESC[KOO[KBB[K              output version information and exit[m
[7m Manual page ls(1) line 135 (press h for help or q to quit)[27m[K[K [KESCESC[KOO[KBB[K[m
[7m Manual page ls(1) line 136 (press h for help or q to quit)[27m[K[K [KESCESC[KOO[KBB[K       The SIZE argument is an integer and optional unit (example: 10K is 10*1024).  Units are K,M,G,T,P,E,Z,Y  (pow‚Äê[m
[7m Manual page ls(1) line 137 (press h for help or q to quit)[27m[K[K [KESCESC[KOO[KBB[K       ers of 1024) or KB,MB,... (powers of 1000).[m
[7m Manual page ls(1) line 138 (press h for help or q to quit)[27m[K[K [KESCESC[KOO[KBB[K[m
[7m Manual page ls(1) line 139 (press h for help or q to quit)[27m[K[K [KESCESC[KOO[KBB[K       The  TIME_STYLE  argument  can  be full-iso, long-iso, iso, locale, or +FORMAT.  FORMAT is interpreted like in[m
[7m Manual page ls(1) line 140 (press h for help or q to quit)[27m[K[K [KESCESC[KOO[KBB[K       date(1).  If FORMAT is FORMAT1<newline>FORMAT2, then FORMAT1 applies to non-recent files and FORMAT2 to recent[m
[7m Manual page ls(1) line 141 (press h for help or q to quit)[27m[K[K [KESCESC[KOO[KBB[K       files.  TIME_STYLE prefixed with 'posix-' takes effect only outside the POSIX locale.  Also the TIME_STYLE en‚Äê[m
[7m Manual page ls(1) line 142 (press h for help or q to quit)[27m[K[K [KESCESC[KOO[KBB[K       vironment variable sets the default style to use.[m
[7m Manual page ls(1) line 143 (press h for help or q to quit)[27m[K[K [KESCESC[KOO[KBB[K[m
[7m Manual page ls(1) line 144 (press h for help or q to quit)[27m[K[K [KESCESC[KOO[KBB[K       Using color to distinguish file types is disabled both by default and with [1m--color[0m=[4mnever[24m.  With  [1m--color[0m=[4mauto[24m,[m
[7m Manual page ls(1) line 145 (press h for help or q to quit)[27m[K[K [KESCESC[KOO[KBB[K       ls emits color codes only when standard output is connected to a terminal.  The LS_COLORS environment variable[m
[7m Manual page ls(1) line 146 (press h for help or q to quit)[27m[K[K [KESCESC[KOO[KBB[K       can change the settings.  Use the dircolors command to set it.[m
[7m Manual page ls(1) line 147 (press h for help or q to quit)[27m[K[K [KESCESC[KOO[KBB[K[m
[7m Manual page ls(1) line 148 (press h for help or q to quit)[27m[K[K [KESCESC[KOO[KBB[K   [1mExit[0m [1mstatus:[0m[m
[7m Manual page ls(1) line 149 (press h for help or q to quit)[27m[K[K [KESCESC[KOO[KBB[K       0      if OK,[m
[7m Manual page ls(1) line 150 (press h for help or q to quit)[27m[K[K [KESCESC[KOO[KBB[K[m
[7m Manual page ls(1) line 151 (press h for help or q to quit)[27m[K[K [KESCESC[KOO[KBB[K       1      if minor problems (e.g., cannot access subdirectory),[m
[7m Manual page ls(1) line 152 (press h for help or q to quit)[27m[K[K [KESCESC[KOO[KBB[K[m
[7m Manual page ls(1) line 153 (press h for help or q to quit)[27m[K[K [KESCESC[KOO[KBB[K       2      if serious trouble (e.g., cannot access command-line argument).[m
[7m Manual page ls(1) line 154 (press h for help or q to quit)[27m[K[K [KESCESC[KOO[KBB[K[m
[7m Manual page ls(1) line 155 (press h for help or q to quit)[27m[K[K [KESCESC[KOO[KBB[K[1mAUTHOR[0m[m
[7m Manual page ls(1) line 156 (press h for help or q to quit)[27m[K[K [KESCESC[KOO[KBB[K       Written by Richard M. Stallman and David MacKenzie.[m
[7m Manual page ls(1) line 157 (press h for help or q to quit)[27m[K[K [KESCESC[KOO[KBB[K[m
[7m Manual page ls(1) line 158 (press h for help or q to quit)[27m[K[K [KESCESC[KOO[KBB[K[1mREPORTING[0m [1mBUGS[0m[m
[7m Manual page ls(1) line 159 (press h for help or q to quit)[27m[K[K [KESCESC[KOO[KBB[K       GNU coreutils online help: <https://www.gnu.org/software/coreutils/>[m
[7m Manual page ls(1) line 160 (press h for help or q to quit)[27m[K[K [KESCESC[KOO[KBB[K       Report ls translation bugs to <https://translationproject.org/team/>[m
[7m Manual page ls(1) line 161 (press h for help or q to quit)[27m[K[K [KESCESC[KOO[KBB[K[m
[7m Manual page ls(1) line 162 (press h for help or q to quit)[27m[K[K [KESCESC[KOO[KBB[K[1mCOPYRIGHT[0m[m
[7m Manual page ls(1) line 163 (press h for help or q to quit)[27m[K[K [KESCESC[KOO[KBB[K       Copyright  ¬©  2018  Free  Software  Foundation,  Inc.   License  GPLv3+:  GNU   GPL   version   3   or   later[m
[7m Manual page ls(1) line 164 (press h for help or q to quit)[27m[K[K [KESCESC[KOO[KBB[K       <https://gnu.org/licenses/gpl.html>.[m
[7m Manual page ls(1) line 165 (press h for help or q to quit)[27m[K[K [KESCESC[KOO[KBB[K       This  is  free software: you are free to change and redistribute it.  There is NO WARRANTY, to the extent per‚Äê[m
[7m Manual page ls(1) line 166 (press h for help or q to quit)[27m[K[K [KESCESC[KOO[KBB[K       mitted by law.[m
[7m Manual page ls(1) line 167 (press h for help or q to quit)[27m[K[K [KESCESC[KOO[KBB[K[m
[7m Manual page ls(1) line 168 (press h for help or q to quit)[27m[K[K [KESCESC[KOO[KBB[K[1mSEE[0m [1mALSO[0m[m
[7m Manual page ls(1) line 169 (press h for help or q to quit)[27m[K[K [KESCESC[KOO[KBB[K       Full documentation at: <https://www.gnu.org/software/coreutils/ls>[m
[7m Manual page ls(1) line 170 (press h for help or q to quit)[27m[K[K [KESCESC[KOO[KBB[K       or available locally via: info '(coreutils) ls invocation'[m
[7m Manual page ls(1) line 171 (press h for help or q to quit)[27m[K[K [KESCESC[KOO[KBB[K[m
[7m Manual page ls(1) line 172 (press h for help or q to quit)[27m[K[K [KESCESC[KOO[KBB[KGNU coreutils 8.30                                  February 2019                                               LS(1)[m
[7m Manual page ls(1) line 173 (press h for help or q to quit)[27m[K[K [KESCESC[KOO[KBB[K[K[7m Manual page ls(1) line 173/221 (END) (press h for help or q to quit)[27m[K[K [KESCESC[KOO[KAA[K[HM[m
[50;1H[K[7m Manual page ls(1) line 172/221 99% (press h for help or q to quit)[27m[K[K [KESCESC[KOO[KBB[KGNU coreutils 8.30                                  February 2019                                               LS(1)[m
[7m Manual page ls(1) line 173/221 (END) (press h for help or q to quit)[27m[K[K [KESCESC[KOO[KBB[K[K[7m Manual page ls(1) line 173/221 (END) (press h for help or q to quit)[27m[K[K [KESCESC[KOO[KAA[K[HM[m
[50;1H[K[7m Manual page ls(1) line 172/221 99% (press h for help or q to quit)[27m[K[K [KESCESC[KOO[KBB[KGNU coreutils 8.30                                  February 2019                                               LS(1)[m
[7m Manual page ls(1) line 173/221 (END) (press h for help or q to quit)[27m[K[K [KESCESC[KOO[KBB[K[K[7m Manual page ls(1) line 173/221 (END) (press h for help or q to quit)[27m[K[K[?1l>[?1049l[23;0;0testern7@remote07:~/i220a/submit/lab8/exercises/1-quote-files$ man grep
[?1049h[22;0;0t[?1h=GREP(1)                                             User Commands                                             GREP(1)[m
[m
[1mNAME[0m[m
       grep, egrep, fgrep, rgrep - print lines that match patterns[m
[m
[1mSYNOPSIS[0m[m
       [1mgrep[0m [[4mOPTION[24m...] [4mPATTERNS[24m [[4mFILE[24m...][m
       [1mgrep[0m [[4mOPTION[24m...] [1m-e[0m [4mPATTERNS[24m ... [[4mFILE[24m...][m
       [1mgrep[0m [[4mOPTION[24m...] [1m-f[0m [4mPATTERN_FILE[24m ... [[4mFILE[24m...][m
[m
[1mDESCRIPTION[0m[m
       [1mgrep[0m  searches  for  [4mPATTERNS[24m  in each [4mFILE[24m.  [4mPATTERNS[24m is one or patterns separated by newline characters, and[m
       [1mgrep[0m prints each line that matches a pattern.[m
[m
       A [4mFILE[24m of ‚Äú[1m-[0m‚Äù stands for standard input.  If  no  [4mFILE[24m  is  given,  recursive  searches  examine  the  working[m
       directory, and nonrecursive searches read standard input.[m
[m
       In  addition,  the  variant  programs  [1megrep[0m,  [1mfgrep[0m  and [1mrgrep[0m are the same as [1mgrep[0m [1m-E[0m, [1mgrep[0m [1m-F[0m, and [1mgrep[0m [1m-r[0m,[m
       respectively.  These variants are deprecated, but are provided for backward compatibility.[m
[m
[1mOPTIONS[0m[m
   [1mGeneric[0m [1mProgram[0m [1mInformation[0m[m
       [1m--help[0m Output a usage message and exit.[m
[m
       [1m-V[0m, [1m--version[0m[m
              Output the version number of [1mgrep[0m and exit.[m
[m
   [1mMatcher[0m [1mSelection[0m[m
       [1m-E[0m, [1m--extended-regexp[0m[m
              Interpret [4mPATTERNS[24m as extended regular expressions (EREs, see below).[m
[m
       [1m-F[0m, [1m--fixed-strings[0m[m
              Interpret [4mPATTERNS[24m as fixed strings, not regular expressions.[m
[m
       [1m-G[0m, [1m--basic-regexp[0m[m
              Interpret [4mPATTERNS[24m as basic regular expressions (BREs, see below).  This is the default.[m
[m
       [1m-P[0m, [1m--perl-regexp[0m[m
              Interpret PATTERNS as Perl-compatible regular expressions (PCREs).  This option  is  experimental  when[m
              combined with the [1m-z[0m ([1m--null-data[0m) option, and [1mgrep[0m [1m-P[0m may warn of unimplemented features.[m
[m
   [1mMatching[0m [1mControl[0m[m
       [1m-e[0m [4mPATTERNS[24m, [1m--regexp=[0m[4mPATTERNS[24m[m
              Use  [4mPATTERNS[24m  as  the  patterns.   If  this  option  is used multiple times or is combined with the [1m-f[0m[m
              ([1m--file[0m) option, search for all patterns given.  This option can be used to protect a pattern beginning[m
              with ‚Äú-‚Äù.[m
[m
       [1m-f[0m [4mFILE[24m, [1m--file=[0m[4mFILE[24m[m
              Obtain patterns from [4mFILE[24m, one per line.  If this option is used multiple times or is combined with the[m
[7m Manual page grep(1) line 1 (press h for help or q to quit)[27m[K[K [KESCESC[KOO[KBB[K              [1m-e[0m ([1m--regexp[0m) option, search for all patterns given.   The  empty  file  contains  zero  patterns,  and[m
[7m Manual page grep(1) line 2 (press h for help or q to quit)[27m[K[K [KESCESC[KOO[KBB[K              therefore matches nothing.[m
[7m Manual page grep(1) line 3 (press h for help or q to quit)[27m[K[K [KESCESC[KOO[KBB[K[m
[7m Manual page grep(1) line 4 (press h for help or q to quit)[27m[K[K [KESCESC[KOO[KBB[K       [1m-i[0m, [1m--ignore-case[0m[m
[7m Manual page grep(1) line 5 (press h for help or q to quit)[27m[K[K [KESCESC[KOO[KBB[K              Ignore case distinctions, so that characters that differ only in case match each other.[m
[7m Manual page grep(1) line 6 (press h for help or q to quit)[27m[K[K [KESCESC[KOO[KBB[K[m
[7m Manual page grep(1) line 7 (press h for help or q to quit)[27m[K[K [KESCESC[KOO[KBB[K       [1m-v[0m, [1m--invert-match[0m[m
[7m Manual page grep(1) line 8 (press h for help or q to quit)[27m[K[K [KESCESC[KOO[KBB[K              Invert the sense of matching, to select non-matching lines.[m
[7m Manual page grep(1) line 9 (press h for help or q to quit)[27m[K[K [KESCESC[KOO[KBB[K[m
[7m Manual page grep(1) line 10 (press h for help or q to quit)[27m[K[K [KESCESC[KOO[KBB[K       [1m-w[0m, [1m--word-regexp[0m[m
[7m Manual page grep(1) line 11 (press h for help or q to quit)[27m[K[K [KESCESC[KOO[KBB[K              Select  only  those  lines  containing  matches  that  form whole words.  The test is that the matching[m
[7m Manual page grep(1) line 12 (press h for help or q to quit)[27m[K[K [KESCESC[KOO[KBB[K              substring must either be at the beginning of the line, or preceded by a non-word constituent character.[m
[7m Manual page grep(1) line 13 (press h for help or q to quit)[27m[K[K [KESCESC[KOO[KBB[K              Similarly,  it  must  be either at the end of the line or followed by a non-word constituent character.[m
[7m Manual page grep(1) line 14 (press h for help or q to quit)[27m[K[K [KESCESC[KOO[KBB[K              Word-constituent characters are letters, digits, and the underscore.  This option has no effect  if  [1m-x[0m[m
[7m Manual page grep(1) line 15 (press h for help or q to quit)[27m[K[K [KESCESC[KOO[KBB[K              is also specified.[m
[7m Manual page grep(1) line 16 (press h for help or q to quit)[27m[K[K [KESCESC[KOO[KBB[K[m
[7m Manual page grep(1) line 17 (press h for help or q to quit)[27m[K[K [KESCESC[KOO[KBB[K       [1m-x[0m, [1m--line-regexp[0m[m
[7m Manual page grep(1) line 18 (press h for help or q to quit)[27m[K[K [KESCESC[KOO[KBB[K              Select only those matches that exactly match the whole line.  For a regular expression pattern, this is[m
[7m Manual page grep(1) line 19 (press h for help or q to quit)[27m[K[K [KESCESC[KOO[KBB[K              like parenthesizing the pattern and then surrounding it with [1m^[0m and [1m$[0m.[m
[7m Manual page grep(1) line 20 (press h for help or q to quit)[27m[K[K [KESCESC[KOO[KBB[K[m
[7m Manual page grep(1) line 21 (press h for help or q to quit)[27m[K[K [KESCESC[KOO[KBB[K       [1m-y[0m     Obsolete synonym for [1m-i[0m.[m
[7m Manual page grep(1) line 22 (press h for help or q to quit)[27m[K[K [KESCESC[KOO[KBB[K[m
[7m Manual page grep(1) line 23 (press h for help or q to quit)[27m[K[K [KESCESC[KOO[KBB[K   [1mGeneral[0m [1mOutput[0m [1mControl[0m[m
[7m Manual page grep(1) line 24 (press h for help or q to quit)[27m[K[K [KESCESC[KOO[KBB[K       [1m-c[0m, [1m--count[0m[m
[7m Manual page grep(1) line 25 (press h for help or q to quit)[27m[K[K [KESCESC[KOO[KBB[K              Suppress normal output; instead print a count of matching lines for each  input  file.   With  the  [1m-v[0m,[m
[7m Manual page grep(1) line 26 (press h for help or q to quit)[27m[K[K [KESCESC[KOO[KBB[K              [1m--invert-match[0m option (see below), count non-matching lines.[m
[7m Manual page grep(1) line 27 (press h for help or q to quit)[27m[K[K [KESCESC[KOO[KBB[K[m
[7m Manual page grep(1) line 28 (press h for help or q to quit)[27m[K[K [KESCESC[KOO[KBB[K       [1m--color[0m[[1m=[0m[4mWHEN[24m], [1m--colour[0m[[1m=[0m[4mWHEN[24m][m
[7m Manual page grep(1) line 29 (press h for help or q to quit)[27m[K[K [KESCESC[KOO[KBB[K              Surround the matched (non-empty) strings, matching lines, context lines, file names, line numbers, byte[m
[7m Manual page grep(1) line 30 (press h for help or q to quit)[27m[K[K [KESCESC[KOO[KBB[K              offsets, and separators (for fields and groups of context lines) with escape sequences to display  them[m
[7m Manual page grep(1) line 31 (press h for help or q to quit)[27m[K[K [KESCESC[KOO[KBB[K              in  color  on  the  terminal.   The  colors  are  defined by the environment variable [1mGREP_COLORS[0m.  The[m
[7m Manual page grep(1) line 32 (press h for help or q to quit)[27m[K[K [KESCESC[KOO[KBB[K              deprecated environment variable [1mGREP_COLOR[0m is still supported, but its setting does not have  priority.[m
[7m Manual page grep(1) line 33 (press h for help or q to quit)[27m[K[K [KESCESC[KOO[KBB[K              [4mWHEN[24m is [1mnever[0m, [1malways[0m, or [1mauto[0m.[m
[7m Manual page grep(1) line 34 (press h for help or q to quit)[27m[K[K [KESCESC[KOO[KBB[K[m
[7m Manual page grep(1) line 35 (press h for help or q to quit)[27m[K[K [KESCESC[KOO[KBB[K       [1m-L[0m, [1m--files-without-match[0m[m
[7m Manual page grep(1) line 36 (press h for help or q to quit)[27m[K[K [KESCESC[KOO[KBB[K              Suppress  normal  output; instead print the name of each input file from which no output would normally[m
[7m Manual page grep(1) line 37 (press h for help or q to quit)[27m[K[K [KESCESC[KOO[KBB[K              have been printed.  The scanning will stop on the first match.[m
[7m Manual page grep(1) line 38 (press h for help or q to quit)[27m[K[K [KESCESC[KOO[KBB[K[m
[7m Manual page grep(1) line 39 (press h for help or q to quit)[27m[K[K [KESCESC[KOO[KBB[K       [1m-l[0m, [1m--files-with-matches[0m[m
[7m Manual page grep(1) line 40 (press h for help or q to quit)[27m[K[K [KESCESC[KOO[KBB[K              Suppress normal output; instead print the name of each input file from which output would normally have[m
[7m Manual page grep(1) line 41 (press h for help or q to quit)[27m[K[K [KESCESC[KOO[KBB[K              been printed.  The scanning will stop on the first match.[m
[7m Manual page grep(1) line 42 (press h for help or q to quit)[27m[K[K [KESCESC[KOO[KBB[K[m
[7m Manual page grep(1) line 43 (press h for help or q to quit)[27m[K[K [KESCESC[KOO[KBB[K       [1m-m[0m [4mNUM[24m, [1m--max-count=[0m[4mNUM[24m[m
[7m Manual page grep(1) line 44 (press h for help or q to quit)[27m[K[K [KESCESC[KOO[KBB[K              Stop  reading a file after [4mNUM[24m matching lines.  If the input is standard input from a regular file, and[m
[7m Manual page grep(1) line 45 (press h for help or q to quit)[27m[K[K [KESCESC[KOO[KBB[K              [4mNUM[24m matching lines are output, [1mgrep[0m ensures that the standard input is positioned  to  just  after  the[m
[7m Manual page grep(1) line 46 (press h for help or q to quit)[27m[K[K [KESCESC[KOO[KBB[K              last  matching line before exiting, regardless of the presence of trailing context lines.  This enables[m
[7m Manual page grep(1) line 47 (press h for help or q to quit)[27m[K[K [KESCESC[KOO[KBB[K              a calling process to resume a search.  When [1mgrep[0m  stops  after  [4mNUM[24m  matching  lines,  it  outputs  any[m
[7m Manual page grep(1) line 48 (press h for help or q to quit)[27m[K[K [KESCESC[KOO[KBB[K              trailing  context  lines.   When  the  [1m-c[0m  or [1m--count[0m option is also used, [1mgrep[0m does not output a count[m
[7m Manual page grep(1) line 49 (press h for help or q to quit)[27m[K[K [KESCESC[KOO[KBB[K              greater than [4mNUM[24m.  When the [1m-v[0m or [1m--invert-match[0m option is also used, [1mgrep[0m stops after  outputting  [4mNUM[24m[m
[7m Manual page grep(1) line 50 (press h for help or q to quit)[27m[K[K [KESCESC[KOO[KBB[K              non-matching lines.[m
[7m Manual page grep(1) line 51 (press h for help or q to quit)[27m[K[K [KESCESC[KOO[KBB[K[m
[7m Manual page grep(1) line 52 (press h for help or q to quit)[27m[K[K [KESCESC[KOO[KBB[K       [1m-o[0m, [1m--only-matching[0m[m
[7m Manual page grep(1) line 53 (press h for help or q to quit)[27m[K[K [KESCESC[KOO[KBB[K              Print  only  the matched (non-empty) parts of a matching line, with each such part on a separate output[m
[7m Manual page grep(1) line 54 (press h for help or q to quit)[27m[K[K [KESCESC[KOO[KBB[K              line.[m
[7m Manual page grep(1) line 55 (press h for help or q to quit)[27m[K[K [KESCESC[KOO[KBB[K[m
[7m Manual page grep(1) line 56 (press h for help or q to quit)[27m[K[K [KESCESC[KOO[KBB[K       [1m-q[0m, [1m--quiet[0m, [1m--silent[0m[m
[7m Manual page grep(1) line 57 (press h for help or q to quit)[27m[K[K [KESCESC[KOO[KBB[K              Quiet; do not write anything to standard output.  Exit immediately with zero status  if  any  match  is[m
[7m Manual page grep(1) line 58 (press h for help or q to quit)[27m[K[K [KESCESC[KOO[KBB[K              found, even if an error was detected.  Also see the [1m-s[0m or [1m--no-messages[0m option.[m
[7m Manual page grep(1) line 59 (press h for help or q to quit)[27m[K[K [KESCESC[KOO[KBB[K[m
[7m Manual page grep(1) line 60 (press h for help or q to quit)[27m[K[K [KESCESC[KOO[KBB[K       [1m-s[0m, [1m--no-messages[0m[m
[7m Manual page grep(1) line 61 (press h for help or q to quit)[27m[K[K [KESCESC[KOO[KBB[K              Suppress error messages about nonexistent or unreadable files.[m
[7m Manual page grep(1) line 62 (press h for help or q to quit)[27m[K[K [KESCESC[KOO[KBB[K[m
[7m Manual page grep(1) line 63 (press h for help or q to quit)[27m[K[K [KESCESC[KOO[KBB[K   [1mOutput[0m [1mLine[0m [1mPrefix[0m [1mControl[0m[m
[7m Manual page grep(1) line 64 (press h for help or q to quit)[27m[K[K [KESCESC[KOO[KBB[K       [1m-b[0m, [1m--byte-offset[0m[m
[7m Manual page grep(1) line 65 (press h for help or q to quit)[27m[K[K [KESCESC[KOO[KBB[K              Print   the   0-based  byte  offset  within  the  input  file  before  each  line  of  output.   If  [1m-o[0m[m
[7m Manual page grep(1) line 66 (press h for help or q to quit)[27m[K[K [KESCESC[KOO[KBB[K              ([1m--only-matching[0m) is specified, print the offset of the matching part itself.[m
[7m Manual page grep(1) line 67 (press h for help or q to quit)[27m[K[K [KESCESC[KOO[KBB[K[m
[7m Manual page grep(1) line 68 (press h for help or q to quit)[27m[K[K [KESCESC[KOO[KBB[K       [1m-H[0m, [1m--with-filename[0m[m
[7m Manual page grep(1) line 69 (press h for help or q to quit)[27m[K[K [KESCESC[KOO[KBB[K              Print the file name for each match.  This is the default when there is more than one file to search.[m
[7m Manual page grep(1) line 70 (press h for help or q to quit)[27m[K[K [KESCESC[KOO[KBB[K[m
[7m Manual page grep(1) line 71 (press h for help or q to quit)[27m[K[K [KESCESC[KOO[KBB[K       [1m-h[0m, [1m--no-filename[0m[m
[7m Manual page grep(1) line 72 (press h for help or q to quit)[27m[K[K [KESCESC[KOO[KBB[K              Suppress the prefixing of file names on output.  This is the default when there is only  one  file  (or[m
[7m Manual page grep(1) line 73 (press h for help or q to quit)[27m[K[K [KESCESC[KOO[KBB[K              only standard input) to search.[m
[7m Manual page grep(1) line 74 (press h for help or q to quit)[27m[K[K [KESCESC[KOO[KBB[K[m
[7m Manual page grep(1) line 75 (press h for help or q to quit)[27m[K[K [KESCESC[KOO[KBB[K       [1m--label=[0m[4mLABEL[24m[m
[7m Manual page grep(1) line 76 (press h for help or q to quit)[27m[K[K [KESCESC[KOO[KBB[K              Display  input actually coming from standard input as input coming from file [4mLABEL[24m.  This is especially[m
[7m Manual page grep(1) line 77 (press h for help or q to quit)[27m[K[K [KESCESC[KOO[KBB[K              useful when implementing tools like [1mzgrep[0m, e.g., [1mgzip[0m [1m-cd[0m [1mfoo.gz[0m [1m|[0m [1mgrep[0m [1m--label=foo[0m [1m-H[0m [1msomething[0m.   See[m
[7m Manual page grep(1) line 78 (press h for help or q to quit)[27m[K[K [KESCESC[KOO[KBB[K              also the [1m-H[0m option.[m
[7m Manual page grep(1) line 79 (press h for help or q to quit)[27m[K[K [KESCESC[KOO[KBB[K[m
[7m Manual page grep(1) line 80 (press h for help or q to quit)[27m[K[K [KESCESC[KOO[KBB[K       [1m-n[0m, [1m--line-number[0m[m
[7m Manual page grep(1) line 81 (press h for help or q to quit)[27m[K[K [KESCESC[KOO[KBB[K              Prefix each line of output with the 1-based line number within its input file.[m
[7m Manual page grep(1) line 82 (press h for help or q to quit)[27m[K[K [KESCESC[KOO[KBB[K[m
[7m Manual page grep(1) line 83 (press h for help or q to quit)[27m[K[K [KESCESC[KOO[KBB[K       [1m-T[0m, [1m--initial-tab[0m[m
[7m Manual page grep(1) line 84 (press h for help or q to quit)[27m[K[K [KESCESC[KOO[KBB[K              Make  sure that the first character of actual line content lies on a tab stop, so that the alignment of[m
[7m Manual page grep(1) line 85 (press h for help or q to quit)[27m[K[K [KESCESC[KOO[KBB[K              tabs looks normal.  This is useful with options that prefix their output to the actual content:  [1m-H[0m,[1m-n[0m,[m
[7m Manual page grep(1) line 86 (press h for help or q to quit)[27m[K[K [KESCESC[KOO[KBB[K              and  [1m-b[0m.   In order to improve the probability that lines from a single file will all start at the same[m
[7m Manual page grep(1) line 87 (press h for help or q to quit)[27m[K[K [KESCESC[KOO[KBB[K              column, this also causes the line number and byte offset (if present) to be printed in a  minimum  size[m
[7m Manual page grep(1) line 88 (press h for help or q to quit)[27m[K[K [KESCESC[KOO[KBB[K              field width.[m
[7m Manual page grep(1) line 89 (press h for help or q to quit)[27m[K[K [KESCESC[KOO[KBB[K[m
[7m Manual page grep(1) line 90 (press h for help or q to quit)[27m[K[K [KESCESC[KOO[KBB[K       [1m-u[0m, [1m--unix-byte-offsets[0m[m
[7m Manual page grep(1) line 91 (press h for help or q to quit)[27m[K[K [KESCESC[KOO[KBB[K              Report  Unix-style  byte offsets.  This switch causes [1mgrep[0m to report byte offsets as if the file were a[m
[7m Manual page grep(1) line 92 (press h for help or q to quit)[27m[K[K [KESCESC[KOO[KBB[K              Unix-style text file, i.e., with CR characters stripped off.  This will produce  results  identical  to[m
[7m Manual page grep(1) line 93 (press h for help or q to quit)[27m[K[K [KESCESC[KOO[KBB[K              running  [1mgrep[0m  on  a  Unix machine.  This option has no effect unless [1m-b[0m option is also used; it has no[m
[7m Manual page grep(1) line 94 (press h for help or q to quit)[27m[K[K [KESCESC[KOO[KBB[K              effect on platforms other than MS-DOS and MS-Windows.[m
[7m Manual page grep(1) line 95 (press h for help or q to quit)[27m[K[K [KESCESC[KOO[KBB[K[m
[7m Manual page grep(1) line 96 (press h for help or q to quit)[27m[K[K [KESCESC[KOO[KBB[K       [1m-Z[0m, [1m--null[0m[m
[7m Manual page grep(1) line 97 (press h for help or q to quit)[27m[K[K [KESCESC[KOO[KBB[K              Output a zero byte (the ASCII [1mNUL[0m character) instead of the character  that  normally  follows  a  file[m
[7m Manual page grep(1) line 98 (press h for help or q to quit)[27m[K[K [KESCESC[KOO[KBB[K              name.   For  example,  [1mgrep[0m  [1m-lZ[0m outputs a zero byte after each file name instead of the usual newline.[m
[7m Manual page grep(1) line 99 (press h for help or q to quit)[27m[K[K [KESCESC[KOO[KBB[K              This option makes the output unambiguous, even  in  the  presence  of  file  names  containing  unusual[m
[7m Manual page grep(1) line 100 (press h for help or q to quit)[27m[K[K [KESCESC[KOO[KBB[K              characters  like  newlines.  This option can be used with commands like [1mfind[0m [1m-print0[0m, [1mperl[0m [1m-0[0m, [1msort[0m [1m-z[0m,[m
[7m Manual page grep(1) line 101 (press h for help or q to quit)[27m[K[K [KESCESC[KOO[KBB[K              and [1mxargs[0m [1m-0[0m to process arbitrary file names, even those that contain newline characters.[m
[7m Manual page grep(1) line 102 (press h for help or q to quit)[27m[K[K [KESCESC[KOO[KBB[K[m
[7m Manual page grep(1) line 103 (press h for help or q to quit)[27m[K[K [KESCESC[KOO[KBB[K   [1mContext[0m [1mLine[0m [1mControl[0m[m
[7m Manual page grep(1) line 104 (press h for help or q to quit)[27m[K[K [KESCESC[KOO[KBB[K       [1m-A[0m [4mNUM[24m, [1m--after-context=[0m[4mNUM[24m[m
[7m Manual page grep(1) line 105 (press h for help or q to quit)[27m[K[K [KESCESC[KOO[KBB[K              Print [4mNUM[24m lines of trailing context after matching lines.  Places a line containing a  group  separator[m
[7m Manual page grep(1) line 106 (press h for help or q to quit)[27m[K[K [KESCESC[KOO[KBB[K              ([1m--[0m)  between  contiguous groups of matches.  With the [1m-o[0m or [1m--only-matching[0m option, this has no effect[m
[7m Manual page grep(1) line 107 (press h for help or q to quit)[27m[K[K [KESCESC[KOO[KBB[K              and a warning is given.[m
[7m Manual page grep(1) line 108 (press h for help or q to quit)[27m[K[K [KESCESC[KOO[KBB[K[m
[7m Manual page grep(1) line 109 (press h for help or q to quit)[27m[K[K [KESCESC[KOO[KBB[K       [1m-B[0m [4mNUM[24m, [1m--before-context=[0m[4mNUM[24m[m
[7m Manual page grep(1) line 110 (press h for help or q to quit)[27m[K[K [KESCESC[KOO[KBB[K              Print [4mNUM[24m lines of leading context before matching lines.  Places a line containing a  group  separator[m
[7m Manual page grep(1) line 111 (press h for help or q to quit)[27m[K[K [KESCESC[KOO[KBB[K              ([1m--[0m)  between  contiguous groups of matches.  With the [1m-o[0m or [1m--only-matching[0m option, this has no effect[m
[7m Manual page grep(1) line 112 (press h for help or q to quit)[27m[K[K [KESCESC[KOO[KBB[K              and a warning is given.[m
[7m Manual page grep(1) line 113 (press h for help or q to quit)[27m[K[K [KESCESC[KOO[KBB[K[m
[7m Manual page grep(1) line 114 (press h for help or q to quit)[27m[K[K [KESCESC[KOO[KBB[K       [1m-C[0m [4mNUM[24m, [1m-[0m[4mNUM[24m, [1m--context=[0m[4mNUM[24m[m
[7m Manual page grep(1) line 115 (press h for help or q to quit)[27m[K[K [KESCESC[KOO[KBB[K              Print [4mNUM[24m lines of output context.  Places a line containing a group separator ([1m--[0m) between  contiguous[m
[7m Manual page grep(1) line 116 (press h for help or q to quit)[27m[K[K [KESCESC[KOO[KBB[K              groups of matches.  With the [1m-o[0m or [1m--only-matching[0m option, this has no effect and a warning is given.[m
[7m Manual page grep(1) line 117 (press h for help or q to quit)[27m[K[K [KESCESC[KOO[KBB[K[m
[7m Manual page grep(1) line 118 (press h for help or q to quit)[27m[K[K [KESCESC[KOO[KBB[K   [1mFile[0m [1mand[0m [1mDirectory[0m [1mSelection[0m[m
[7m Manual page grep(1) line 119 (press h for help or q to quit)[27m[K[K [KESCESC[KOO[KBB[K       [1m-a[0m, [1m--text[0m[m
[7m Manual page grep(1) line 120 (press h for help or q to quit)[27m[K[K [KESCESC[KOO[KBB[K              Process a binary file as if it were text; this is equivalent to the [1m--binary-files=text[0m option.[m
[7m Manual page grep(1) line 121 (press h for help or q to quit)[27m[K[K [KESCESC[KOO[KBB[K[m
[7m Manual page grep(1) line 122 (press h for help or q to quit)[27m[K[K [KESCESC[KOO[KBB[K       [1m--binary-files=[0m[4mTYPE[24m[m
[7m Manual page grep(1) line 123 (press h for help or q to quit)[27m[K[K [KESCESC[KOO[KBB[K              If  a  file's  data or metadata indicate that the file contains binary data, assume that the file is of[m
[7m Manual page grep(1) line 124 (press h for help or q to quit)[27m[K[K [KESCESC[KOO[KBB[K              type [4mTYPE[24m.  Non-text bytes indicate binary data; these are either  output  bytes  that  are  improperly[m
[7m Manual page grep(1) line 125 (press h for help or q to quit)[27m[K[K [KESCESC[KOO[KBB[K              encoded for the current locale, or null input bytes when the [1m-z[0m option is not given.[m
[7m Manual page grep(1) line 126 (press h for help or q to quit)[27m[K[K [KESCESC[KOO[KBB[K[m
[7m Manual page grep(1) line 127 (press h for help or q to quit)[27m[K[K [KESCESC[KOO[KBB[K              By  default,  [4mTYPE[24m  is  [1mbinary[0m, and when [1mgrep[0m discovers that a file is binary it suppresses any further[m
[7m Manual page grep(1) line 128 (press h for help or q to quit)[27m[K[K [KESCESC[KOO[KBB[K              output, and instead outputs either a one-line message saying that a binary file matches, or no  message[m
[7m Manual page grep(1) line 129 (press h for help or q to quit)[27m[K[K [KESCESC[KOO[KBB[K              if there is no match.[m
[7m Manual page grep(1) line 130 (press h for help or q to quit)[27m[K[K [KESCESC[KOO[KBB[K[m
[7m Manual page grep(1) line 131 (press h for help or q to quit)[27m[K[K [KESCESC[KOO[KBB[K              If  [4mTYPE[24m  is  [1mwithout-match[0m,  when [1mgrep[0m discovers that a file is binary it assumes that the rest of the[m
[7m Manual page grep(1) line 132 (press h for help or q to quit)[27m[K[K [KESCESC[KOO[KBB[K              file does not match; this is equivalent to the [1m-I[0m option.[m
[7m Manual page grep(1) line 133 (press h for help or q to quit)[27m[K[K [KESCESC[KOO[KBB[K[m
[7m Manual page grep(1) line 134 (press h for help or q to quit)[27m[K[K [KESCESC[KOO[KBB[K              If [4mTYPE[24m is [1mtext[0m, [1mgrep[0m processes a binary file as if it were text; this is equivalent to the [1m-a[0m option.[m
[7m Manual page grep(1) line 135 (press h for help or q to quit)[27m[K[K [KESCESC[KOO[KBB[K[m
[7m Manual page grep(1) line 136 (press h for help or q to quit)[27m[K[K [KESCESC[KOO[KBB[K              When [4mtype[24m is [1mbinary[0m, [1mgrep[0m may treat non-text bytes as line terminators  even  without  the  [1m-z[0m  option.[m
[7m Manual page grep(1) line 137 (press h for help or q to quit)[27m[K[K [KESCESC[KOO[KBB[K              This  means choosing [1mbinary[0m versus [1mtext[0m can affect whether a pattern matches a file.  For example, when[m
[7m Manual page grep(1) line 138 (press h for help or q to quit)[27m[K[K [KESCESC[KOO[KBB[K              [4mtype[24m is [1mbinary[0m the pattern [1mq$[0m [1mmight[0m match [1mq[0m immediately followed by a null byte, even  though  this  is[m
[7m Manual page grep(1) line 139 (press h for help or q to quit)[27m[K[K [KESCESC[KOO[KBB[K              not  matched when [4mtype[24m is [1mtext[0m.  Conversely, when [4mtype[24m is [1mbinary[0m the pattern [1m.[0m (period) might not match[m
[7m Manual page grep(1) line 140 (press h for help or q to quit)[27m[K[K [KESCESC[KOO[KBB[K              a null byte.[m
[7m Manual page grep(1) line 141 (press h for help or q to quit)[27m[K[K [KESCESC[KOO[KBB[K[m
[7m Manual page grep(1) line 142 (press h for help or q to quit)[27m[K[K [KESCESC[KOO[KBB[K              [4mWarning:[24m The [1m-a[0m option might output binary garbage, which can have nasty side effects if the output  is[m
[7m Manual page grep(1) line 143 (press h for help or q to quit)[27m[K[K [KESCESC[KOO[KBB[K              a  terminal  and  if  the  terminal  driver interprets some of it as commands.  On the other hand, when[m
[7m Manual page grep(1) line 144 (press h for help or q to quit)[27m[K[K [KESCESC[KOO[KBB[K              reading files whose text encodings are unknown, it can be helpful to use [1m-a[0m or to set [1mLC_ALL='C'[0m in the[m
[7m Manual page grep(1) line 145 (press h for help or q to quit)[27m[K[K [KESCESC[KOO[KBB[K              environment, in order to find more matches even if the matches are unsafe for direct display.[m
[7m Manual page grep(1) line 146 (press h for help or q to quit)[27m[K[K [KESCESC[KOO[KBB[K[m
[7m Manual page grep(1) line 147 (press h for help or q to quit)[27m[K[K [KESCESC[KOO[KBB[K       [1m-D[0m [4mACTION[24m, [1m--devices=[0m[4mACTION[24m[m
[7m Manual page grep(1) line 148 (press h for help or q to quit)[27m[K[K [KESCESC[KOO[KBB[K              If  an  input  file is a device, FIFO or socket, use [4mACTION[24m to process it.  By default, [4mACTION[24m is [1mread[0m,[m
[7m Manual page grep(1) line 149 (press h for help or q to quit)[27m[K[K [KESCESC[KOO[KBB[K              which means that devices are read just as if they were ordinary files.  If [4mACTION[24m is [1mskip[0m, devices  are[m
[7m Manual page grep(1) line 150 (press h for help or q to quit)[27m[K[K [KESCESC[KOO[KBB[K              silently skipped.[m
[7m Manual page grep(1) line 151 (press h for help or q to quit)[27m[K[K [KESCESC[KOO[KBB[K[m
[7m Manual page grep(1) line 152 (press h for help or q to quit)[27m[K[K [KESCESC[KOO[KBB[K       [1m-d[0m [4mACTION[24m, [1m--directories=[0m[4mACTION[24m[m
[7m Manual page grep(1) line 153 (press h for help or q to quit)[27m[K[K [KESCESC[KOO[KBB[K              If  an  input  file  is  a directory, use [4mACTION[24m to process it.  By default, [4mACTION[24m is [1mread[0m, i.e., read[m
[7m Manual page grep(1) line 154 (press h for help or q to quit)[27m[K[K [KESCESC[KOO[KBB[K              directories just as if they were ordinary files.  If [4mACTION[24m is [1mskip[0m,  silently  skip  directories.   If[m
[7m Manual page grep(1) line 155 (press h for help or q to quit)[27m[K[K [KESCESC[KOO[KBB[K              [4mACTION[24m  is  [1mrecurse[0m, read all files under each directory, recursively, following symbolic links only if[m
[7m Manual page grep(1) line 156 (press h for help or q to quit)[27m[K[K [KESCESC[KOO[KBB[K              they are on the command line.  This is equivalent to the [1m-r[0m option.[m
[7m Manual page grep(1) line 157 (press h for help or q to quit)[27m[K[K [KESCESC[KOO[KBB[K[m
[7m Manual page grep(1) line 158 (press h for help or q to quit)[27m[K[K [KESCESC[KOO[KBB[K       [1m--exclude=[0m[4mGLOB[24m[m
[7m Manual page grep(1) line 159 (press h for help or q to quit)[27m[K[K [KESCESC[KOO[KBB[K              Skip any command-line file with a name suffix that matches the pattern [4mGLOB[24m, using wildcard matching; a[m
[7m Manual page grep(1) line 160 (press h for help or q to quit)[27m[K[K [KESCESC[KOO[KBB[K              name  suffix  is  either  the  whole  name,  or any suffix starting after a [1m/[0m and before a non-[1m/[0m.  When[m
[7m Manual page grep(1) line 161 (press h for help or q to quit)[27m[K[K [KESCESC[KOO[KBB[K              searching recursively, skip any subfile whose base name matches [4mGLOB[24m; the base name is the  part  after[m
[7m Manual page grep(1) line 162 (press h for help or q to quit)[27m[K[K [KESCESC[KOO[KBB[K              the  last  [1m/[0m.   A  pattern can use [1m*[0m, [1m?[0m, and [1m[[0m...[1m][0m as wildcards, and [1m\[0m to quote a wildcard or backslash[m
[7m Manual page grep(1) line 163 (press h for help or q to quit)[27m[K[K [KESCESC[KOO[KBB[K              character literally.[m
[7m Manual page grep(1) line 164 (press h for help or q to quit)[27m[K[K [KESCESC[KOO[KBB[K[m
[7m Manual page grep(1) line 165 (press h for help or q to quit)[27m[K[K [KESCESC[KOO[KBB[K       [1m--exclude-from=[0m[4mFILE[24m[m
[7m Manual page grep(1) line 166 (press h for help or q to quit)[27m[K[K [KESCESC[KOO[KBB[K              Skip files whose base name matches any of the file-name globs read from [4mFILE[24m (using  wildcard  matching[m
[7m Manual page grep(1) line 167 (press h for help or q to quit)[27m[K[K [KESCESC[KOO[KBB[K              as described under [1m--exclude[0m).[m
[7m Manual page grep(1) line 168 (press h for help or q to quit)[27m[K[K [KESCESC[KOO[KBB[K[m
[7m Manual page grep(1) line 169 (press h for help or q to quit)[27m[K[K [KESCESC[KOO[KBB[K       [1m--exclude-dir=[0m[4mGLOB[24m[m
[7m Manual page grep(1) line 170 (press h for help or q to quit)[27m[K[K [KESCESC[KOO[KBB[K              Skip  any  command-line  directory  with  a  name suffix that matches the pattern [4mGLOB[24m.  When searching[m
[7m Manual page grep(1) line 171 (press h for help or q to quit)[27m[K[K [KESCESC[KOO[KBB[K              recursively, skip any subdirectory whose base name matches [4mGLOB[24m.  Ignore any redundant trailing slashes[m
[7m Manual page grep(1) line 172 (press h for help or q to quit)[27m[K[K [KESCESC[KOO[KBB[K              in [4mGLOB[24m.[m
[7m Manual page grep(1) line 173 (press h for help or q to quit)[27m[K[K [KESCESC[KOO[KBB[K[m
[7m Manual page grep(1) line 174 (press h for help or q to quit)[27m[K[K [KESCESC[KOO[KBB[K       [1m-I[0m     Process  a  binary  file  as  if  it  did  not  contain  matching  data;  this  is  equivalent  to  the[m
[7m Manual page grep(1) line 175 (press h for help or q to quit)[27m[K[K [KESCESC[KOO[KBB[K              [1m--binary-files=without-match[0m option.[m
[7m Manual page grep(1) line 176 (press h for help or q to quit)[27m[K[K [KESCESC[KOO[KBB[K[m
[7m Manual page grep(1) line 177 (press h for help or q to quit)[27m[K[K [KESCESC[KOO[KBB[K       [1m--include=[0m[4mGLOB[24m[m
[7m Manual page grep(1) line 178 (press h for help or q to quit)[27m[K[K [KESCESC[KOO[KBB[K              Search only files whose base name matches [4mGLOB[24m (using wildcard matching as described under [1m--exclude[0m).[m
[7m Manual page grep(1) line 179 (press h for help or q to quit)[27m[K[K [KESCESC[KOO[KBB[K[m
[7m Manual page grep(1) line 180 (press h for help or q to quit)[27m[K[K [KESCESC[KOO[KBB[K       [1m-r[0m, [1m--recursive[0m[m
[7m Manual page grep(1) line 181 (press h for help or q to quit)[27m[K[K [KESCESC[KOO[KBB[K              Read all files under each directory, recursively, following symbolic links only  if  they  are  on  the[m
[7m Manual page grep(1) line 182 (press h for help or q to quit)[27m[K[K [KESCESC[KOO[KBB[K              command  line.   Note  that  if no file operand is given, grep searches the working directory.  This is[m
[7m Manual page grep(1) line 183 (press h for help or q to quit)[27m[K[K [KESCESC[KOO[KBB[K              equivalent to the [1m-d[0m [1mrecurse[0m option.[m
[7m Manual page grep(1) line 184 (press h for help or q to quit)[27m[K[K [KESCESC[KOO[KBB[K[m
[7m Manual page grep(1) line 185 (press h for help or q to quit)[27m[K[K [KESCESC[KOO[KBB[K       [1m-R[0m, [1m--dereference-recursive[0m[m
[7m Manual page grep(1) line 186 (press h for help or q to quit)[27m[K[K [KESCESC[KOO[KBB[K              Read all files under each directory, recursively.  Follow all symbolic links, unlike [1m-r[0m.[m
[7m Manual page grep(1) line 187 (press h for help or q to quit)[27m[K[K [KESCESC[KOO[KBB[K[m
[7m Manual page grep(1) line 188 (press h for help or q to quit)[27m[K[K [KESCESC[KOO[KBB[K   [1mOther[0m [1mOptions[0m[m
[7m Manual page grep(1) line 189 (press h for help or q to quit)[27m[K[K [KESCESC[KOO[KBB[K       [1m--line-buffered[0m[m
[7m Manual page grep(1) line 190 (press h for help or q to quit)[27m[K[K [KESCESC[KOO[KBB[K              Use line buffering on output.  This can cause a performance penalty.[m
[7m Manual page grep(1) line 191 (press h for help or q to quit)[27m[K[K [KESCESC[KOO[KBB[K[m
[7m Manual page grep(1) line 192 (press h for help or q to quit)[27m[K[K [KESCESC[KOO[KBB[K       [1m-U[0m, [1m--binary[0m[m
[7m Manual page grep(1) line 193 (press h for help or q to quit)[27m[K[K [KESCESC[KOO[KBB[K              Treat the file(s) as binary.  By default, under MS-DOS and MS-Windows, [1mgrep[0m guesses whether a  file  is[m
[7m Manual page grep(1) line 194 (press h for help or q to quit)[27m[K[K [KESCESC[KOO[KBB[K              text or binary as described for the [1m--binary-files[0m option.  If [1mgrep[0m decides the file is a text file, it[m
[7m Manual page grep(1) line 195 (press h for help or q to quit)[27m[K[K [KESCESC[KOO[KBB[K              strips the CR characters from the original file contents (to make regular expressions with [1m^[0m and [1m$[0m work[m
[7m Manual page grep(1) line 196 (press h for help or q to quit)[27m[K[K [KESCESC[KOO[KBB[K              correctly).   Specifying  [1m-U[0m  overrules  this guesswork, causing all files to be read and passed to the[m
[7m Manual page grep(1) line 197 (press h for help or q to quit)[27m[K[K [KESCESC[KOO[KBB[K              matching mechanism verbatim; if the file is a text file with CR/LF pairs at the end of each line,  this[m
[7m Manual page grep(1) line 198 (press h for help or q to quit)[27m[K[K [KESCESC[KOO[KBB[K              will  cause some regular expressions to fail.  This option has no effect on platforms other than MS-DOS[m
[7m Manual page grep(1) line 199 (press h for help or q to quit)[27m[K[K [KESCESC[KOO[KBB[K              and MS-Windows.[m
[7m Manual page grep(1) line 200 (press h for help or q to quit)[27m[K[K [KESCESC[KOO[KBB[K[m
[7m Manual page grep(1) line 201 (press h for help or q to quit)[27m[K[K [KESCESC[KOO[KBB[K       [1m-z[0m, [1m--null-data[0m[m
[7m Manual page grep(1) line 202 (press h for help or q to quit)[27m[K[K [KESCESC[KOO[KBB[K              Treat input and output data as sequences of lines, each terminated  by  a  zero  byte  (the  ASCII  NUL[m
[7m Manual page grep(1) line 203 (press h for help or q to quit)[27m[K[K [KESCESC[KOO[KBB[K              character)  instead  of a newline.  Like the [1m-Z[0m or [1m--null[0m option, this option can be used with commands[m
[7m Manual page grep(1) line 204 (press h for help or q to quit)[27m[K[K [KESCESC[KOO[KBB[K              like [1msort[0m [1m-z[0m to process arbitrary file names.[m
[7m Manual page grep(1) line 205 (press h for help or q to quit)[27m[K[K [KESCESC[KOO[KBB[K[m
[7m Manual page grep(1) line 206 (press h for help or q to quit)[27m[K[K [KESCESC[KOO[KBB[K[1mREGULAR[0m [1mEXPRESSIONS[0m[m
[7m Manual page grep(1) line 207 (press h for help or q to quit)[27m[K[K [KESCESC[KOO[KBB[K       A regular expression is a pattern that describes a  set  of  strings.   Regular  expressions  are  constructed[m
[7m Manual page grep(1) line 208 (press h for help or q to quit)[27m[K[K [KESCESC[KOO[KBB[K       analogously to arithmetic expressions, by using various operators to combine smaller expressions.[m
[7m Manual page grep(1) line 209 (press h for help or q to quit)[27m[K[K [KESCESC[KOO[KBB[K[m
[7m Manual page grep(1) line 210 (press h for help or q to quit)[27m[K[K [KESCESC[KOO[KBB[K       [1mgrep[0m  understands  three  different versions of regular expression syntax: ‚Äúbasic‚Äù (BRE), ‚Äúextended‚Äù (ERE) and[m
[7m Manual page grep(1) line 211 (press h for help or q to quit)[27m[K[K [KESCESC[KOO[KBB[K       ‚Äúperl‚Äù (PCRE).  In GNU [1mgrep[0m there is no difference in  available  functionality  between  basic  and  extended[m
[7m Manual page grep(1) line 212 (press h for help or q to quit)[27m[K[K [KESCESC[KOO[KBB[K       syntaxes.   In  other implementations, basic regular expressions are less powerful.  The following description[m
[7m Manual page grep(1) line 213 (press h for help or q to quit)[27m[K[K [KESCESC[KOO[KBB[K       applies to extended regular expressions; differences for basic regular expressions are summarized  afterwards.[m
[7m Manual page grep(1) line 214 (press h for help or q to quit)[27m[K[K [KESCESC[KOO[KBB[K       Perl-compatible  regular  expressions  give  additional functionality, and are documented in pcresyntax(3) and[m
[7m Manual page grep(1) line 215 (press h for help or q to quit)[27m[K[K [KESCESC[KOO[KBB[K       pcrepattern(3), but work only if PCRE is available in the system.[m
[7m Manual page grep(1) line 216 (press h for help or q to quit)[27m[K[K [KESCESC[KOO[KBB[K[m
[7m Manual page grep(1) line 217 (press h for help or q to quit)[27m[K[K [KESCESC[KOO[KBB[K       The fundamental building blocks are the regular expressions that match a single character.   Most  characters,[m
[7m Manual page grep(1) line 218 (press h for help or q to quit)[27m[K[K [KESCESC[KOO[KBB[K       including  all  letters  and  digits,  are regular expressions that match themselves.  Any meta-character with[m
[7m Manual page grep(1) line 219 (press h for help or q to quit)[27m[K[K [KESCESC[KOO[KBB[K       special meaning may be quoted by preceding it with a backslash.[m
[7m Manual page grep(1) line 220 (press h for help or q to quit)[27m[K[K [KESCESC[KOO[KBB[K[m
[7m Manual page grep(1) line 221 (press h for help or q to quit)[27m[K[K [KESCESC[KOO[KBB[K       The period [1m.[0m matches any single character.  It is unspecified whether it matches an encoding error.[m
[7m Manual page grep(1) line 222 (press h for help or q to quit)[27m[K[K [KESCESC[KOO[KBB[K[m
[7m Manual page grep(1) line 223 (press h for help or q to quit)[27m[K[K [KESCESC[KOO[KBB[K   [1mCharacter[0m [1mClasses[0m [1mand[0m [1mBracket[0m [1mExpressions[0m[m
[7m Manual page grep(1) line 224 (press h for help or q to quit)[27m[K[K [KESCESC[KOO[KBB[K       A [4mbracket[24m [4mexpression[24m is a list of characters enclosed by [1m[[0m and [1m][0m.  It matches any  single  character  in  that[m
[7m Manual page grep(1) line 225 (press h for help or q to quit)[27m[K[K [KESCESC[KOO[KBB[K       list.   If the first character of the list is the caret [1m^[0m then it matches any character [4mnot[24m in the list; it is[m
[7m Manual page grep(1) line 226 (press h for help or q to quit)[27m[K[K [KESCESC[KOO[KBB[K       unspecified whether it matches an encoding error.  For example, the regular  expression  [1m[0123456789][0m  matches[m
[7m Manual page grep(1) line 227 (press h for help or q to quit)[27m[K[K [KESCESC[KOO[KBB[K       any single digit.[m
[7m Manual page grep(1) line 228 (press h for help or q to quit)[27m[K[K [KESCESC[KOO[KBB[K[m
[7m Manual page grep(1) line 229 (press h for help or q to quit)[27m[K[K [KESCESC[KOO[KBB[K       Within  a bracket expression, a [4mrange[24m [4mexpression[24m consists of two characters separated by a hyphen.  It matches[m
[7m Manual page grep(1) line 230 (press h for help or q to quit)[27m[K[K [KESCESC[KOO[KBB[K       any single character that sorts between the two characters, inclusive, using the locale's  collating  sequence[m
[7m Manual page grep(1) line 231 (press h for help or q to quit)[27m[K[K [KESCESC[KOO[KBB[K       and  character  set.   For example, in the default C locale, [1m[a-d][0m is equivalent to [1m[abcd][0m.  Many locales sort[m
[7m Manual page grep(1) line 232 (press h for help or q to quit)[27m[K[K [KESCESC[KOO[KBB[K       characters in dictionary order, and in these locales [1m[a-d][0m is typically not equivalent to [1m[abcd][0m; it might  be[m
[7m Manual page grep(1) line 233 (press h for help or q to quit)[27m[K[K [KESCESC[KOO[KBB[K       equivalent  to  [1m[aBbCcDd][0m,  for example.  To obtain the traditional interpretation of bracket expressions, you[m
[7m Manual page grep(1) line 234 (press h for help or q to quit)[27m[K[K [KESCESC[KOO[KBB[K       can use the C locale by setting the [1mLC_ALL[0m environment variable to the value [1mC[0m.[m
[7m Manual page grep(1) line 235 (press h for help or q to quit)[27m[K[K [KESCESC[KOO[KBB[K[m
[7m Manual page grep(1) line 236 (press h for help or q to quit)[27m[K[K [KESCESC[KOO[KBB[K       Finally, certain named classes of characters are predefined within bracket  expressions,  as  follows.   Their[m
[7m Manual page grep(1) line 237 (press h for help or q to quit)[27m[K[K [KESCESC[KOO[KBB[K       names  are  self  explanatory,  and they are [1m[:alnum:][0m, [1m[:alpha:][0m, [1m[:cntrl:][0m, [1m[:digit:][0m, [1m[:graph:][0m, [1m[:lower:][0m,[m
[7m Manual page grep(1) line 238 (press h for help or q to quit)[27m[K[K [KESCESC[KOO[KBB[K       [1m[:print:][0m, [1m[:punct:][0m, [1m[:space:][0m, [1m[:upper:][0m, and [1m[:xdigit:][0m.  For  example,  [1m[[:alnum:]][0m  means  the  character[m
[7m Manual page grep(1) line 239 (press h for help or q to quit)[27m[K[K [KESCESC[KOO[KBB[K       class of numbers and letters in the current locale.  In the C locale and ASCII character set encoding, this is[m
[7m Manual page grep(1) line 240 (press h for help or q to quit)[27m[K[K [KESCESC[KOO[KBB[K       the same as [1m[0-9A-Za-z][0m.  (Note that the brackets in these class names are part of  the  symbolic  names,  and[m
[7m Manual page grep(1) line 241 (press h for help or q to quit)[27m[K[K [KESCESC[KOO[KBB[K       must  be  included  in addition to the brackets delimiting the bracket expression.)  Most meta-characters lose[m
[7m Manual page grep(1) line 242 (press h for help or q to quit)[27m[K[K [KESCESC[KOO[KBB[K       their special meaning inside bracket expressions.  To include  a  literal  [1m][0m  place  it  first  in  the  list.[m
[7m Manual page grep(1) line 243 (press h for help or q to quit)[27m[K[K [KESCESC[KOO[KBB[K       Similarly, to include a literal [1m^[0m place it anywhere but first.  Finally, to include a literal [1m-[0m place it last.[m
[7m Manual page grep(1) line 244 (press h for help or q to quit)[27m[K[K [KESCESC[KOO[KBB[K[m
[7m Manual page grep(1) line 245 (press h for help or q to quit)[27m[K[K [KESCESC[KOO[KBB[K   [1mAnchoring[0m[m
[7m Manual page grep(1) line 246 (press h for help or q to quit)[27m[K[K [KESCESC[KOO[KBB[K       The  caret  [1m^[0m  and  the  dollar  sign  [1m$[0m  are  meta-characters that respectively match the empty string at the[m
[7m Manual page grep(1) line 247 (press h for help or q to quit)[27m[K[K [KESCESC[KOO[KBB[K       beginning and end of a line.[m
[7m Manual page grep(1) line 248 (press h for help or q to quit)[27m[K[K [KESCESC[KOO[KBB[K[m
[7m Manual page grep(1) line 249 (press h for help or q to quit)[27m[K[K [KESCESC[KOO[KBB[K   [1mThe[0m [1mBackslash[0m [1mCharacter[0m [1mand[0m [1mSpecial[0m [1mExpressions[0m[m
[7m Manual page grep(1) line 250 (press h for help or q to quit)[27m[K[K [KESCESC[KOO[KBB[K       The symbols [1m\<[0m and [1m\>[0m respectively match the empty string at the beginning and end of a word.  The  symbol  [1m\b[0m[m
[7m Manual page grep(1) line 251 (press h for help or q to quit)[27m[K[K [KESCESC[KOO[KBB[K       matches  the empty string at the edge of a word, and [1m\B[0m matches the empty string provided it's [4mnot[24m at the edge[m
[7m Manual page grep(1) line 252 (press h for help or q to quit)[27m[K[K [KESCESC[KOO[KBB[K       of a word.  The symbol [1m\w[0m is a synonym for [1m[_[:alnum:]][0m and [1m\W[0m is a synonym for [1m[^_[:alnum:]][0m.[m
[7m Manual page grep(1) line 253 (press h for help or q to quit)[27m[K[K [KESCESC[KOO[KBB[K[m
[7m Manual page grep(1) line 254 (press h for help or q to quit)[27m[K[K [KESCESC[KOO[KBB[K   [1mRepetition[0m[m
[7m Manual page grep(1) line 255 (press h for help or q to quit)[27m[K[K [KESCESC[KOO[KBB[K       A regular expression may be followed by one of several repetition operators:[m
[7m Manual page grep(1) line 256 (press h for help or q to quit)[27m[K[K [KESCESC[KOO[KBB[K       [1m?[0m      The preceding item is optional and matched at most once.[m
[7m Manual page grep(1) line 257 (press h for help or q to quit)[27m[K[K [KESCESC[KOO[KBB[K       [1m*[0m      The preceding item will be matched zero or more times.[m
[7m Manual page grep(1) line 258 (press h for help or q to quit)[27m[K[K [KESCESC[KOO[KBB[K       [1m+[0m      The preceding item will be matched one or more times.[m
[7m Manual page grep(1) line 259 (press h for help or q to quit)[27m[K[K [KESCESC[KOO[KBB[K       [1m{[0m[4mn[24m[1m}[0m    The preceding item is matched exactly [4mn[24m times.[m
[7m Manual page grep(1) line 260 (press h for help or q to quit)[27m[K[K [KESCESC[KOO[KBB[K       [1m{[0m[4mn[24m[1m,}[0m   The preceding item is matched [4mn[24m or more times.[m
[7m Manual page grep(1) line 261 (press h for help or q to quit)[27m[K[K [KESCESC[KOO[KBB[K       [1m{,[0m[4mm[24m[1m}[0m   The preceding item is matched at most [4mm[24m times.  This is a GNU extension.[m
[7m Manual page grep(1) line 262 (press h for help or q to quit)[27m[K[K [KESCESC[KOO[KBB[K       [1m{[0m[4mn[24m[1m,[0m[4mm[24m[1m}[0m  The preceding item is matched at least [4mn[24m times, but not more than [4mm[24m times.[m
[7m Manual page grep(1) line 263 (press h for help or q to quit)[27m[K[K [KESCESC[KOO[KBB[K[m
[7m Manual page grep(1) line 264 (press h for help or q to quit)[27m[K[K [KESCESC[KOO[KBB[K   [1mConcatenation[0m[m
[7m Manual page grep(1) line 265 (press h for help or q to quit)[27m[K[K [KESCESC[KOO[KBB[K       Two regular expressions may be concatenated; the resulting regular expression matches  any  string  formed  by[m
[7m Manual page grep(1) line 266 (press h for help or q to quit)[27m[K[K [KESCESC[KOO[KBB[K       concatenating two substrings that respectively match the concatenated expressions.[m
[7m Manual page grep(1) line 267 (press h for help or q to quit)[27m[K[K [KESCESC[KOO[KBB[K[m
[7m Manual page grep(1) line 268 (press h for help or q to quit)[27m[K[K [KESCESC[KOO[KBB[K   [1mAlternation[0m[m
[7m Manual page grep(1) line 269 (press h for help or q to quit)[27m[K[K [KESCESC[KOO[KBB[K       Two  regular  expressions  may be joined by the infix operator [1m|[0m; the resulting regular expression matches any[m
[7m Manual page grep(1) line 270 (press h for help or q to quit)[27m[K[K [KESCESC[KOO[KBB[K       string matching either alternate expression.[m
[7m Manual page grep(1) line 271 (press h for help or q to quit)[27m[K[K [KESCESC[KOO[KBB[K[m
[7m Manual page grep(1) line 272 (press h for help or q to quit)[27m[K[K [KESCESC[KOO[KBB[K   [1mPrecedence[0m[m
[7m Manual page grep(1) line 273 (press h for help or q to quit)[27m[K[K [KESCESC[KOO[KBB[K       Repetition takes precedence over concatenation, which in turn takes  precedence  over  alternation.   A  whole[m
[7m Manual page grep(1) line 274 (press h for help or q to quit)[27m[K[K [KESCESC[KOO[KBB[K       expression may be enclosed in parentheses to override these precedence rules and form a subexpression.[m
[7m Manual page grep(1) line 275 (press h for help or q to quit)[27m[K[K [KESCESC[KOO[KBB[K[m
[7m Manual page grep(1) line 276 (press h for help or q to quit)[27m[K[K [KESCESC[KOO[KBB[K   [1mBack[0m [1mReferences[0m [1mand[0m [1mSubexpressions[0m[m
[7m Manual page grep(1) line 277 (press h for help or q to quit)[27m[K[K [KESCESC[KOO[KBB[K       The  back-reference  [1m\[0m[4mn[24m,  where  [4mn[24m  is  a  single  digit,  matches the substring previously matched by the [4mn[24mth[m
[7m Manual page grep(1) line 278 (press h for help or q to quit)[27m[K[K [KESCESC[KOO[KBB[K       parenthesized subexpression of the regular expression.[m
[7m Manual page grep(1) line 279 (press h for help or q to quit)[27m[K[K [KESCESC[KOO[KBB[K[m
[7m Manual page grep(1) line 280 (press h for help or q to quit)[27m[K[K [KESCESC[KOO[KBB[K   [1mBasic[0m [1mvs[0m [1mExtended[0m [1mRegular[0m [1mExpressions[0m[m
[7m Manual page grep(1) line 281 (press h for help or q to quit)[27m[K[K [KESCESC[KOO[KBB[K       In basic regular expressions the meta-characters [1m?[0m, [1m+[0m, [1m{[0m, [1m|[0m, [1m([0m, and [1m)[0m lose their special meaning; instead  use[m
[7m Manual page grep(1) line 282 (press h for help or q to quit)[27m[K[K [KESCESC[KOO[KBB[K       the backslashed versions [1m\?[0m, [1m\+[0m, [1m\{[0m, [1m\|[0m, [1m\([0m, and [1m\)[0m.[m
[7m Manual page grep(1) line 283 (press h for help or q to quit)[27m[K[K [KESCESC[KOO[KBB[K[m
[7m Manual page grep(1) line 284 (press h for help or q to quit)[27m[K[K [KESCESC[KOO[KBB[K[1mENVIRONMENT[0m [1mVARIABLES[0m[m
[7m Manual page grep(1) line 285 (press h for help or q to quit)[27m[K[K [KESCESC[KOO[KBB[K       The behavior of [1mgrep[0m is affected by the following environment variables.[m
[7m Manual page grep(1) line 286 (press h for help or q to quit)[27m[K[K [KESCESC[KOO[KBB[K[m
[7m Manual page grep(1) line 287 (press h for help or q to quit)[27m[K[K [KESCESC[KOO[KBB[K       The locale for category [1mLC_[0m[4mfoo[24m is specified by examining the three environment variables [1mLC_ALL[0m, [1mLC_[0m[4mfoo[24m, [1mLANG[0m,[m
[7m Manual page grep(1) line 288 (press h for help or q to quit)[27m[K[K [KESCESC[KOO[KBB[K       in that order.  The first of these variables that is set specifies the locale.  For example, if [1mLC_ALL[0m is  not[m
[7m Manual page grep(1) line 289 (press h for help or q to quit)[27m[K[K [KESCESC[KOO[KBB[K       set,  but  [1mLC_MESSAGES[0m  is  set  to  [1mpt_BR[0m,  then  the Brazilian Portuguese locale is used for the [1mLC_MESSAGES[0m[m
[7m Manual page grep(1) line 290 (press h for help or q to quit)[27m[K[K [KESCESC[KOO[KBB[K       category.  The C locale is used if none of these environment variables are set, if the locale catalog  is  not[m
[7m Manual page grep(1) line 291 (press h for help or q to quit)[27m[K[K [KESCESC[KOO[KBB[K       installed,  or  if  [1mgrep[0m  was  not compiled with national language support (NLS).  The shell command [1mlocale[0m [1m-a[0m[m
[7m Manual page grep(1) line 292 (press h for help or q to quit)[27m[K[K [KESCESC[KOO[KBB[K       lists locales that are currently available.[m
[7m Manual page grep(1) line 293 (press h for help or q to quit)[27m[K[K [KESCESC[KOO[KBB[K[m
[7m Manual page grep(1) line 294 (press h for help or q to quit)[27m[K[K [KESCESC[KOO[KBB[K       [1mGREP_OPTIONS[0m[m
[7m Manual page grep(1) line 295 (press h for help or q to quit)[27m[K[K [KESCESC[KOO[KBB[K              This variable specifies default options to be placed in front of any explicit options.  As this  causes[m
[7m Manual page grep(1) line 296 (press h for help or q to quit)[27m[K[K [KESCESC[KOO[KBB[K              problems  when  writing portable scripts, this feature will be removed in a future release of [1mgrep[0m, and[m
[7m Manual page grep(1) line 297 (press h for help or q to quit)[27m[K[K [KESCESC[KOO[KBB[K              [1mgrep[0m warns if it is used.  Please use an alias or script instead.[m
[7m Manual page grep(1) line 298 (press h for help or q to quit)[27m[K[K [KESCESC[KOO[KBB[K[m
[7m Manual page grep(1) line 299 (press h for help or q to quit)[27m[K[K [KESCESC[KOO[KBB[K       [1mGREP_COLOR[0m[m
[7m Manual page grep(1) line 300 (press h for help or q to quit)[27m[K[K [KESCESC[KOO[KBB[K              This variable specifies the color used to highlight matched (non-empty)  text.   It  is  deprecated  in[m
[7m Manual page grep(1) line 301 (press h for help or q to quit)[27m[K[K [KESCESC[KOO[KBB[K              favor  of  [1mGREP_COLORS[0m,  but  still  supported.   The  [1mmt[0m,  [1mms[0m, and [1mmc[0m capabilities of [1mGREP_COLORS[0m have[m
[7m Manual page grep(1) line 302 (press h for help or q to quit)[27m[K[K [KESCESC[KOO[KBB[K              priority over it.  It can only specify the color used to highlight the matching non-empty text  in  any[m
[7m Manual page grep(1) line 303 (press h for help or q to quit)[27m[K[K [KESCESC[KOO[KBB[K              matching line (a selected line when the [1m-v[0m command-line option is omitted, or a context line when [1m-v[0m is[m
[7m Manual page grep(1) line 304 (press h for help or q to quit)[27m[K[K [KESCESC[KOO[KBB[K              specified).  The default is [1m01;31[0m, which means a bold red foreground text  on  the  terminal's  default[m
[7m Manual page grep(1) line 305 (press h for help or q to quit)[27m[K[K [KESCESC[KOO[KBB[K              background.[m
[7m Manual page grep(1) line 306 (press h for help or q to quit)[27m[K[K [KESCESC[KOO[KBB[K[m
[7m Manual page grep(1) line 307 (press h for help or q to quit)[27m[K[K [KESCESC[KOO[KBB[K       [1mGREP_COLORS[0m[m
[7m Manual page grep(1) line 308 (press h for help or q to quit)[27m[K[K [KESCESC[KOO[KBB[K              Specifies  the colors and other attributes used to highlight various parts of the output.  Its value is[m
[7m Manual page grep(1) line 309 (press h for help or q to quit)[27m[K[K [KESCESC[KOO[KBB[K              a       colon-separated        list        of        capabilities        that        defaults        to[m
[7m Manual page grep(1) line 310 (press h for help or q to quit)[27m[K[K [KESCESC[KOO[KBB[K              [1mms=01;31:mc=01;31:sl=:cx=:fn=35:ln=32:bn=32:se=36[0m  with  the  [1mrv[0m  and  [1mne[0m  boolean capabilities omitted[m
[7m Manual page grep(1) line 311 (press h for help or q to quit)[27m[K[K [KESCESC[KOO[KBB[K              (i.e., false).  Supported capabilities are as follows.[m
[7m Manual page grep(1) line 312 (press h for help or q to quit)[27m[K[K [KESCESC[KOO[KBB[K[m
[7m Manual page grep(1) line 313 (press h for help or q to quit)[27m[K[K [KESCESC[KOO[KBB[K              [1msl=[0m    SGR substring for whole selected lines (i.e., matching lines when the [1m-v[0m command-line option  is[m
[7m Manual page grep(1) line 314 (press h for help or q to quit)[27m[K[K [KESCESC[KOO[KBB[K                     omitted,  or non-matching lines when [1m-v[0m is specified).  If however the boolean [1mrv[0m capability and[m
[7m Manual page grep(1) line 315 (press h for help or q to quit)[27m[K[K [KESCESC[KOO[KBB[K                     the [1m-v[0m command-line option are both specified, it applies to  context  matching  lines  instead.[m
[7m Manual page grep(1) line 316 (press h for help or q to quit)[27m[K[K [KESCESC[KOO[KBB[K                     The default is empty (i.e., the terminal's default color pair).[m
[7m Manual page grep(1) line 317 (press h for help or q to quit)[27m[K[K [KESCESC[KOO[KBB[K[m
[7m Manual page grep(1) line 318 (press h for help or q to quit)[27m[K[K [KESCESC[KOO[KBB[K              [1mcx=[0m    SGR  substring for whole context lines (i.e., non-matching lines when the [1m-v[0m command-line option[m
[7m Manual page grep(1) line 319 (press h for help or q to quit)[27m[K[K [KESCESC[KOO[KBB[K                     is omitted, or matching lines when [1m-v[0m is specified).  If however the boolean [1mrv[0m  capability  and[m
[7m Manual page grep(1) line 320 (press h for help or q to quit)[27m[K[K [KESCESC[KOO[KBB[K                     the  [1m-v[0m  command-line  option  are  both  specified,  it  applies to selected non-matching lines[m
[7m Manual page grep(1) line 321 (press h for help or q to quit)[27m[K[K [KESCESC[KOO[KBB[K                     instead.  The default is empty (i.e., the terminal's default color pair).[m
[7m Manual page grep(1) line 322 (press h for help or q to quit)[27m[K[K [KESCESC[KOO[KBB[K[m
[7m Manual page grep(1) line 323 (press h for help or q to quit)[27m[K[K [KESCESC[KOO[KBB[K              [1mrv[0m     Boolean value that reverses (swaps) the meanings of the [1msl=[0m and [1mcx=[0m  capabilities  when  the  [1m-v[0m[m
[7m Manual page grep(1) line 324 (press h for help or q to quit)[27m[K[K [KESCESC[KOO[KBB[K                     command-line option is specified.  The default is false (i.e., the capability is omitted).[m
[7m Manual page grep(1) line 325 (press h for help or q to quit)[27m[K[K [KESCESC[KOO[KBB[K[m
[7m Manual page grep(1) line 326 (press h for help or q to quit)[27m[K[K [KESCESC[KOO[KBB[K              [1mmt=01;31[0m[m
[7m Manual page grep(1) line 327 (press h for help or q to quit)[27m[K[K [KESCESC[KOO[KBB[K                     SGR  substring  for matching non-empty text in any matching line (i.e., a selected line when the[m
[7m Manual page grep(1) line 328 (press h for help or q to quit)[27m[K[K [KESCESC[KOO[KBB[K                     [1m-v[0m command-line option is omitted, or a context line when [1m-v[0m is  specified).   Setting  this  is[m
[7m Manual page grep(1) line 329 (press h for help or q to quit)[27m[K[K [KESCESC[KOO[KBB[K                     equivalent  to  setting  both  [1mms=[0m and [1mmc=[0m at once to the same value.  The default is a bold red[m
[7m Manual page grep(1) line 330 (press h for help or q to quit)[27m[K[K [KESCESC[KOO[KBB[K                     text foreground over the current line background.[m
[7m Manual page grep(1) line 331 (press h for help or q to quit)[27m[K[K [KESCESC[KOO[KBB[K[m
[7m Manual page grep(1) line 332 (press h for help or q to quit)[27m[K[K [KESCESC[KOO[KBB[K              [1mms=01;31[0m[m
[7m Manual page grep(1) line 333 (press h for help or q to quit)[27m[K[K [KESCESC[KOO[KBB[K                     SGR substring for matching non-empty text in a selected line.  (This is only used  when  the  [1m-v[0m[m
[7m Manual page grep(1) line 334 (press h for help or q to quit)[27m[K[K [KESCESC[KOO[KBB[K                     command-line option is omitted.)  The effect of the [1msl=[0m (or [1mcx=[0m if [1mrv[0m) capability remains active[m
[7m Manual page grep(1) line 335 (press h for help or q to quit)[27m[K[K [KESCESC[KOO[KBB[K                     when this kicks in.  The default is a bold red text foreground over the current line background.[m
[7m Manual page grep(1) line 336 (press h for help or q to quit)[27m[K[K [KESCESC[KOO[KBB[K[m
[7m Manual page grep(1) line 337 (press h for help or q to quit)[27m[K[K [KESCESC[KOO[KBB[K              [1mmc=01;31[0m[m
[7m Manual page grep(1) line 338 (press h for help or q to quit)[27m[K[K [KESCESC[KOO[KBB[K                     SGR substring for matching non-empty text in a context line.  (This is only  used  when  the  [1m-v[0m[m
[7m Manual page grep(1) line 339 (press h for help or q to quit)[27m[K[K [KESCESC[KOO[KBB[K                     command-line  option  is  specified.)   The  effect of the [1mcx=[0m (or [1msl=[0m if [1mrv[0m) capability remains[m
[7m Manual page grep(1) line 340 (press h for help or q to quit)[27m[K[K [KESCESC[KOO[KBB[K                     active when this kicks in.  The default is a bold red text  foreground  over  the  current  line[m
[7m Manual page grep(1) line 341 (press h for help or q to quit)[27m[K[K [KESCESC[KOO[KBB[K                     background.[m
[7m Manual page grep(1) line 342 (press h for help or q to quit)[27m[K[K [KESCESC[KOO[KBB[K[m
[7m Manual page grep(1) line 343 (press h for help or q to quit)[27m[K[K [KESCESC[KOO[KBB[K              [1mfn=35[0m  SGR  substring  for  file  names  prefixing  any  content  line.   The default is a magenta text[m
[7m Manual page grep(1) line 344 (press h for help or q to quit)[27m[K[K [KESCESC[KOO[KBB[K                     foreground over the terminal's default background.[m
[7m Manual page grep(1) line 345 (press h for help or q to quit)[27m[K[K [KESCESC[KOO[KBB[K[m
[7m Manual page grep(1) line 346 (press h for help or q to quit)[27m[K[K [KESCESC[KOO[KBB[K              [1mln=32[0m  SGR substring for line numbers prefixing  any  content  line.   The  default  is  a  green  text[m
[7m Manual page grep(1) line 347 (press h for help or q to quit)[27m[K[K [KESCESC[KOO[KBB[K                     foreground over the terminal's default background.[m
[7m Manual page grep(1) line 348 (press h for help or q to quit)[27m[K[K [KESCESC[KOO[KBB[K[m
[7m Manual page grep(1) line 349 (press h for help or q to quit)[27m[K[K [KESCESC[KOO[KBB[K              [1mbn=32[0m  SGR  substring  for  byte  offsets  prefixing  any  content  line.   The default is a green text[m
[7m Manual page grep(1) line 350 (press h for help or q to quit)[27m[K[K [KESCESC[KOO[KBB[K                     foreground over the terminal's default background.[m
[7m Manual page grep(1) line 351 (press h for help or q to quit)[27m[K[K [KESCESC[KOO[KBB[K[m
[7m Manual page grep(1) line 352 (press h for help or q to quit)[27m[K[K [KESCESC[KOO[KBB[K              [1mse=36[0m  SGR substring for separators that are inserted between selected line fields ([1m:[0m), between context[m
[7m Manual page grep(1) line 353 (press h for help or q to quit)[27m[K[K [KESCESC[KOO[KBB[K                     line  fields,  ([1m-[0m), and between groups of adjacent lines when nonzero context is specified ([1m--[0m).[m
[7m Manual page grep(1) line 354 (press h for help or q to quit)[27m[K[K [KESCESC[KOO[KBB[K                     The default is a cyan text foreground over the terminal's default background.[m
[7m Manual page grep(1) line 355 (press h for help or q to quit)[27m[K[K [KESCESC[KOO[KBB[K[m
[7m Manual page grep(1) line 356 (press h for help or q to quit)[27m[K[K [KESCESC[KOO[KBB[K              [1mne[0m     Boolean value that prevents clearing to the end of line  using  Erase  in  Line  (EL)  to  Right[m
[7m Manual page grep(1) line 357 (press h for help or q to quit)[27m[K[K [KESCESC[KOO[KBB[K                     ([1m\33[K[0m)  each  time  a  colorized  item  ends.   This  is needed on terminals on which EL is not[m
[7m Manual page grep(1) line 358 (press h for help or q to quit)[27m[K[K [KESCESC[KOO[KBB[K                     supported.  It is otherwise useful on terminals for which  the  [1mback_color_erase[0m  ([1mbce[0m)  boolean[m
[7m Manual page grep(1) line 359 (press h for help or q to quit)[27m[K[K [KESCESC[KOO[KBB[K                     terminfo  capability  does  not  apply,  when  the  chosen  highlight  colors  do not affect the[m
[7m Manual page grep(1) line 360 (press h for help or q to quit)[27m[K[K [KESCESC[KOO[KBB[K                     background, or when EL is too slow or causes too much flicker.  The default is false (i.e.,  the[m
[7m Manual page grep(1) line 361 (press h for help or q to quit)[27m[K[K [KESCESC[KOO[KBB[K                     capability is omitted).[m
[7m Manual page grep(1) line 362 (press h for help or q to quit)[27m[K[K [KESCESC[KOO[KBB[K[m
[7m Manual page grep(1) line 363 (press h for help or q to quit)[27m[K[K [KESCESC[KOO[KBB[K              Note that boolean capabilities have no [1m=[0m... part.  They are omitted (i.e., false) by default and become[m
[7m Manual page grep(1) line 364 (press h for help or q to quit)[27m[K[K [KESCESC[KOO[KBB[K              true when specified.[m
[7m Manual page grep(1) line 365 (press h for help or q to quit)[27m[K[K [KESCESC[KOO[KBB[K[m
[7m Manual page grep(1) line 366 (press h for help or q to quit)[27m[K[K [KESCESC[KOO[KBB[K              See the Select Graphic Rendition (SGR) section in the documentation of the text terminal that  is  used[m
[7m Manual page grep(1) line 367 (press h for help or q to quit)[27m[K[K [KESCESC[KOO[KBB[K              for permitted values and their meaning as character attributes.  These substring values are integers in[m
[7m Manual page grep(1) line 368 (press h for help or q to quit)[27m[K[K [KESCESC[KOO[KBB[K              decimal representation and can be concatenated with semicolons.  [1mgrep[0m  takes  care  of  assembling  the[m
[7m Manual page grep(1) line 369 (press h for help or q to quit)[27m[K[K [KESCESC[KOO[KBB[K              result into a complete SGR sequence ([1m\33[[0m...[1mm[0m).  Common values to concatenate include [1m1[0m for bold, [1m4[0m for[m
[7m Manual page grep(1) line 370 (press h for help or q to quit)[27m[K[K [KESCESC[KOO[KBB[K              underline, [1m5[0m for blink, [1m7[0m for inverse, [1m39[0m for default foreground color, [1m30[0m to [1m37[0m for foreground colors,[m
[7m Manual page grep(1) line 371 (press h for help or q to quit)[27m[K[K [KESCESC[KOO[KBB[K              [1m90[0m  to  [1m97[0m  for  16-color  mode  foreground colors, [1m38;5;0[0m to [1m38;5;255[0m for 88-color and 256-color modes[m
[7m Manual page grep(1) line 372 (press h for help or q to quit)[27m[K[K [KESCESC[KOO[KBB[K              foreground colors, [1m49[0m for default background color, [1m40[0m to [1m47[0m for background  colors,  [1m100[0m  to  [1m107[0m  for[m
[7m Manual page grep(1) line 373 (press h for help or q to quit)[27m[K[K [KESCESC[KOO[KBB[K              16-color  mode  background  colors,  and [1m48;5;0[0m to [1m48;5;255[0m for 88-color and 256-color modes background[m
[7m Manual page grep(1) line 374 (press h for help or q to quit)[27m[K[K [KESCESC[KOO[KBB[K              colors.[m
[7m Manual page grep(1) line 375 (press h for help or q to quit)[27m[K[K [KESCESC[KOO[KBB[K[m
[7m Manual page grep(1) line 376 (press h for help or q to quit)[27m[K[K [KESCESC[KOO[KBB[K       [1mLC_ALL[0m, [1mLC_COLLATE[0m, [1mLANG[0m[m
[7m Manual page grep(1) line 377 (press h for help or q to quit)[27m[K[K [KESCESC[KOO[KBB[K              These variables specify the locale for the [1mLC_COLLATE[0m category, which determines the collating sequence[m
[7m Manual page grep(1) line 378 (press h for help or q to quit)[27m[K[K [KESCESC[KOO[KBB[K              used to interpret range expressions like [1m[a-z][0m.[m
[7m Manual page grep(1) line 379 (press h for help or q to quit)[27m[K[K [KESCESC[KOO[KBB[K[m
[7m Manual page grep(1) line 380 (press h for help or q to quit)[27m[K[K [KESCESC[KOO[KBB[K       [1mLC_ALL[0m, [1mLC_CTYPE[0m, [1mLANG[0m[m
[7m Manual page grep(1) line 381 (press h for help or q to quit)[27m[K[K [KESCESC[KOO[KBB[K              These  variables specify the locale for the [1mLC_CTYPE[0m category, which determines the type of characters,[m
[7m Manual page grep(1) line 382 (press h for help or q to quit)[27m[K[K [KESCESC[KOO[KBB[K              e.g., which characters are whitespace.  This category also determines the character encoding, that  is,[m
[7m Manual page grep(1) line 383 (press h for help or q to quit)[27m[K[K [KESCESC[KOO[KBB[K              whether  text  is  encoded  in  UTF-8,  ASCII,  or  some other encoding.  In the C or POSIX locale, all[m
[7m Manual page grep(1) line 384 (press h for help or q to quit)[27m[K[K [KESCESC[KOO[KBB[K              characters are encoded as a single byte and every byte is a valid character.[m
[7m Manual page grep(1) line 385 (press h for help or q to quit)[27m[K[K [KESCESC[KOO[KBB[K[m
[7m Manual page grep(1) line 386 (press h for help or q to quit)[27m[K[K [KESCESC[KOO[KBB[K       [1mLC_ALL[0m, [1mLC_MESSAGES[0m, [1mLANG[0m[m
[7m Manual page grep(1) line 387 (press h for help or q to quit)[27m[K[K [KESCESC[KOO[KBB[K              These variables specify the locale for the [1mLC_MESSAGES[0m category, which  determines  the  language  that[m
[7m Manual page grep(1) line 388 (press h for help or q to quit)[27m[K[K [KESCESC[KOO[KBB[K              [1mgrep[0m uses for messages.  The default C locale uses American English messages.[m
[7m Manual page grep(1) line 389 (press h for help or q to quit)[27m[K[K [KESCESC[KOO[KBB[K[m
[7m Manual page grep(1) line 390 (press h for help or q to quit)[27m[K[K [KESCESC[KOO[KBB[K       [1mPOSIXLY_CORRECT[0m[m
[7m Manual page grep(1) line 391 (press h for help or q to quit)[27m[K[K [KESCESC[KOO[KBB[K              If  set,  [1mgrep[0m  behaves as POSIX requires; otherwise, [1mgrep[0m behaves more like other GNU programs.  POSIX[m
[7m Manual page grep(1) line 392 (press h for help or q to quit)[27m[K[K [KESCESC[KOO[KBB[K              requires that options that follow file names must be treated as file names; by  default,  such  options[m
[7m Manual page grep(1) line 393 (press h for help or q to quit)[27m[K[K [KESCESC[KOO[KBB[K              are  permuted  to  the front of the operand list and are treated as options.  Also, POSIX requires that[m
[7m Manual page grep(1) line 394 (press h for help or q to quit)[27m[K[K [KESCESC[KOO[KBB[K              unrecognized options be diagnosed as ‚Äúillegal‚Äù, but since they are  not  really  against  the  law  the[m
[7m Manual page grep(1) line 395 (press h for help or q to quit)[27m[K[K [KESCESC[KOO[KBB[K              default  is to diagnose them as ‚Äúinvalid‚Äù.  [1mPOSIXLY_CORRECT[0m also disables [1m_[0m[4mN_[24m[1mGNU_nonoption_argv_flags_[0m,[m
[7m Manual page grep(1) line 396 (press h for help or q to quit)[27m[K[K [KESCESC[KOO[KBB[K              described below.[m
[7m Manual page grep(1) line 397 (press h for help or q to quit)[27m[K[K [KESCESC[KOO[KBB[K[m
[7m Manual page grep(1) line 398 (press h for help or q to quit)[27m[K[K [KESCESC[KOO[KBB[K       [1m_[0m[4mN_[24m[1mGNU_nonoption_argv_flags_[0m[m
[7m Manual page grep(1) line 399 (press h for help or q to quit)[27m[K[K [KESCESC[KOO[KBB[K              (Here [4mN[24m is [1mgrep[0m's numeric process ID.)  If the [4mi[24mth character of this environment variable's value is [1m1[0m,[m
[7m Manual page grep(1) line 400 (press h for help or q to quit)[27m[K[K [KESCESC[KOO[KBB[K              do not consider the [4mi[24mth operand of [1mgrep[0m to be an option, even if it appears to be one.  A shell can put[m
[7m Manual page grep(1) line 401 (press h for help or q to quit)[27m[K[K [KESCESC[KOO[KBB[K              this variable in the environment for each command it runs, specifying which operands are the results of[m
[7m Manual page grep(1) line 402 (press h for help or q to quit)[27m[K[K [KESCESC[KOO[KBB[K              file  name  wildcard  expansion  and  therefore  should  not  be  treated as options.  This behavior is[m
[7m Manual page grep(1) line 403 (press h for help or q to quit)[27m[K[K [KESCESC[KOO[KBB[K              available only with the GNU C library, and only when [1mPOSIXLY_CORRECT[0m is not set.[m
[7m Manual page grep(1) line 404 (press h for help or q to quit)[27m[K[K [KESCESC[KOO[KBB[K[m
[7m Manual page grep(1) line 405 (press h for help or q to quit)[27m[K[K [KESCESC[KOO[KBB[K[1mEXIT[0m [1mSTATUS[0m[m
[7m Manual page grep(1) line 406 (press h for help or q to quit)[27m[K[K [KESCESC[KOO[KBB[K       Normally the exit status is 0 if a line is selected, 1 if no lines were selected, and 2 if an error  occurred.[m
[7m Manual page grep(1) line 407 (press h for help or q to quit)[27m[K[K [KESCESC[KOO[KBB[K       However,  if  the  [1m-q[0m  or  [1m--quiet[0m or [1m--silent[0m is used and a line is selected, the exit status is 0 even if an[m
[7m Manual page grep(1) line 408 (press h for help or q to quit)[27m[K[K [KESCESC[KOO[KBB[K       error occurred.[m
[7m Manual page grep(1) line 409 (press h for help or q to quit)[27m[K[K [KESCESC[KOO[KBB[K[m
[7m Manual page grep(1) line 410 (press h for help or q to quit)[27m[K[K [KESCESC[KOO[KBB[K[1mCOPYRIGHT[0m[m
[7m Manual page grep(1) line 411 (press h for help or q to quit)[27m[K[K [KESCESC[KOO[KBB[K       Copyright 1998‚Äì2000, 2002, 2005‚Äì2018 Free Software Foundation, Inc.[m
[7m Manual page grep(1) line 412 (press h for help or q to quit)[27m[K[K [KESCESC[KOO[KBB[K[m
[7m Manual page grep(1) line 413 (press h for help or q to quit)[27m[K[K [KESCESC[KOO[KBB[K       This is free software;  see  the  source  for  copying  conditions.   There  is  NO  warranty;  not  even  for[m
[7m Manual page grep(1) line 414 (press h for help or q to quit)[27m[K[K [KESCESC[KOO[KBB[K       MERCHANTABILITY or FITNESS FOR A PARTICULAR PURPOSE.[m
[7m Manual page grep(1) line 415 (press h for help or q to quit)[27m[K[K [KESCESC[KOO[KBB[K[m
[7m Manual page grep(1) line 416 (press h for help or q to quit)[27m[K[K [KESCESC[KOO[KBB[K[1mBUGS[0m[m
[7m Manual page grep(1) line 417 (press h for help or q to quit)[27m[K[K [KESCESC[KOO[KBB[K   [1mReporting[0m [1mBugs[0m[m
[7m Manual page grep(1) line 418 (press h for help or q to quit)[27m[K[K [KESCESC[KOO[KBB[K       Email    bug    reports    to    the    bug-reporting    address   ‚ü®bug-grep@gnu.org‚ü©.    An   email   archive[m
[7m Manual page grep(1) line 419 (press h for help or q to quit)[27m[K[K [KESCESC[KOO[KBB[K       ‚ü®https://lists.gnu.org/mailman/listinfo/bug-grep‚ü©           and            a            bug            tracker[m
[7m Manual page grep(1) line 420 (press h for help or q to quit)[27m[K[K [KESCESC[KOO[KBB[K       ‚ü®https://debbugs.gnu.org/cgi/pkgreport.cgi?package=grep‚ü© are available.[m
[7m Manual page grep(1) line 421 (press h for help or q to quit)[27m[K[K [KESCESC[KOO[KBB[K[m
[7m Manual page grep(1) line 422 (press h for help or q to quit)[27m[K[K [KESCESC[KOO[KBB[K   [1mKnown[0m [1mBugs[0m[m
[7m Manual page grep(1) line 423 (press h for help or q to quit)[27m[K[K [KESCESC[KOO[KBB[K       Large  repetition  counts  in  the [1m{[0m[4mn[24m[1m,[0m[4mm[24m[1m}[0m construct may cause [1mgrep[0m to use lots of memory.  In addition, certain[m
[7m Manual page grep(1) line 424 (press h for help or q to quit)[27m[K[K [KESCESC[KOO[KBB[K       other obscure regular expressions require exponential time and space, and may cause [1mgrep[0m to run out of memory.[m
[7m Manual page grep(1) line 425 (press h for help or q to quit)[27m[K[K [KESCESC[KOO[KBB[K[m
[7m Manual page grep(1) line 426 (press h for help or q to quit)[27m[K[K [KESCESC[KOO[KBB[K       Back-references are very slow, and may require exponential time.[m
[7m Manual page grep(1) line 427 (press h for help or q to quit)[27m[K[K [KESCESC[KOO[KBB[K[m
[7m Manual page grep(1) line 428 (press h for help or q to quit)[27m[K[K [KESCESC[KOO[KBB[K[1mSEE[0m [1mALSO[0m[m
[7m Manual page grep(1) line 429 (press h for help or q to quit)[27m[K[K [KESCESC[KOO[KBB[K   [1mRegular[0m [1mManual[0m [1mPages[0m[m
[7m Manual page grep(1) line 430 (press h for help or q to quit)[27m[K[K [KESCESC[KOO[KBB[K       awk(1), cmp(1), diff(1), find(1), gzip(1), perl(1), sed(1), sort(1),  xargs(1),  zgrep(1),  read(2),  pcre(3),[m
[7m Manual page grep(1) line 431 (press h for help or q to quit)[27m[K[K [KESCESC[KOO[KBB[K       pcresyntax(3), pcrepattern(3), terminfo(5), glob(7), regex(7).[m
[7m Manual page grep(1) line 432 (press h for help or q to quit)[27m[K[K [KESCESC[KOO[KBB[K[m
[7m Manual page grep(1) line 433 (press h for help or q to quit)[27m[K[K [KESCESC[KOO[KBB[K   [1mPOSIX[0m [1mProgrammer's[0m [1mManual[0m [1mPage[0m[m
[7m Manual page grep(1) line 434 (press h for help or q to quit)[27m[K[K [KESCESC[KOO[KBB[K       grep(1p).[m
[7m Manual page grep(1) line 435 (press h for help or q to quit)[27m[K[K [KESCESC[KOO[KBB[K[m
[7m Manual page grep(1) line 436 (press h for help or q to quit)[27m[K[K [KESCESC[KOO[KBB[K   [1mFull[0m [1mDocumentation[0m[m
[7m Manual page grep(1) line 437 (press h for help or q to quit)[27m[K[K [KESCESC[KOO[KBB[K       A complete manual ‚ü®https://www.gnu.org/software/grep/manual/‚ü© is available.  If the [1minfo[0m and [1mgrep[0m programs are[m
[7m Manual page grep(1) line 438 (press h for help or q to quit)[27m[K[K [KESCESC[KOO[KBB[K       properly installed at your site, the command[m
[7m Manual page grep(1) line 439 (press h for help or q to quit)[27m[K[K [KESCESC[KOO[KBB[K[m
[7m Manual page grep(1) line 440 (press h for help or q to quit)[27m[K[K [KESCESC[KOO[KBB[K              [1minfo[0m [1mgrep[0m[m
[7m Manual page grep(1) line 441 (press h for help or q to quit)[27m[K[K [KESCESC[KOO[KBB[K[m
[7m Manual page grep(1) line 442 (press h for help or q to quit)[27m[K[K [KESCESC[KOO[KBB[K       should give you access to the complete manual.[m
[7m Manual page grep(1) line 443 (press h for help or q to quit)[27m[K[K [KESCESC[KOO[KBB[K[m
[7m Manual page grep(1) line 444 (press h for help or q to quit)[27m[K[K [KESCESC[KOO[KBB[K[1mNOTES[0m[m
[7m Manual page grep(1) line 445 (press h for help or q to quit)[27m[K[K [KESCESC[KOO[KBB[K       This man page is maintained only fitfully; the full documentation is often more up-to-date.[m
[7m Manual page grep(1) line 446 (press h for help or q to quit)[27m[K[K [KESCESC[KOO[KBB[K[m
[7m Manual page grep(1) line 447 (press h for help or q to quit)[27m[K[K [KESCESC[KOO[KBB[KGNU grep 3.3                                          2018-05-11                                              GREP(1)[m
[7m Manual page grep(1) line 448 (press h for help or q to quit)[27m[K[K [KESCESC[KOO[KBB[K[K[7m Manual page grep(1) line 448/496 (END) (press h for help or q to quit)[27m[K[K [KESCESC[KOO[KBB[K[K[7m Manual page grep(1) line 448/496 (END) (press h for help or q to quit)[27m[K[K [KESCESC[KOO[KBB[K[K[7m Manual page grep(1) line 448/496 (END) (press h for help or q to quit)[27m[K[K [KESCESC[KOO[KBB[K[K[7m Manual page grep(1) line 448/496 (END) (press h for help or q to quit)[27m[K[K [KESCESC[KOO[KBB[K[K[7m Manual page grep(1) line 448/496 (END) (press h for help or q to quit)[27m[K[K [KESCESC[KOO[KBB[K[K[7m Manual page grep(1) line 448/496 (END) (press h for help or q to quit)[27m[K[K [KESCESC[KOO[KBB[K[K[7m Manual page grep(1) line 448/496 (END) (press h for help or q to quit)[27m[K[K [KESCESC[KOO[KBB[K[K[7m Manual page grep(1) line 448/496 (END) (press h for help or q to quit)[27m[K[K [KESCESC[KOO[KBB[K[K[7m Manual page grep(1) line 448/496 (END) (press h for help or q to quit)[27m[K[K [KESCESC[KOO[KBB[K[K[7m Manual page grep(1) line 448/496 (END) (press h for help or q to quit)[27m[K[K [KESCESC[KOO[KBB[K[K[7m Manual page grep(1) line 448/496 (END) (press h for help or q to quit)[27m[K[K [KESCESC[KOO[KBB[K[K[7m Manual page grep(1) line 448/496 (END) (press h for help or q to quit)[27m[K[K [KESCESC[KOO[KBB[K[K[7m Manual page grep(1) line 448/496 (END) (press h for help or q to quit)[27m[K[K [KESCESC[KOO[KBB[K[K[7m Manual page grep(1) line 448/496 (END) (press h for help or q to quit)[27m[K[K [KESCESC[KOO[KBB[K[K[7m Manual page grep(1) line 448/496 (END) (press h for help or q to quit)[27m[K[K [KESCESC[KOO[KBB[K[K[7m Manual page grep(1) line 448/496 (END) (press h for help or q to quit)[27m[K[K [KESCESC[KOO[KBB[K[K[7m Manual page grep(1) line 448/496 (END) (press h for help or q to quit)[27m[K[K[?1l>[?1049l[23;0;0testern7@remote07:~/i220a/submit/lab8/exercises/1-quote-files$ ls -l | grap \'
bash: grap: command not found
estern7@remote07:~/i220a/submit/lab8/exercises/1-quote-files$ ls -l | grap \'[1P[1@e
-rw-r----- 1 estern7 estern7 0 Oct 21 18:51 '12
-rw-r----- 1 estern7 estern7 0 Oct 21 18:51 a'b
estern7@remote07:~/i220a/submit/lab8/exercises/1-quote-files$ ls -l | grep \'*
-rw-r----- 1 estern7 estern7 0 Oct 21 18:51 '12
estern7@remote07:~/i220a/submit/lab8/exercises/1-quote-files$ clear
[H[2J[3Jestern7@remote07:~/i220a/submit/lab8/exercises/1-quote-files$ clearls -l | grep \'*[1P*\*
-rw-r----- 1 estern7 estern7 0 Oct 21 18:51 \\ab
estern7@remote07:~/i220a/submit/lab8/exercises/1-quote-files$ ls -l ??.*
ls: cannot access '??.*': No such file or directory
estern7@remote07:~/i220a/submit/lab8/exercises/1-quote-files$ ls -l ??.*[K[K*
-rw-r----- 1 estern7 estern7 0 Oct 21 18:51 '**'
-rw-r----- 1 estern7 estern7 0 Oct 21 18:51 '1$2'
-rw-r----- 1 estern7 estern7 0 Oct 21 18:51 "'12"
-rw-r----- 1 estern7 estern7 0 Oct 21 18:51 '1"2'
-rw-r----- 1 estern7 estern7 0 Oct 21 18:51 'a$b'
-rw-r----- 1 estern7 estern7 0 Oct 21 18:51 '\\ab'
-rw-r----- 1 estern7 estern7 0 Oct 21 18:51 'a"b'
-rw-r----- 1 estern7 estern7 0 Oct 21 18:51 "a'b"
estern7@remote07:~/i220a/submit/lab8/exercises/1-quote-files$ ls -l ??*[K
-rw-r----- 1 estern7 estern7 0 Oct 21 18:51 '**'
estern7@remote07:~/i220a/submit/lab8/exercises/1-quote-files$ clear
[H[2J[3Jestern7@remote07:~/i220a/submit/lab8/exercises/1-quote-files$ ls -l\
> 
total 0
-rw-r----- 1 estern7 estern7 0 Oct 21 18:51 '**'
-rw-r----- 1 estern7 estern7 0 Oct 21 18:51 '1$2'
-rw-r----- 1 estern7 estern7 0 Oct 21 18:51 "'12"
-rw-r----- 1 estern7 estern7 0 Oct 21 18:51 '1"2'
-rw-r----- 1 estern7 estern7 0 Oct 21 18:51 'a$b'
-rw-r----- 1 estern7 estern7 0 Oct 21 18:51 '\\ab'
-rw-r----- 1 estern7 estern7 0 Oct 21 18:51 'a"b'
-rw-r----- 1 estern7 estern7 0 Oct 21 18:51 "a'b"
-rw-r----- 1 estern7 estern7 0 Oct 21 18:51  -l
estern7@remote07:~/i220a/submit/lab8/exercises/1-quote-files$ clear
[H[2J[3Jestern7@remote07:~/i220a/submit/lab8/exercises/1-quote-files$ clearls -l\-l\[C[C[K ??
-rw-r----- 1 estern7 estern7 0 Oct 21 18:51 **
estern7@remote07:~/i220a/submit/lab8/exercises/1-quote-files$ ls --l ??[1P[C- ??- ??[1@ [C[C[1P??
ls: unrecognized option '--??'
Try 'ls --help' for more information.
estern7@remote07:~/i220a/submit/lab8/exercises/1-quote-files$ ls -l --??[1P-l ??l --??[Kls -l --??[1P-l ??
-rw-r----- 1 estern7 estern7 0 Oct 21 18:51 **
estern7@remote07:~/i220a/submit/lab8/exercises/1-quote-files$ ma ,[K[Kn ls
[?1049h[22;0;0t[?1h=LS(1)                                               User Commands                                               LS(1)[m
[m
[1mNAME[0m[m
       ls - list directory contents[m
[m
[1mSYNOPSIS[0m[m
       [1mls[0m [[4mOPTION[24m]... [[4mFILE[24m]...[m
[m
[1mDESCRIPTION[0m[m
       List  information  about the FILEs (the current directory by default).  Sort entries alphabetically if none of[m
       [1m-cftuvSUX[0m nor [1m--sort[0m is specified.[m
[m
       Mandatory arguments to long options are mandatory for short options too.[m
[m
       [1m-a[0m, [1m--all[0m[m
              do not ignore entries starting with .[m
[m
       [1m-A[0m, [1m--almost-all[0m[m
              do not list implied . and ..[m
[m
       [1m--author[0m[m
              with [1m-l[0m, print the author of each file[m
[m
       [1m-b[0m, [1m--escape[0m[m
              print C-style escapes for nongraphic characters[m
[m
       [1m--block-size[0m=[4mSIZE[24m[m
              with [1m-l[0m, scale sizes by SIZE when printing them; e.g., '--block-size=M'; see SIZE format below[m
[m
       [1m-B[0m, [1m--ignore-backups[0m[m
              do not list implied entries ending with ~[m
[m
       [1m-c[0m     with [1m-lt[0m: sort by, and show, ctime (time of last modification of file  status  information);  with  [1m-l[0m:[m
              show ctime and sort by name; otherwise: sort by ctime, newest first[m
[m
       [1m-C[0m     list entries by columns[m
[m
       [1m--color[0m[=[4mWHEN[24m][m
              colorize the output; WHEN can be 'always' (default if omitted), 'auto', or 'never'; more info below[m
[m
       [1m-d[0m, [1m--directory[0m[m
              list directories themselves, not their contents[m
[m
       [1m-D[0m, [1m--dired[0m[m
              generate output designed for Emacs' dired mode[m
[m
       [1m-f[0m     do not sort, enable [1m-aU[0m, disable [1m-ls[0m [1m--color[0m[m
[m
       [1m-F[0m, [1m--classify[0m[m
[7m Manual page ls(1) line 1 (press h for help or q to quit)[27m[K[K [KESCESC[KOO[KDD[H[2J[H[H[2J[HLS(1)                                               User Commands                                               LS(1)[m
[m
[1mNAME[0m[m
       ls - list directory contents[m
[m
[1mSYNOPSIS[0m[m
       [1mls[0m [[4mOPTION[24m]... [[4mFILE[24m]...[m
[m
[1mDESCRIPTION[0m[m
       List  information  about the FILEs (the current directory by default).  Sort entries alphabetically if none of[m
       [1m-cftuvSUX[0m nor [1m--sort[0m is specified.[m
[m
       Mandatory arguments to long options are mandatory for short options too.[m
[m
       [1m-a[0m, [1m--all[0m[m
              do not ignore entries starting with .[m
[m
       [1m-A[0m, [1m--almost-all[0m[m
              do not list implied . and ..[m
[m
       [1m--author[0m[m
              with [1m-l[0m, print the author of each file[m
[m
       [1m-b[0m, [1m--escape[0m[m
              print C-style escapes for nongraphic characters[m
[m
       [1m--block-size[0m=[4mSIZE[24m[m
              with [1m-l[0m, scale sizes by SIZE when printing them; e.g., '--block-size=M'; see SIZE format below[m
[m
       [1m-B[0m, [1m--ignore-backups[0m[m
              do not list implied entries ending with ~[m
[m
       [1m-c[0m     with [1m-lt[0m: sort by, and show, ctime (time of last modification of file  status  information);  with  [1m-l[0m:[m
              show ctime and sort by name; otherwise: sort by ctime, newest first[m
[m
       [1m-C[0m     list entries by columns[m
[m
       [1m--color[0m[=[4mWHEN[24m][m
              colorize the output; WHEN can be 'always' (default if omitted), 'auto', or 'never'; more info below[m
[m
       [1m-d[0m, [1m--directory[0m[m
              list directories themselves, not their contents[m
[m
       [1m-D[0m, [1m--dired[0m[m
              generate output designed for Emacs' dired mode[m
[m
       [1m-f[0m     do not sort, enable [1m-aU[0m, disable [1m-ls[0m [1m--color[0m[m
[m
       [1m-F[0m, [1m--classify[0m[m
[7m Manual page ls(1) line 1 (press h for help or q to quit)[27m[K[K [KESCESC[KOO[KBB[K              append indicator (one of */=>@|) to entries[m
[7m Manual page ls(1) line 2 (press h for help or q to quit)[27m[K[K [KESCESC[KOO[KBB[K[m
[7m Manual page ls(1) line 3 (press h for help or q to quit)[27m[K[K [KESCESC[KOO[KBB[K       [1m--file-type[0m[m
[7m Manual page ls(1) line 4 (press h for help or q to quit)[27m[K[K [KESCESC[KOO[KBB[K              likewise, except do not append '*'[m
[7m Manual page ls(1) line 5 (press h for help or q to quit)[27m[K[K [KESCESC[KOO[KBB[K[m
[7m Manual page ls(1) line 6 (press h for help or q to quit)[27m[K[K [KESCESC[KOO[KBB[K       [1m--format[0m=[4mWORD[24m[m
[7m Manual page ls(1) line 7 (press h for help or q to quit)[27m[K[K [KESCESC[KOO[KBB[K              across [1m-x[0m, commas [1m-m[0m, horizontal [1m-x[0m, long [1m-l[0m, single-column [1m-1[0m, verbose [1m-l[0m, vertical [1m-C[0m[m
[7m Manual page ls(1) line 8 (press h for help or q to quit)[27m[K[K [KESCESC[KOO[KBB[K[m
[7m Manual page ls(1) line 9 (press h for help or q to quit)[27m[K[K [KESCESC[KOO[KBB[K       [1m--full-time[0m[m
[7m Manual page ls(1) line 10 (press h for help or q to quit)[27m[K[K [KESCESC[KOO[KBB[K              like [1m-l[0m [1m--time-style[0m=[4mfull-iso[24m[m
[7m Manual page ls(1) line 11 (press h for help or q to quit)[27m[K[K [KESCESC[KOO[KBB[K[m
[7m Manual page ls(1) line 12 (press h for help or q to quit)[27m[K[K [KESCESC[KOO[KBB[K       [1m-g[0m     like [1m-l[0m, but do not list owner[m
[7m Manual page ls(1) line 13 (press h for help or q to quit)[27m[K[K [KESCESC[KOO[KBB[K[m
[7m Manual page ls(1) line 14 (press h for help or q to quit)[27m[K[K [KESCESC[KOO[KBB[K       [1m--group-directories-first[0m[m
[7m Manual page ls(1) line 15 (press h for help or q to quit)[27m[K[K [KESCESC[KOO[KBB[K              group directories before files;[m
[7m Manual page ls(1) line 16 (press h for help or q to quit)[27m[K[K [KESCESC[KOO[KBB[K[m
[7m Manual page ls(1) line 17 (press h for help or q to quit)[27m[K[K [KESCESC[KOO[KBB[K              can be augmented with a [1m--sort[0m option, but any use of [1m--sort[0m=[4mnone[24m ([1m-U[0m) disables grouping[m
[7m Manual page ls(1) line 18 (press h for help or q to quit)[27m[K[K [KESCESC[KOO[KBB[K[m
[7m Manual page ls(1) line 19 (press h for help or q to quit)[27m[K[K [KESCESC[KOO[KBB[K       [1m-G[0m, [1m--no-group[0m[m
[7m Manual page ls(1) line 20 (press h for help or q to quit)[27m[K[K [KESCESC[KOO[KBB[K              in a long listing, don't print group names[m
[7m Manual page ls(1) line 21 (press h for help or q to quit)[27m[K[K [KESCESC[KOO[KBB[K[m
[7m Manual page ls(1) line 22 (press h for help or q to quit)[27m[K[K [KESCESC[KOO[KBB[K       [1m-h[0m, [1m--human-readable[0m[m
[7m Manual page ls(1) line 23 (press h for help or q to quit)[27m[K[K [KESCESC[KOO[KBB[K              with [1m-l[0m and [1m-s[0m, print sizes like 1K 234M 2G etc.[m
[7m Manual page ls(1) line 24 (press h for help or q to quit)[27m[K[K [KESCESC[KOO[KBB[K[m
[7m Manual page ls(1) line 25 (press h for help or q to quit)[27m[K[K [KESCESC[KOO[KBB[K       [1m--si[0m   likewise, but use powers of 1000 not 1024[m
[7m Manual page ls(1) line 26 (press h for help or q to quit)[27m[K[K [KESCESC[KOO[KBB[K[m
[7m Manual page ls(1) line 27 (press h for help or q to quit)[27m[K[K [KESCESC[KOO[KBB[K       [1m-H[0m, [1m--dereference-command-line[0m[m
[7m Manual page ls(1) line 28 (press h for help or q to quit)[27m[K[K [KESCESC[KOO[KBB[K              follow symbolic links listed on the command line[m
[7m Manual page ls(1) line 29 (press h for help or q to quit)[27m[K[K [KESCESC[KOO[KBB[K[m
[7m Manual page ls(1) line 30 (press h for help or q to quit)[27m[K[K [KESCESC[KOO[KBB[K       [1m--dereference-command-line-symlink-to-dir[0m[m
[7m Manual page ls(1) line 31 (press h for help or q to quit)[27m[K[K [KESCESC[KOO[KBB[K              follow each command line symbolic link[m
[7m Manual page ls(1) line 32 (press h for help or q to quit)[27m[K[K [KESCESC[KOO[KBB[K[m
[7m Manual page ls(1) line 33 (press h for help or q to quit)[27m[K[K [KESCESC[KOO[KBB[K              that points to a directory[m
[7m Manual page ls(1) line 34 (press h for help or q to quit)[27m[K[K [KESCESC[KOO[KBB[K[m
[7m Manual page ls(1) line 35 (press h for help or q to quit)[27m[K[K [KESCESC[KOO[KBB[K       [1m--hide[0m=[4mPATTERN[24m[m
[7m Manual page ls(1) line 36 (press h for help or q to quit)[27m[K[K [KESCESC[KOO[KBB[K              do not list implied entries matching shell PATTERN (overridden by [1m-a[0m or [1m-A[0m)[m
[7m Manual page ls(1) line 37 (press h for help or q to quit)[27m[K[K [KESCESC[KOO[KBB[K[m
[7m Manual page ls(1) line 38 (press h for help or q to quit)[27m[K[K [KESCESC[KOO[KBB[K       [1m--hyperlink[0m[=[4mWHEN[24m][m
[7m Manual page ls(1) line 39 (press h for help or q to quit)[27m[K[K [KESCESC[KOO[KBB[K              hyperlink file names; WHEN can be 'always' (default if omitted), 'auto', or 'never'[m
[7m Manual page ls(1) line 40 (press h for help or q to quit)[27m[K[K [KESCESC[KOO[KBB[K[m
[7m Manual page ls(1) line 41 (press h for help or q to quit)[27m[K[K [KESCESC[KOO[KBB[K       [1m--indicator-style[0m=[4mWORD[24m[m
[7m Manual page ls(1) line 42 (press h for help or q to quit)[27m[K[K [KESCESC[KOO[KBB[K              append  indicator  with style WORD to entry names: none (default), slash ([1m-p[0m), file-type ([1m--file-type[0m),[m
[7m Manual page ls(1) line 43 (press h for help or q to quit)[27m[K[K [KESCESC[KOO[KBB[K              classify ([1m-F[0m)[m
[7m Manual page ls(1) line 44 (press h for help or q to quit)[27m[K[K [KESCESC[KOO[KBB[K[m
[7m Manual page ls(1) line 45 (press h for help or q to quit)[27m[K[K [KESCESC[KOO[KBB[K       [1m-i[0m, [1m--inode[0m[m
[7m Manual page ls(1) line 46 (press h for help or q to quit)[27m[K[K [KESCESC[KOO[KBB[K              print the index number of each file[m
[7m Manual page ls(1) line 47 (press h for help or q to quit)[27m[K[K [KESCESC[KOO[KBB[K[m
[7m Manual page ls(1) line 48 (press h for help or q to quit)[27m[K[K [KESCESC[KOO[KBB[K       [1m-I[0m, [1m--ignore[0m=[4mPATTERN[24m[m
[7m Manual page ls(1) line 49 (press h for help or q to quit)[27m[K[K [KESCESC[KOO[KBB[K              do not list implied entries matching shell PATTERN[m
[7m Manual page ls(1) line 50 (press h for help or q to quit)[27m[K[K [KESCESC[KOO[KBB[K[m
[7m Manual page ls(1) line 51 (press h for help or q to quit)[27m[K[K [KESCESC[KOO[KBB[K       [1m-k[0m, [1m--kibibytes[0m[m
[7m Manual page ls(1) line 52 (press h for help or q to quit)[27m[K[K [KESCESC[KOO[KBB[K              default to 1024-byte blocks for disk usage; used only with [1m-s[0m and per directory totals[m
[7m Manual page ls(1) line 53 (press h for help or q to quit)[27m[K[K [KESCESC[KOO[KBB[K[m
[7m Manual page ls(1) line 54 (press h for help or q to quit)[27m[K[K [KESCESC[KOO[KBB[K       [1m-l[0m     use a long listing format[m
[7m Manual page ls(1) line 55 (press h for help or q to quit)[27m[K[K [KESCESC[KOO[KBB[K[m
[7m Manual page ls(1) line 56 (press h for help or q to quit)[27m[K[K [KESCESC[KOO[KBB[K       [1m-L[0m, [1m--dereference[0m[m
[7m Manual page ls(1) line 57 (press h for help or q to quit)[27m[K[K [KESCESC[KOO[KBB[K              when showing file information for a symbolic link, show information for the file  the  link  references[m
[7m Manual page ls(1) line 58 (press h for help or q to quit)[27m[K[K [KESCESC[KOO[KBB[K              rather than for the link itself[m
[7m Manual page ls(1) line 59 (press h for help or q to quit)[27m[K[K [KESCESC[KOO[KBB[K[m
[7m Manual page ls(1) line 60 (press h for help or q to quit)[27m[K[K [KESCESC[KOO[KBB[K       [1m-m[0m     fill width with a comma separated list of entries[m
[7m Manual page ls(1) line 61 (press h for help or q to quit)[27m[K[K [KESCESC[KOO[KBB[K[m
[7m Manual page ls(1) line 62 (press h for help or q to quit)[27m[K[K [KESCESC[KOO[KBB[K       [1m-n[0m, [1m--numeric-uid-gid[0m[m
[7m Manual page ls(1) line 63 (press h for help or q to quit)[27m[K[K [KESCESC[KOO[KBB[K              like [1m-l[0m, but list numeric user and group IDs[m
[7m Manual page ls(1) line 64 (press h for help or q to quit)[27m[K[K [KESCESC[KOO[KBB[K[m
[7m Manual page ls(1) line 65 (press h for help or q to quit)[27m[K[K [KESCESC[KOO[KBB[K       [1m-N[0m, [1m--literal[0m[m
[7m Manual page ls(1) line 66 (press h for help or q to quit)[27m[K[K [KESCESC[KOO[KBB[K              print entry names without quoting[m
[7m Manual page ls(1) line 67 (press h for help or q to quit)[27m[K[K [KESCESC[KOO[KBB[K[m
[7m Manual page ls(1) line 68 (press h for help or q to quit)[27m[K[K [KESCESC[KOO[KBB[K       [1m-o[0m     like [1m-l[0m, but do not list group information[m
[7m Manual page ls(1) line 69 (press h for help or q to quit)[27m[K[K [KESCESC[KOO[KBB[K[m
[7m Manual page ls(1) line 70 (press h for help or q to quit)[27m[K[K [KESCESC[KOO[KBB[K       [1m-p[0m, [1m--indicator-style[0m=[4mslash[24m[m
[7m Manual page ls(1) line 71 (press h for help or q to quit)[27m[K[K [KESCESC[KOO[KBB[K              append / indicator to directories[m
[7m Manual page ls(1) line 72 (press h for help or q to quit)[27m[K[K [KESCESC[KOO[KBB[K[m
[7m Manual page ls(1) line 73 (press h for help or q to quit)[27m[K[K [KESCESC[KOO[KBB[K       [1m-q[0m, [1m--hide-control-chars[0m[m
[7m Manual page ls(1) line 74 (press h for help or q to quit)[27m[K[K [KESCESC[KOO[KBB[K              print ? instead of nongraphic characters[m
[7m Manual page ls(1) line 75 (press h for help or q to quit)[27m[K[K [KESCESC[KOO[KBB[K[m
[7m Manual page ls(1) line 76 (press h for help or q to quit)[27m[K[K [KESCESC[KOO[KBB[K       [1m--show-control-chars[0m[m
[7m Manual page ls(1) line 77 (press h for help or q to quit)[27m[K[K [KESCESC[KOO[KBB[K              show nongraphic characters as-is (the default, unless program is 'ls' and output is a terminal)[m
[7m Manual page ls(1) line 78 (press h for help or q to quit)[27m[K[K [KESCESC[KOO[KBB[K[m
[7m Manual page ls(1) line 79 (press h for help or q to quit)[27m[K[K [KESCESC[KOO[KBB[K       [1m-Q[0m, [1m--quote-name[0m[m
[7m Manual page ls(1) line 80 (press h for help or q to quit)[27m[K[K [KESCESC[KOO[KBB[K              enclose entry names in double quotes[m
[7m Manual page ls(1) line 81 (press h for help or q to quit)[27m[K[K [KESCESC[KOO[KBB[K[m
[7m Manual page ls(1) line 82 (press h for help or q to quit)[27m[K[K [KESCESC[KOO[KBB[K       [1m--quoting-style[0m=[4mWORD[24m[m
[7m Manual page ls(1) line 83 (press h for help or q to quit)[27m[K[K [KESCESC[KOO[KBB[K              use  quoting  style WORD for entry names: literal, locale, shell, shell-always, shell-escape, shell-es‚Äê[m
[7m Manual page ls(1) line 84 (press h for help or q to quit)[27m[K[K [KESCESC[KOO[KBB[K              cape-always, c, escape (overrides QUOTING_STYLE environment variable)[m
[7m Manual page ls(1) line 85 (press h for help or q to quit)[27m[K[K [KESCESC[KOO[KBB[K[m
[7m Manual page ls(1) line 86 (press h for help or q to quit)[27m[K[K [KESCESC[KOO[KBB[K       [1m-r[0m, [1m--reverse[0m[m
[7m Manual page ls(1) line 87 (press h for help or q to quit)[27m[K[K [KESCESC[KOO[KBB[K              reverse order while sorting[m
[7m Manual page ls(1) line 88 (press h for help or q to quit)[27m[K[K [KESCESC[KOO[KBB[K[m
[7m Manual page ls(1) line 89 (press h for help or q to quit)[27m[K[K [KESCESC[KOO[KBB[K       [1m-R[0m, [1m--recursive[0m[m
[7m Manual page ls(1) line 90 (press h for help or q to quit)[27m[K[K [KESCESC[KOO[KBB[K              list subdirectories recursively[m
[7m Manual page ls(1) line 91 (press h for help or q to quit)[27m[K[K [KESCESC[KOO[KBB[K[m
[7m Manual page ls(1) line 92 (press h for help or q to quit)[27m[K[K [KESCESC[KOO[KBB[K       [1m-s[0m, [1m--size[0m[m
[7m Manual page ls(1) line 93 (press h for help or q to quit)[27m[K[K [KESCESC[KOO[KBB[K              print the allocated size of each file, in blocks[m
[7m Manual page ls(1) line 94 (press h for help or q to quit)[27m[K[K [KESCESC[KOO[KBB[K[m
[7m Manual page ls(1) line 95 (press h for help or q to quit)[27m[K[K [KESCESC[KOO[KBB[K       [1m-S[0m     sort by file size, largest first[m
[7m Manual page ls(1) line 96 (press h for help or q to quit)[27m[K[K [KESCESC[KOO[KBB[K[m
[7m Manual page ls(1) line 97 (press h for help or q to quit)[27m[K[K [KESCESC[KOO[KBB[K       [1m--sort[0m=[4mWORD[24m[m
[7m Manual page ls(1) line 98 (press h for help or q to quit)[27m[K[K [KESCESC[KOO[KBB[K              sort by WORD instead of name: none ([1m-U[0m), size ([1m-S[0m), time ([1m-t[0m), version ([1m-v[0m), extension ([1m-X[0m)[m
[7m Manual page ls(1) line 99 (press h for help or q to quit)[27m[K[K [KESCESC[KOO[KBB[K[m
[7m Manual page ls(1) line 100 (press h for help or q to quit)[27m[K[K [KESCESC[KOO[KBB[K       [1m--time[0m=[4mWORD[24m[m
[7m Manual page ls(1) line 101 (press h for help or q to quit)[27m[K[K [KESCESC[KOO[KBB[K              with [1m-l[0m, show time as WORD instead of default modification time: atime or access or use ([1m-u[0m); ctime  or[m
[7m Manual page ls(1) line 102 (press h for help or q to quit)[27m[K[K [KESCESC[KOO[KBB[K              status ([1m-c[0m); also use specified time as sort key if [1m--sort[0m=[4mtime[24m (newest first)[m
[7m Manual page ls(1) line 103 (press h for help or q to quit)[27m[K[K [KESCESC[KOO[KBB[K[m
[7m Manual page ls(1) line 104 (press h for help or q to quit)[27m[K[K [KESCESC[KOO[KBB[K       [1m--time-style[0m=[4mTIME_STYLE[24m[m
[7m Manual page ls(1) line 105 (press h for help or q to quit)[27m[K[K [KESCESC[KOO[KBB[K              time/date format with [1m-l[0m; see TIME_STYLE below[m
[7m Manual page ls(1) line 106 (press h for help or q to quit)[27m[K[K [KESCESC[KOO[KBB[K[m
[7m Manual page ls(1) line 107 (press h for help or q to quit)[27m[K[K [KESCESC[KOO[KBB[K       [1m-t[0m     sort by modification time, newest first[m
[7m Manual page ls(1) line 108 (press h for help or q to quit)[27m[K[K [KESCESC[KOO[KBB[K[m
[7m Manual page ls(1) line 109 (press h for help or q to quit)[27m[K[K [KESCESC[KOO[KBB[K       [1m-T[0m, [1m--tabsize[0m=[4mCOLS[24m[m
[7m Manual page ls(1) line 110 (press h for help or q to quit)[27m[K[K [KESCESC[KOO[KBB[K              assume tab stops at each COLS instead of 8[m
[7m Manual page ls(1) line 111 (press h for help or q to quit)[27m[K[K [KESCESC[KOO[KBB[K[m
[7m Manual page ls(1) line 112 (press h for help or q to quit)[27m[K[K [KESCESC[KOO[KBB[K       [1m-u[0m     with  [1m-lt[0m:  sort by, and show, access time; with [1m-l[0m: show access time and sort by name; otherwise: sort[m
[7m Manual page ls(1) line 113 (press h for help or q to quit)[27m[K[K [KESCESC[KOO[KBB[K              by access time, newest first[m
[7m Manual page ls(1) line 114 (press h for help or q to quit)[27m[K[K [KESCESC[KOO[KBB[K[m
[7m Manual page ls(1) line 115 (press h for help or q to quit)[27m[K[K [KESCESC[KOO[KBB[K       [1m-U[0m     do not sort; list entries in directory order[m
[7m Manual page ls(1) line 116 (press h for help or q to quit)[27m[K[K [KESCESC[KOO[KBB[K[m
[7m Manual page ls(1) line 117 (press h for help or q to quit)[27m[K[K [KESCESC[KOO[KBB[K       [1m-v[0m     natural sort of (version) numbers within text[m
[7m Manual page ls(1) line 118 (press h for help or q to quit)[27m[K[K [KESCESC[KOO[KBB[K[m
[7m Manual page ls(1) line 119 (press h for help or q to quit)[27m[K[K [KESCESC[KOO[KBB[K       [1m-w[0m, [1m--width[0m=[4mCOLS[24m[m
[7m Manual page ls(1) line 120 (press h for help or q to quit)[27m[K[K[?1l>[?1049l[23;0;0testern7@remote07:~/i220a/submit/lab8/exercises/1-quote-files$ man lsls --l ??[3Pman ls[Kls -l --
total 0
-rw-r----- 1 estern7 estern7 0 Oct 21 18:51 '**'
-rw-r----- 1 estern7 estern7 0 Oct 21 18:51 '1$2'
-rw-r----- 1 estern7 estern7 0 Oct 21 18:51 "'12"
-rw-r----- 1 estern7 estern7 0 Oct 21 18:51 '1"2'
-rw-r----- 1 estern7 estern7 0 Oct 21 18:51 'a$b'
-rw-r----- 1 estern7 estern7 0 Oct 21 18:51 '\\ab'
-rw-r----- 1 estern7 estern7 0 Oct 21 18:51 'a"b'
-rw-r----- 1 estern7 estern7 0 Oct 21 18:51 "a'b"
-rw-r----- 1 estern7 estern7 0 Oct 21 18:51  -l
estern7@remote07:~/i220a/submit/lab8/exercises/1-quote-files$ ls -l --[K[K--?
ls: unrecognized option '--?'
Try 'ls --help' for more information.
estern7@remote07:~/i220a/submit/lab8/exercises/1-quote-files$ ls -l --??
ls: unrecognized option '--??'
Try 'ls --help' for more information.
estern7@remote07:~/i220a/submit/lab8/exercises/1-quote-files$ ls -l --??[C[1P??[1P??[C[C[1@-
-rw-r----- 1 estern7 estern7 0 Oct 21 18:51 **
estern7@remote07:~/i220a/submit/lab8/exercises/1-quote-files$ ls --l ??[1P[C[1P ??- ??L ??
ls: unrecognized option '--L'
Try 'ls --help' for more information.
estern7@remote07:~/i220a/submit/lab8/exercises/1-quote-files$ ls --L ??[1P ??l ??
-rw-r----- 1 estern7 estern7 0 Oct 21 18:51 **
estern7@remote07:~/i220a/submit/lab8/exercises/1-quote-files$ ls --l ??*
-rw-r----- 1 estern7 estern7 0 Oct 21 18:51 **
-rw-r----- 1 estern7 estern7 0 Oct 21 18:51 1$2
-rw-r----- 1 estern7 estern7 0 Oct 21 18:51 '12
-rw-r----- 1 estern7 estern7 0 Oct 21 18:51 1"2
-rw-r----- 1 estern7 estern7 0 Oct 21 18:51 a$b
-rw-r----- 1 estern7 estern7 0 Oct 21 18:51 \\ab
-rw-r----- 1 estern7 estern7 0 Oct 21 18:51 a"b
-rw-r----- 1 estern7 estern7 0 Oct 21 18:51 a'b
estern7@remote07:~/i220a/submit/lab8/exercises/1-quote-files$ ls --l ??*[K
-rw-r----- 1 estern7 estern7 0 Oct 21 18:51 **
estern7@remote07:~/i220a/submit/lab8/exercises/1-quote-files$ clear
[H[2J[3Jestern7@remote07:~/i220a/submit/lab8/exercises/1-quote-files$ cd ~[K[K[K[Kexit

Script done on 2020-10-22 00:29:25-04:00 [COMMAND_EXIT_CODE="0"]
